c[?7l[2J[0mSeaBIOS (version 1.15.0-1)


iPXE (https://ipxe.org) 00:03.0 CA00 PCI2.10 PnP PMM+7FF8B340+7FECB340 CA00
Press Ctrl-B to configure iPXE (PCI 00:03.0)...                                                                               


Booting from ROM..c[?7l[2J[    0.000000] Linux version 6.1.72 (chanyoung@baymax) (gcc (Ubuntu 11.4.0-1ubuntu1~22.04.3) 11.4.0, GNU ld (GNU Binutils for Ubuntu) 2.38) #1 SMP PREEMPT_DYNAMIC Wed May 27 06:08:57 KST 2026
[    0.000000] Command line: console=ttyS0 panic=1 nokaslr oops=panic
[    0.000000] BIOS-provided physical RAM map:
[    0.000000] BIOS-e820: [mem 0x0000000000000000-0x000000000009fbff] usable
[    0.000000] BIOS-e820: [mem 0x000000000009fc00-0x000000000009ffff] reserved
[    0.000000] BIOS-e820: [mem 0x00000000000f0000-0x00000000000fffff] reserved
[    0.000000] BIOS-e820: [mem 0x0000000000100000-0x000000007ffdffff] usable
[    0.000000] BIOS-e820: [mem 0x000000007ffe0000-0x000000007fffffff] reserved
[    0.000000] BIOS-e820: [mem 0x00000000fffc0000-0x00000000ffffffff] reserved
[    0.000000] NX (Execute Disable) protection: active
[    0.000000] SMBIOS 2.8 present.
[    0.000000] DMI: QEMU Standard PC (i440FX + PIIX, 1996), BIOS 1.15.0-1 04/01/2014
[    0.000000] tsc: Fast TSC calibration using PIT
[    0.000000] tsc: Detected 2799.959 MHz processor
[    0.030584] last_pfn = 0x7ffe0 max_arch_pfn = 0x400000000
[    0.031857] x86/PAT: Configuration [0-7]: WB  WC  UC- UC  WB  WP  UC- WT  
[    0.047300] found SMP MP-table at [mem 0x000f5ba0-0x000f5baf]
[    0.057693] RAMDISK: [mem 0x7fe80000-0x7ffdffff]
[    0.058402] ACPI: Early table checksum verification disabled
[    0.058990] ACPI: RSDP 0x00000000000F59E0 000014 (v00 BOCHS )
[    0.059635] ACPI: RSDT 0x000000007FFE1960 000034 (v01 BOCHS  BXPC     00000001 BXPC 00000001)
[    0.060793] ACPI: FACP 0x000000007FFE180C 000074 (v01 BOCHS  BXPC     00000001 BXPC 00000001)
[    0.062335] ACPI: DSDT 0x000000007FFE0040 0017CC (v01 BOCHS  BXPC     00000001 BXPC 00000001)
[    0.062655] ACPI: FACS 0x000000007FFE0000 000040
[    0.062849] ACPI: APIC 0x000000007FFE1880 000080 (v01 BOCHS  BXPC     00000001 BXPC 00000001)
[    0.063007] ACPI: HPET 0x000000007FFE1900 000038 (v01 BOCHS  BXPC     00000001 BXPC 00000001)
[    0.063161] ACPI: WAET 0x000000007FFE1938 000028 (v01 BOCHS  BXPC     00000001 BXPC 00000001)
[    0.063393] ACPI: Reserving FACP table memory at [mem 0x7ffe180c-0x7ffe187f]
[    0.063465] ACPI: Reserving DSDT table memory at [mem 0x7ffe0040-0x7ffe180b]
[    0.063519] ACPI: Reserving FACS table memory at [mem 0x7ffe0000-0x7ffe003f]
[    0.063567] ACPI: Reserving APIC table memory at [mem 0x7ffe1880-0x7ffe18ff]
[    0.063614] ACPI: Reserving HPET table memory at [mem 0x7ffe1900-0x7ffe1937]
[    0.063661] ACPI: Reserving WAET table memory at [mem 0x7ffe1938-0x7ffe195f]
[    0.068680] No NUMA configuration found
[    0.068756] Faking a node at [mem 0x0000000000000000-0x000000007ffdffff]
[    0.069940] NODE_DATA(0) allocated [mem 0x7fe7c000-0x7fe7ffff]
[    0.072883] Zone ranges:
[    0.072950]   DMA      [mem 0x0000000000001000-0x0000000000ffffff]
[    0.073135]   DMA32    [mem 0x0000000001000000-0x000000007ffdffff]
[    0.073214]   Normal   empty
[    0.073278] Movable zone start for each node
[    0.073331] Early memory node ranges
[    0.073377]   node   0: [mem 0x0000000000001000-0x000000000009efff]
[    0.073611]   node   0: [mem 0x0000000000100000-0x000000007ffdffff]
[    0.073984] Initmem setup node 0 [mem 0x0000000000001000-0x000000007ffdffff]
[    0.075315] On node 0, zone DMA: 1 pages in unavailable ranges
[    0.076232] On node 0, zone DMA: 97 pages in unavailable ranges
[    0.160779] On node 0, zone DMA32: 32 pages in unavailable ranges
[    0.286071] kasan: KernelAddressSanitizer initialized
[    0.286723] ACPI: PM-Timer IO Port: 0x608
[    0.287792] ACPI: LAPIC_NMI (acpi_id[0xff] dfl dfl lint[0x1])
[    0.288786] IOAPIC[0]: apic_id 0, version 32, address 0xfec00000, GSI 0-23
[    0.289171] ACPI: INT_SRC_OVR (bus 0 bus_irq 0 global_irq 2 dfl dfl)
[    0.289756] ACPI: INT_SRC_OVR (bus 0 bus_irq 5 global_irq 5 high level)
[    0.289838] ACPI: INT_SRC_OVR (bus 0 bus_irq 9 global_irq 9 high level)
[    0.290033] ACPI: INT_SRC_OVR (bus 0 bus_irq 10 global_irq 10 high level)
[    0.290097] ACPI: INT_SRC_OVR (bus 0 bus_irq 11 global_irq 11 high level)
[    0.290591] ACPI: Using ACPI (MADT) for SMP configuration information
[    0.290788] ACPI: HPET id: 0x8086a201 base: 0xfed00000
[    0.291486] smpboot: Allowing 2 CPUs, 0 hotplug CPUs
[    0.293106] PM: hibernation: Registered nosave memory: [mem 0x00000000-0x00000fff]
[    0.293233] PM: hibernation: Registered nosave memory: [mem 0x0009f000-0x0009ffff]
[    0.293304] PM: hibernation: Registered nosave memory: [mem 0x000a0000-0x000effff]
[    0.293348] PM: hibernation: Registered nosave memory: [mem 0x000f0000-0x000fffff]
[    0.293553] [mem 0x80000000-0xfffbffff] available for PCI devices
[    0.293638] Booting paravirtualized kernel on bare hardware
[    0.294169] clocksource: refined-jiffies: mask: 0xffffffff max_cycles: 0xffffffff, max_idle_ns: 1910969940391419 ns
[    0.323366] setup_percpu: NR_CPUS:64 nr_cpumask_bits:2 nr_cpu_ids:2 nr_node_ids:1
[    0.326261] percpu: Embedded 67 pages/cpu s233824 r8192 d32416 u1048576
[    0.332442] Fallback order for Node 0: 0 
[    0.332922] Built 1 zonelists, mobility grouping on.  Total pages: 515808
[    0.333044] Policy zone: DMA32
[    0.333507] Kernel command line: console=ttyS0 panic=1 nokaslr oops=panic
[    0.335806] Unknown kernel command line parameters "nokaslr", will be passed to user space.
[    0.337388] Dentry cache hash table entries: 262144 (order: 9, 2097152 bytes, linear)
[    0.338110] Inode-cache hash table entries: 131072 (order: 8, 1048576 bytes, linear)
[    0.340713] mem auto-init: stack:off, heap alloc:off, heap free:off
[    0.344494] stackdepot hash table entries: 1048576 (order: 11, 8388608 bytes, linear)
[    0.495938] Memory: 1674604K/2096632K available (49166K kernel code, 13334K rwdata, 9780K rodata, 2184K init, 13400K bss, 421772K reserved, 0K cma-reserved)
[    0.496110] **********************************************************
[    0.496148] **   NOTICE NOTICE NOTICE NOTICE NOTICE NOTICE NOTICE   **
[    0.496176] **                                                      **
[    0.496202] ** This system shows unhashed kernel memory addresses   **
[    0.496224] ** via the console, logs, and other interfaces. This    **
[    0.496247] ** might reduce the security of your system.            **
[    0.496269] **                                                      **
[    0.496290] ** If you see this message and you are not debugging    **
[    0.496310] ** the kernel, report this immediately to your system   **
[    0.496331] ** administrator!                                       **
[    0.496353] **                                                      **
[    0.496374] **   NOTICE NOTICE NOTICE NOTICE NOTICE NOTICE NOTICE   **
[    0.496395] **********************************************************
[    0.504821] SLUB: HWalign=64, Order=0-3, MinObjects=0, CPUs=2, Nodes=1
[    0.534848] Dynamic Preempt: voluntary
[    0.543247] Running RCU self tests
[    0.544108] rcu: Preemptible hierarchical RCU implementation.
[    0.544158] rcu: 	RCU event tracing is enabled.
[    0.544197] rcu: 	RCU lockdep checking is enabled.
[    0.544246] rcu: 	RCU restricting CPUs from NR_CPUS=64 to nr_cpu_ids=2.
[    0.544411] 	Trampoline variant of Tasks RCU enabled.
[    0.544587] rcu: RCU calculated value of scheduler-enlistment delay is 100 jiffies.
[    0.544668] rcu: Adjusting geometry for rcu_fanout_leaf=16, nr_cpu_ids=2
[    0.686515] NR_IRQS: 4352, nr_irqs: 440, preallocated irqs: 16
[    0.695793] rcu: srcu_init: Setting srcu_struct sizes based on contention.
[    0.710370] Console: colour VGA+ 80x25
[    0.725299] printk: console [ttyS0] enabled
[    0.725518] Lock dependency validator: Copyright (c) 2006 Red Hat, Inc., Ingo Molnar
[    0.725706] ... MAX_LOCKDEP_SUBCLASSES:  8
[    0.725840] ... MAX_LOCK_DEPTH:          48
[    0.725971] ... MAX_LOCKDEP_KEYS:        8192
[    0.726114] ... CLASSHASH_SIZE:          4096
[    0.726248] ... MAX_LOCKDEP_ENTRIES:     32768
[    0.726386] ... MAX_LOCKDEP_CHAINS:      65536
[    0.726524] ... CHAINHASH_SIZE:          32768
[    0.726670]  memory used by lock dependency info: 6365 kB
[    0.726824]  memory used for stack traces: 4224 kB
[    0.726967]  per task-struct memory footprint: 1920 bytes
[    0.729166] ACPI: Core revision 20220331
[    0.741391] clocksource: hpet: mask: 0xffffffff max_cycles: 0xffffffff, max_idle_ns: 19112604467 ns
[    0.754096] APIC: Switch to symmetric I/O mode setup
[    0.764690] ..TIMER: vector=0x30 apic1=0 pin1=2 apic2=-1 pin2=-1
[    0.771103] tsc: Marking TSC unstable due to TSCs unsynchronized
[    0.772193] Calibrating delay loop (skipped), value calculated using timer frequency.. 5599.91 BogoMIPS (lpj=2799959)
[    0.779819] process: using AMD E400 aware idle routine
[    0.780249] Last level iTLB entries: 4KB 512, 2MB 255, 4MB 127
[    0.780426] Last level dTLB entries: 4KB 512, 2MB 255, 4MB 127, 1GB 0
[    0.781224] Spectre V1 : Mitigation: usercopy/swapgs barriers and __user pointer sanitization
[    0.781794] Spectre V2 : Mitigation: Retpolines
[    0.781975] Spectre V2 : Spectre v2 / SpectreRSB mitigation: Filling RSB on context switch
[    0.782171] Spectre V2 : Spectre v2 / SpectreRSB : Filling RSB on VMEXIT
[    0.786655] x86/fpu: x87 FPU will use FXSAVE
[    1.053591] Freeing SMP alternatives memory: 44K
[    1.054459] pid_max: default: 32768 minimum: 301
[    1.066066] LSM: Security Framework initializing
[    1.068917] SELinux:  Initializing.
[    1.080147] Mount-cache hash table entries: 4096 (order: 3, 32768 bytes, linear)
[    1.080574] Mountpoint-cache hash table entries: 4096 (order: 3, 32768 bytes, linear)
[    1.265507] smpboot: CPU0: AMD QEMU Virtual CPU version 2.5+ (family: 0xf, model: 0x6b, stepping: 0x1)
[    1.284250] cblist_init_generic: Setting adjustable number of callback queues.
[    1.284474] cblist_init_generic: Setting shift to 1 and lim to 1.
[    1.285886] Running RCU-tasks wait API self tests
[    1.412793] Performance Events: PMU not available due to virtualization, using software events only.
[    1.418101] signal: max sigframe size: 1440
[    1.423132] rcu: Hierarchical SRCU implementation.
[    1.423419] rcu: 	Max phase no-delay instances is 400.
[    1.459240] smp: Bringing up secondary CPUs ...
[    1.479033] x86: Booting SMP configuration:
[    1.479466] .... node  #0, CPUs:      #1
[    1.570024] Callback from call_rcu_tasks() invoked.
[    1.595005] smp: Brought up 1 node, 2 CPUs
[    1.595557] smpboot: Max logical packages: 1
[    1.595912] smpboot: Total of 2 processors activated (11212.33 BogoMIPS)
[    1.659843] devtmpfs: initialized
[    1.791092] clocksource: jiffies: mask: 0xffffffff max_cycles: 0xffffffff, max_idle_ns: 1911260446275000 ns
[    1.792665] futex hash table entries: 512 (order: 4, 65536 bytes, linear)
[    1.807674] PM: RTC time: 21:09:28, date: 2026-05-26
[    1.834760] NET: Registered PF_NETLINK/PF_ROUTE protocol family
[    1.860758] audit: initializing netlink subsys (disabled)
[    1.874178] audit: type=2000 audit(1779829768.117:1): state=initialized audit_enabled=0 res=1
[    1.906971] thermal_sys: Registered thermal governor 'step_wise'
[    1.907165] thermal_sys: Registered thermal governor 'user_space'
[    1.914042] cpuidle: using governor menu
[    1.943386] PCI: Using configuration type 1 for base access
[    1.959025] mtrr: your CPUs had inconsistent fixed MTRR settings
[    1.959316] mtrr: your CPUs had inconsistent variable MTRR settings
[    1.959596] mtrr: your CPUs had inconsistent MTRRdefType settings
[    1.959790] mtrr: probably your BIOS does not setup all CPUs.
[    1.959980] mtrr: corrected configuration.
[    2.875786] kprobes: kprobe jump-optimization is enabled. All kprobes are optimized if possible.
[    2.904687] HugeTLB: registered 2.00 MiB page size, pre-allocated 0 pages
[    2.905087] HugeTLB: 28 KiB vmemmap can be freed for a 2.00 MiB page
[    2.961152] ACPI: Added _OSI(Module Device)
[    2.961548] ACPI: Added _OSI(Processor Device)
[    2.961755] ACPI: Added _OSI(3.0 _SCP Extensions)
[    2.961978] ACPI: Added _OSI(Processor Aggregator Device)
[    3.458143] ACPI: 1 ACPI AML tables successfully acquired and loaded
[    3.661530] ACPI: Interpreter enabled
[    3.665294] ACPI: PM: (supports S0 S3 S4 S5)
[    3.665667] ACPI: Using IOAPIC for interrupt routing
[    3.667634] PCI: Using host bridge windows from ACPI; if necessary, use "pci=nocrs" and report a bug
[    3.667890] PCI: Using E820 reservations for host bridge windows
[    3.681507] ACPI: Enabled 2 GPEs in block 00 to 0F
[    4.118140] ACPI: PCI Root Bridge [PCI0] (domain 0000 [bus 00-ff])
[    4.120018] acpi PNP0A03:00: _OSC: OS supports [ASPM ClockPM Segments MSI HPX-Type3]
[    4.120582] acpi PNP0A03:00: _OSC: not requesting OS control; OS requires [ExtendedConfig ASPM ClockPM MSI]
[    4.124015] acpi PNP0A03:00: fail to add MMCONFIG information, can't access extended PCI configuration space under this bridge.
[    4.140675] PCI host bridge to bus 0000:00
[    4.141383] pci_bus 0000:00: root bus resource [io  0x0000-0x0cf7 window]
[    4.141742] pci_bus 0000:00: root bus resource [io  0x0d00-0xffff window]
[    4.141989] pci_bus 0000:00: root bus resource [mem 0x000a0000-0x000bffff window]
[    4.142593] pci_bus 0000:00: root bus resource [mem 0x80000000-0xfebfffff window]
[    4.142813] pci_bus 0000:00: root bus resource [mem 0x100000000-0x17fffffff window]
[    4.143341] pci_bus 0000:00: root bus resource [bus 00-ff]
[    4.148136] pci 0000:00:00.0: [8086:1237] type 00 class 0x060000
[    4.245126] pci 0000:00:01.0: [8086:7000] type 00 class 0x060100
[    4.256072] pci 0000:00:01.1: [8086:7010] type 00 class 0x010180
[    4.258869] pci 0000:00:01.1: reg 0x20: [io  0xc040-0xc04f]
[    4.259553] pci 0000:00:01.1: legacy IDE quirk: reg 0x10: [io  0x01f0-0x01f7]
[    4.259840] pci 0000:00:01.1: legacy IDE quirk: reg 0x14: [io  0x03f6]
[    4.260683] pci 0000:00:01.1: legacy IDE quirk: reg 0x18: [io  0x0170-0x0177]
[    4.260881] pci 0000:00:01.1: legacy IDE quirk: reg 0x1c: [io  0x0376]
[    4.265553] pci 0000:00:01.3: [8086:7113] type 00 class 0x068000
[    4.266902] pci 0000:00:01.3: quirk: [io  0x0600-0x063f] claimed by PIIX4 ACPI
[    4.267192] pci 0000:00:01.3: quirk: [io  0x0700-0x070f] claimed by PIIX4 SMB
[    4.273374] pci 0000:00:02.0: [1234:1111] type 00 class 0x030000
[    4.274507] pci 0000:00:02.0: reg 0x10: [mem 0xfd000000-0xfdffffff pref]
[    4.275507] pci 0000:00:02.0: reg 0x18: [mem 0xfebb0000-0xfebb0fff]
[    4.277507] pci 0000:00:02.0: reg 0x30: [mem 0xfeba0000-0xfebaffff pref]
[    4.279786] pci 0000:00:02.0: Video device with shadowed ROM at [mem 0x000c0000-0x000dffff]
[    4.368584] pci 0000:00:03.0: [8086:100e] type 00 class 0x020000
[    4.369495] pci 0000:00:03.0: reg 0x10: [mem 0xfeb80000-0xfeb9ffff]
[    4.370352] pci 0000:00:03.0: reg 0x14: [io  0xc000-0xc03f]
[    4.371507] pci 0000:00:03.0: reg 0x30: [mem 0xfeb00000-0xfeb7ffff pref]
[    4.517213] ACPI: PCI: Interrupt link LNKA configured for IRQ 10
[    4.529665] ACPI: PCI: Interrupt link LNKB configured for IRQ 10
[    4.541057] ACPI: PCI: Interrupt link LNKC configured for IRQ 11
[    4.552662] ACPI: PCI: Interrupt link LNKD configured for IRQ 11
[    4.557662] ACPI: PCI: Interrupt link LNKS configured for IRQ 9
[    4.581232] iommu: Default domain type: Translated 
[    4.581570] iommu: DMA domain TLB invalidation policy: lazy mode 
[    4.595932] SCSI subsystem initialized
[    4.605324] ACPI: bus type USB registered
[    4.608737] usbcore: registered new interface driver usbfs
[    4.610422] usbcore: registered new interface driver hub
[    4.611726] usbcore: registered new device driver usb
[    4.614746] pps_core: LinuxPPS API ver. 1 registered
[    4.614917] pps_core: Software ver. 5.3.6 - Copyright 2005-2007 Rodolfo Giometti <giometti@linux.it>
[    4.615815] PTP clock support registered
[    4.624986] Advanced Linux Sound Architecture Driver Initialized.
[    4.657126] NetLabel: Initializing
[    4.657294] NetLabel:  domain hash size = 128
[    4.657440] NetLabel:  protocols = UNLABELED CIPSOv4 CALIPSO
[    4.661225] NetLabel:  unlabeled traffic allowed by default
[    4.673251] PCI: Using ACPI for IRQ routing
[    4.679160] pci 0000:00:02.0: vgaarb: setting as boot VGA device
[    4.679507] pci 0000:00:02.0: vgaarb: bridge control possible
[    4.679507] pci 0000:00:02.0: vgaarb: VGA device added: decodes=io+mem,owns=io+mem,locks=none
[    4.679600] vgaarb: loaded
[    4.684324] hpet: 3 channels of 0 reserved for per-cpu timers
[    4.684995] hpet0: at MMIO 0xfed00000, IRQs 2, 8, 0
[    4.685555] hpet0: 3 comparators, 64-bit 100.000000 MHz counter
[    4.776071] clocksource: Switched to clocksource hpet
[    4.797228] VFS: Disk quotas dquot_6.6.0
[    4.798277] VFS: Dquot-cache hash table entries: 512 (order 0, 4096 bytes)
[    4.807264] pnp: PnP ACPI init
[    4.857936] pnp: PnP ACPI: found 6 devices
[    5.095746] clocksource: acpi_pm: mask: 0xffffff max_cycles: 0xffffff, max_idle_ns: 2085701024 ns
[    5.098594] NET: Registered PF_INET protocol family
[    5.102711] IP idents hash table entries: 32768 (order: 6, 262144 bytes, linear)
[    5.134146] tcp_listen_portaddr_hash hash table entries: 1024 (order: 4, 73728 bytes, linear)
[    5.134862] Table-perturb hash table entries: 65536 (order: 6, 262144 bytes, linear)
[    5.135397] TCP established hash table entries: 16384 (order: 5, 131072 bytes, linear)
[    5.138052] TCP bind hash table entries: 16384 (order: 9, 2359296 bytes, linear)
[    5.144765] TCP: Hash tables configured (established 16384 bind 16384)
[    5.159707] UDP hash table entries: 1024 (order: 5, 163840 bytes, linear)
[    5.161347] UDP-Lite hash table entries: 1024 (order: 5, 163840 bytes, linear)
[    5.170665] NET: Registered PF_UNIX/PF_LOCAL protocol family
[    5.189736] RPC: Registered named UNIX socket transport module.
[    5.190216] RPC: Registered udp transport module.
[    5.190402] RPC: Registered tcp transport module.
[    5.191060] RPC: Registered tcp NFSv4.1 backchannel transport module.
[    5.207395] pci_bus 0000:00: resource 4 [io  0x0000-0x0cf7 window]
[    5.207860] pci_bus 0000:00: resource 5 [io  0x0d00-0xffff window]
[    5.208119] pci_bus 0000:00: resource 6 [mem 0x000a0000-0x000bffff window]
[    5.208385] pci_bus 0000:00: resource 7 [mem 0x80000000-0xfebfffff window]
[    5.208759] pci_bus 0000:00: resource 8 [mem 0x100000000-0x17fffffff window]
[    5.214873] pci 0000:00:01.0: PIIX3: Enabling Passive Release
[    5.215468] pci 0000:00:00.0: Limiting direct PCI/PCI transfers
[    5.216609] PCI: CLS 0 bytes, default 64
[    5.252481] Unpacking initramfs...
[    6.086919] Freeing initrd memory: 1408K
[   12.284146] Initialise system trusted keyrings
[   12.291319] workingset: timestamp_bits=56 max_order=19 bucket_order=0
[   12.885987] NFS: Registering the id_resolver key type
[   12.888119] Key type id_resolver registered
[   12.888815] Key type id_legacy registered
[   12.899358] 9p: Installing v9fs 9p2000 file system support
[   13.013813] Key type asymmetric registered
[   13.014483] Asymmetric key parser 'x509' registered
[   13.017469] Block layer SCSI generic (bsg) driver version 0.4 loaded (major 251)
[   13.021346] io scheduler mq-deadline registered
[   13.021918] io scheduler kyber registered
[   13.046275] cryptomgr_test (42) used greatest stack depth: 29840 bytes left
[   13.065842] input: Power Button as /devices/LNXSYSTM:00/LNXPWRBN:00/input/input0
[   13.081780] ACPI: button: Power Button [PWRF]
[   13.116146] Serial: 8250/16550 driver, 4 ports, IRQ sharing enabled
[   13.127974] 00:04: ttyS0 at I/O 0x3f8 (irq = 4, base_baud = 115200) is a 16550A
[   13.224086] Non-volatile memory driver v1.3
[   13.224730] Linux agpgart interface v0.103
[   13.237990] ACPI: bus type drm_connector registered
[   13.675028] loop: module loaded
[   13.789947] scsi host0: ata_piix
[   13.832322] scsi host1: ata_piix
[   13.843188] ata1: PATA max MWDMA2 cmd 0x1f0 ctl 0x3f6 bmdma 0xc040 irq 14
[   13.843921] ata2: PATA max MWDMA2 cmd 0x170 ctl 0x376 bmdma 0xc048 irq 15
[   13.921350] e100: Intel(R) PRO/100 Network Driver
[   13.921872] e100: Copyright(c) 1999-2006 Intel Corporation
[   13.923820] e1000: Intel(R) PRO/1000 Network Driver
[   13.924099] e1000: Copyright (c) 1999-2006 Intel Corporation.
[   14.017043] ata2: found unknown device (class 0)
[   14.041097] ata2.00: ATAPI: QEMU DVD-ROM, 2.5+, max UDMA/100
[   14.094932] scsi 1:0:0:0: CD-ROM            QEMU     QEMU DVD-ROM     2.5+ PQ: 0 ANSI: 5
[   14.201424] sr 1:0:0:0: [sr0] scsi3-mmc drive: 4x/4x cd/rw xa/form2 tray
[   14.203781] cdrom: Uniform CD-ROM driver Revision: 3.20
[   14.300446] sr 1:0:0:0: Attached scsi generic sg0 type 5
[   27.595184] ACPI: \_SB_.LNKC: Enabled at IRQ 11
[   27.956051] e1000 0000:00:03.0 eth0: (PCI:33MHz:32-bit) 52:54:00:12:34:56
[   27.958429] e1000 0000:00:03.0 eth0: Intel(R) PRO/1000 Network Connection
[   27.970052] e1000e: Intel(R) PRO/1000 Network Driver
[   27.970414] e1000e: Copyright(c) 1999 - 2015 Intel Corporation.
[   27.973482] sky2: driver version 1.30
[   28.016791] usbcore: registered new interface driver usblp
[   28.019425] usbcore: registered new interface driver usb-storage
[   28.026717] i8042: PNP: PS/2 Controller [PNP0303:KBD,PNP0f13:MOU] at 0x60,0x64 irq 1,12
[   28.042419] serio: i8042 KBD port at 0x60,0x64 irq 1
[   28.044484] serio: i8042 AUX port at 0x60,0x64 irq 12
[   28.079194] rtc_cmos 00:05: RTC can wake from S4
[   28.098055] input: AT Translated Set 2 keyboard as /devices/platform/i8042/serio0/input/input1
[   28.120942] rtc_cmos 00:05: registered as rtc0
[   28.127692] rtc_cmos 00:05: alarms up to one day, y3k, 242 bytes nvram, hpet irqs
[   28.133735] fail to initialize ptp_kvm
[   28.156242] device-mapper: ioctl: 4.47.0-ioctl (2022-07-28) initialised: dm-devel@redhat.com
[   28.164977] hid: raw HID events driver (C) Jiri Kosina
[   28.198936] usbcore: registered new interface driver usbhid
[   28.199267] usbhid: USB HID core driver
[   28.292757] Initializing XFRM netlink socket
[   28.328961] NET: Registered PF_INET6 protocol family
[   28.420765] Segment Routing with IPv6
[   28.422966] In-situ OAM (IOAM) with IPv6
[   28.434974] sit: IPv6, IPv4 and MPLS over IPv4 tunneling driver
[   28.463772] NET: Registered PF_PACKET protocol family
[   28.472946] 9pnet: Installing 9P2000 support
[   28.476114] Key type dns_resolver registered
[   28.514808] IPI shorthand broadcast: enabled
[   28.536697] registered taskstats version 1
[   28.537106] Loading compiled-in X.509 certificates
[   28.605145] input: ImExPS/2 Generic Explorer Mouse as /devices/platform/i8042/serio1/input/input3
[   28.633948] cryptomgr_test (73) used greatest stack depth: 29488 bytes left
[   28.658388] PM:   Magic number: 10:792:197
[   28.663209] printk: console [netcon0] enabled
[   28.663843] netconsole: network logging started
[   28.700422] cfg80211: Loading compiled-in X.509 certificates for regulatory database
[   28.787366] kworker/u4:0 (74) used greatest stack depth: 28592 bytes left
[   28.848958] cfg80211: Loaded X.509 cert 'sforshee: 00b28ddf47aef9cea7'
[   28.856227] cfg80211: Loaded X.509 cert 'wens: 61c038651aabdcf94bd0ac7ff06c7248db18c600'
[   28.865749] Unstable clock detected, switching default tracing clock to "global"
[   28.865749] If you want to keep using the local clock, then add:
[   28.865749]   "trace_clock=local"
[   28.865749] on the kernel command line
[   28.871031] platform regulatory.0: Direct firmware load for regulatory.db failed with error -2
[   28.875802] cfg80211: failed to load regulatory.db
[   28.880680] ALSA device list:
[   28.881331]   No soundcards found.
[   29.055173] Freeing unused kernel image (initmem) memory: 2184K
[   29.057429] Write protecting the kernel read-only data: 61440k
[   29.081909] Freeing unused kernel image (text/rodata gap) memory: 2032K
[   29.086490] Freeing unused kernel image (rodata/data gap) memory: 460K
[   29.725940] x86/mm: Checked W+X mappings: passed, no W+X pages found.
[   29.729450] Run /init as init process
[   30.288241] busybox (78) used greatest stack depth: 27168 bytes left
[init-live] linux 6.1.72 up
[init-live] surface inventory ----
nf_conntrack_acct
nf_conntrack_buckets
nf_conntrack_checksum
nf_conntrack_count
nf_conntrack_dccp_loose
nf_conntrack_dccp_timeout_closereq
nf_conntrack_dccp_timeout_closing
nf_conntrack_dccp_timeout_open
nf_conntrack_dccp_timeout_partopen
nf_conntrack_dccp_timeout_request
nf_conntrack_dccp_timeout_respond
nf_conntrack_dccp_timeout_timewait
nf_conntrack_expect_max
nf_conntrack_frag6_high_thresh
nf_conntrack_frag6_low_thresh
nf_conntrack_frag6_timeout
nf_conntrack_generic_timeout
nf_conntrack_icmp_timeout
nf_conntrack_icmpv6_timeout
nf_conntrack_log_invalid
nf_conntrack_max
nf_conntrack_sctp_timeout_closed
nf_conntrack_sctp_timeout_cookie_echoed
nf_conntrack_sctp_timeout_cookie_wait
nf_conntrack_sctp_timeout_established
nf_conntrack_sctp_timeout_heartbeat_sent
nf_conntrack_sctp_timeout_shutdown_ack_sent
nf_conntrack_sctp_timeout_shutdown_recd
nf_conntrack_sctp_timeout_shutdown_sent
nf_conntrack_tcp_be_liberal
nf_conntrack_tcp_ignore_invalid_rst
nf_conntrack_tcp_loose
nf_conntrack_tcp_max_retrans
nf_conntrack_tcp_timeout_close
nf_conntrack_tcp_timeout_close_wait
nf_conntrack_tcp_timeout_established
nf_conntrack_tcp_timeout_fin_wait
nf_conntrack_tcp_timeout_last_ack
nf_conntrack_tcp_timeout_max_retrans
nf_conntrack_tcp_timeout_syn_recv
nf_conntrack_tcp_timeout_syn_sent
nf_conntrack_tcp_timeout_time_wait
nf_conntrack_tcp_timeout_unacknowledged
nf_conntrack_udp_timeout
nf_conntrack_udp_timeout_stream
nf_log
nf_log_all_netns
[init-live] /proc/net/protocols (look for nftables/io_uring): 
  (neither present)
[init-live] sysctl userns unprivileged: 
  (sysctl absent — CONFIG_USER_NS_UNPRIVILEGED=n)
[init-live] /sys/kernel/io_uring: absent
[init-live] running historical CVE-2024-1086 exploit as negative control
[*] creating user namespace (CLONE_NEWUSER)...
[*] creating network namespace (CLONE_NEWNET)...
[*] setting up UID namespace...
[*] mapping uid 0 to namespace uid 0...
[*] denying namespace rights to set user groups...
[*] mapping gid 0 to namespace gid 0...
uid=0 gid=0
[*] configuring localhost in namespace...
1: lo: <LOOPBACK,UP,LOWER_UP> mtu 65536 qdisc noqueue qlen 1000
    link/loopback 00:00:00:00:00:00 brd 00:00:00:00:00:00
    inet 127.0.0.1/8 scope host lo
       valid_lft forever preferred_lft forever
    inet6 ::1/128 scope host 
       valid_lft forever preferred_lft forever
[*] setting up nftables...
[*] allocating netfilter objects...
[*] sending nftables tables/chains/rules/expr using netlink...
mnl_cb_run: Invalid argument
[   31.606779] exploit (91) used greatest stack depth: 26720 bytes left
Terminated
[init-live] exploit exit=143
[init-live] ---- dmesg tail ----
[    2.961978] ACPI: Added _OSI(Processor Aggregator Device)
[    3.458143] ACPI: 1 ACPI AML tables successfully acquired and loaded
[    3.661530] ACPI: Interpreter enabled
[    3.665294] ACPI: PM: (supports S0 S3 S4 S5)
[    3.665667] ACPI: Using IOAPIC for interrupt routing
[    3.667634] PCI: Using host bridge windows from ACPI; if necessary, use "pci=nocrs" and report a bug
[    3.667890] PCI: Using E820 reservations for host bridge windows
[    3.681507] ACPI: Enabled 2 GPEs in block 00 to 0F
[    4.118140] ACPI: PCI Root Bridge [PCI0] (domain 0000 [bus 00-ff])
[    4.120018] acpi PNP0A03:00: _OSC: OS supports [ASPM ClockPM Segments MSI HPX-Type3]
[    4.120582] acpi PNP0A03:00: _OSC: not requesting OS control; OS requires [ExtendedConfig ASPM ClockPM MSI]
[    4.124015] acpi PNP0A03:00: fail to add MMCONFIG information, can't access extended PCI configuration space under this bridge.
[    4.140675] PCI host bridge to bus 0000:00
[    4.141383] pci_bus 0000:00: root bus resource [io  0x0000-0x0cf7 window]
[    4.141742] pci_bus 0000:00: root bus resource [io  0x0d00-0xffff window]
[    4.141989] pci_bus 0000:00: root bus resource [mem 0x000a0000-0x000bffff window]
[    4.142593] pci_bus 0000:00: root bus resource [mem 0x80000000-0xfebfffff window]
[    4.142813] pci_bus 0000:00: root bus resource [mem 0x100000000-0x17fffffff window]
[    4.143341] pci_bus 0000:00: root bus resource [bus 00-ff]
[    4.148136] pci 0000:00:00.0: [8086:1237] type 00 class 0x060000
[    4.245126] pci 0000:00:01.0: [8086:7000] type 00 class 0x060100
[    4.256072] pci 0000:00:01.1: [8086:7010] type 00 class 0x010180
[    4.258869] pci 0000:00:01.1: reg 0x20: [io  0xc040-0xc04f]
[    4.259553] pci 0000:00:01.1: legacy IDE quirk: reg 0x10: [io  0x01f0-0x01f7]
[    4.259840] pci 0000:00:01.1: legacy IDE quirk: reg 0x14: [io  0x03f6]
[    4.260683] pci 0000:00:01.1: legacy IDE quirk: reg 0x18: [io  0x0170-0x0177]
[    4.260881] pci 0000:00:01.1: legacy IDE quirk: reg 0x1c: [io  0x0376]
[    4.265553] pci 0000:00:01.3: [8086:7113] type 00 class 0x068000
[    4.266902] pci 0000:00:01.3: quirk: [io  0x0600-0x063f] claimed by PIIX4 ACPI
[    4.267192] pci 0000:00:01.3: quirk: [io  0x0700-0x070f] claimed by PIIX4 SMB
[    4.273374] pci 0000:00:02.0: [1234:1111] type 00 class 0x030000
[    4.274507] pci 0000:00:02.0: reg 0x10: [mem 0xfd000000-0xfdffffff pref]
[    4.275507] pci 0000:00:02.0: reg 0x18: [mem 0xfebb0000-0xfebb0fff]
[    4.277507] pci 0000:00:02.0: reg 0x30: [mem 0xfeba0000-0xfebaffff pref]
[    4.279786] pci 0000:00:02.0: Video device with shadowed ROM at [mem 0x000c0000-0x000dffff]
[    4.368584] pci 0000:00:03.0: [8086:100e] type 00 class 0x020000
[    4.369495] pci 0000:00:03.0: reg 0x10: [mem 0xfeb80000-0xfeb9ffff]
[    4.370352] pci 0000:00:03.0: reg 0x14: [io  0xc000-0xc03f]
[    4.371507] pci 0000:00:03.0: reg 0x30: [mem 0xfeb00000-0xfeb7ffff pref]
[    4.517213] ACPI: PCI: Interrupt link LNKA configured for IRQ 10
[    4.529665] ACPI: PCI: Interrupt link LNKB configured for IRQ 10
[    4.541057] ACPI: PCI: Interrupt link LNKC configured for IRQ 11
[    4.552662] ACPI: PCI: Interrupt link LNKD configured for IRQ 11
[    4.557662] ACPI: PCI: Interrupt link LNKS configured for IRQ 9
[    4.581232] iommu: Default domain type: Translated 
[    4.581570] iommu: DMA domain TLB invalidation policy: lazy mode 
[    4.595932] SCSI subsystem initialized
[    4.600602] libata version 3.00 loaded.
[    4.605324] ACPI: bus type USB registered
[    4.608737] usbcore: registered new interface driver usbfs
[    4.610422] usbcore: registered new interface driver hub
[    4.611726] usbcore: registered new device driver usb
[    4.614746] pps_core: LinuxPPS API ver. 1 registered
[    4.614917] pps_core: Software ver. 5.3.6 - Copyright 2005-2007 Rodolfo Giometti <giometti@linux.it>
[    4.615815] PTP clock support registered
[    4.624986] Advanced Linux Sound Architecture Driver Initialized.
[    4.657126] NetLabel: Initializing
[    4.657294] NetLabel:  domain hash size = 128
[    4.657440] NetLabel:  protocols = UNLABELED CIPSOv4 CALIPSO
[    4.661225] NetLabel:  unlabeled traffic allowed by default
[    4.673251] PCI: Using ACPI for IRQ routing
[    4.673819] PCI: pci_cache_line_size set to 64 bytes
[    4.674709] e820: reserve RAM buffer [mem 0x0009fc00-0x0009ffff]
[    4.675227] e820: reserve RAM buffer [mem 0x7ffe0000-0x7fffffff]
[    4.679160] pci 0000:00:02.0: vgaarb: setting as boot VGA device
[    4.679507] pci 0000:00:02.0: vgaarb: bridge control possible
[    4.679507] pci 0000:00:02.0: vgaarb: VGA device added: decodes=io+mem,owns=io+mem,locks=none
[    4.679600] vgaarb: loaded
[    4.684324] hpet: 3 channels of 0 reserved for per-cpu timers
[    4.684995] hpet0: at MMIO 0xfed00000, IRQs 2, 8, 0
[    4.685555] hpet0: 3 comparators, 64-bit 100.000000 MHz counter
[    4.776071] clocksource: Switched to clocksource hpet
[    4.797228] VFS: Disk quotas dquot_6.6.0
[    4.798277] VFS: Dquot-cache hash table entries: 512 (order 0, 4096 bytes)
[    4.807264] pnp: PnP ACPI init
[    4.821077] pnp 00:02: [dma 2]
[    4.857936] pnp: PnP ACPI: found 6 devices
[    5.095746] clocksource: acpi_pm: mask: 0xffffff max_cycles: 0xffffff, max_idle_ns: 2085701024 ns
[    5.098594] NET: Registered PF_INET protocol family
[    5.102711] IP idents hash table entries: 32768 (order: 6, 262144 bytes, linear)
[    5.134146] tcp_listen_portaddr_hash hash table entries: 1024 (order: 4, 73728 bytes, linear)
[    5.134862] Table-perturb hash table entries: 65536 (order: 6, 262144 bytes, linear)
[    5.135397] TCP established hash table entries: 16384 (order: 5, 131072 bytes, linear)
[    5.138052] TCP bind hash table entries: 16384 (order: 9, 2359296 bytes, linear)
[    5.144765] TCP: Hash tables configured (established 16384 bind 16384)
[    5.159707] UDP hash table entries: 1024 (order: 5, 163840 bytes, linear)
[    5.161347] UDP-Lite hash table entries: 1024 (order: 5, 163840 bytes, linear)
[    5.170665] NET: Registered PF_UNIX/PF_LOCAL protocol family
[    5.189736] RPC: Registered named UNIX socket transport module.
[    5.190216] RPC: Registered udp transport module.
[    5.190402] RPC: Registered tcp transport module.
[    5.191060] RPC: Registered tcp NFSv4.1 backchannel transport module.
[    5.207395] pci_bus 0000:00: resource 4 [io  0x0000-0x0cf7 window]
[    5.207860] pci_bus 0000:00: resource 5 [io  0x0d00-0xffff window]
[    5.208119] pci_bus 0000:00: resource 6 [mem 0x000a0000-0x000bffff window]
[    5.208385] pci_bus 0000:00: resource 7 [mem 0x80000000-0xfebfffff window]
[    5.208759] pci_bus 0000:00: resource 8 [mem 0x100000000-0x17fffffff window]
[    5.214873] pci 0000:00:01.0: PIIX3: Enabling Passive Release
[    5.215468] pci 0000:00:00.0: Limiting direct PCI/PCI transfers
[    5.216609] PCI: CLS 0 bytes, default 64
[    5.252481] Unpacking initramfs...
[    6.086919] Freeing initrd memory: 1408K
[   12.284146] Initialise system trusted keyrings
[   12.291319] workingset: timestamp_bits=56 max_order=19 bucket_order=0
[   12.885987] NFS: Registering the id_resolver key type
[   12.888119] Key type id_resolver registered
[   12.888815] Key type id_legacy registered
[   12.899358] 9p: Installing v9fs 9p2000 file system support
[   13.013813] Key type asymmetric registered
[   13.014483] Asymmetric key parser 'x509' registered
[   13.017469] Block layer SCSI generic (bsg) driver version 0.4 loaded (major 251)
[   13.021346] io scheduler mq-deadline registered
[   13.021918] io scheduler kyber registered
[   13.046275] cryptomgr_test (42) used greatest stack depth: 29840 bytes left
[   13.065842] input: Power Button as /devices/LNXSYSTM:00/LNXPWRBN:00/input/input0
[   13.081780] ACPI: button: Power Button [PWRF]
[   13.116146] Serial: 8250/16550 driver, 4 ports, IRQ sharing enabled
[   13.127974] 00:04: ttyS0 at I/O 0x3f8 (irq = 4, base_baud = 115200) is a 16550A
[   13.224086] Non-volatile memory driver v1.3
[   13.224730] Linux agpgart interface v0.103
[   13.237990] ACPI: bus type drm_connector registered
[   13.675028] loop: module loaded
[   13.704028] ata_piix 0000:00:01.1: version 2.13
[   13.789947] scsi host0: ata_piix
[   13.832322] scsi host1: ata_piix
[   13.843188] ata1: PATA max MWDMA2 cmd 0x1f0 ctl 0x3f6 bmdma 0xc040 irq 14
[   13.843921] ata2: PATA max MWDMA2 cmd 0x170 ctl 0x376 bmdma 0xc048 irq 15
[   13.921350] e100: Intel(R) PRO/100 Network Driver
[   13.921872] e100: Copyright(c) 1999-2006 Intel Corporation
[   13.923820] e1000: Intel(R) PRO/1000 Network Driver
[   13.924099] e1000: Copyright (c) 1999-2006 Intel Corporation.
[   14.017043] ata2: found unknown device (class 0)
[   14.041097] ata2.00: ATAPI: QEMU DVD-ROM, 2.5+, max UDMA/100
[   14.094932] scsi 1:0:0:0: CD-ROM            QEMU     QEMU DVD-ROM     2.5+ PQ: 0 ANSI: 5
[   14.201424] sr 1:0:0:0: [sr0] scsi3-mmc drive: 4x/4x cd/rw xa/form2 tray
[   14.203781] cdrom: Uniform CD-ROM driver Revision: 3.20
[   14.279020] sr 1:0:0:0: Attached scsi CD-ROM sr0
[   14.300446] sr 1:0:0:0: Attached scsi generic sg0 type 5
[   27.595184] ACPI: \_SB_.LNKC: Enabled at IRQ 11
[   27.956051] e1000 0000:00:03.0 eth0: (PCI:33MHz:32-bit) 52:54:00:12:34:56
[   27.958429] e1000 0000:00:03.0 eth0: Intel(R) PRO/1000 Network Connection
[   27.970052] e1000e: Intel(R) PRO/1000 Network Driver
[   27.970414] e1000e: Copyright(c) 1999 - 2015 Intel Corporation.
[   27.973482] sky2: driver version 1.30
[   28.016791] usbcore: registered new interface driver usblp
[   28.019425] usbcore: registered new interface driver usb-storage
[   28.026717] i8042: PNP: PS/2 Controller [PNP0303:KBD,PNP0f13:MOU] at 0x60,0x64 irq 1,12
[   28.042419] serio: i8042 KBD port at 0x60,0x64 irq 1
[   28.044484] serio: i8042 AUX port at 0x60,0x64 irq 12
[   28.079194] rtc_cmos 00:05: RTC can wake from S4
[   28.098055] input: AT Translated Set 2 keyboard as /devices/platform/i8042/serio0/input/input1
[   28.120942] rtc_cmos 00:05: registered as rtc0
[   28.127692] rtc_cmos 00:05: alarms up to one day, y3k, 242 bytes nvram, hpet irqs
[   28.133735] fail to initialize ptp_kvm
[   28.156242] device-mapper: ioctl: 4.47.0-ioctl (2022-07-28) initialised: dm-devel@redhat.com
[   28.164977] hid: raw HID events driver (C) Jiri Kosina
[   28.198936] usbcore: registered new interface driver usbhid
[   28.199267] usbhid: USB HID core driver
[   28.292757] Initializing XFRM netlink socket
[   28.328961] NET: Registered PF_INET6 protocol family
[   28.420765] Segment Routing with IPv6
[   28.422966] In-situ OAM (IOAM) with IPv6
[   28.434974] sit: IPv6, IPv4 and MPLS over IPv4 tunneling driver
[   28.463772] NET: Registered PF_PACKET protocol family
[   28.472946] 9pnet: Installing 9P2000 support
[   28.476114] Key type dns_resolver registered
[   28.514808] IPI shorthand broadcast: enabled
[   28.536697] registered taskstats version 1
[   28.537106] Loading compiled-in X.509 certificates
[   28.605145] input: ImExPS/2 Generic Explorer Mouse as /devices/platform/i8042/serio1/input/input3
[   28.633948] cryptomgr_test (73) used greatest stack depth: 29488 bytes left
[   28.658388] PM:   Magic number: 10:792:197
[   28.663209] printk: console [netcon0] enabled
[   28.663843] netconsole: network logging started
[   28.700422] cfg80211: Loading compiled-in X.509 certificates for regulatory database
[   28.787366] kworker/u4:0 (74) used greatest stack depth: 28592 bytes left
[   28.848958] cfg80211: Loaded X.509 cert 'sforshee: 00b28ddf47aef9cea7'
[   28.856227] cfg80211: Loaded X.509 cert 'wens: 61c038651aabdcf94bd0ac7ff06c7248db18c600'
[   28.865749] Unstable clock detected, switching default tracing clock to "global"
[   28.865749] If you want to keep using the local clock, then add:
[   28.865749]   "trace_clock=local"
[   28.865749] on the kernel command line
[   28.871031] platform regulatory.0: Direct firmware load for regulatory.db failed with error -2
[   28.875802] cfg80211: failed to load regulatory.db
[   28.880680] ALSA device list:
[   28.881331]   No soundcards found.
[   29.055173] Freeing unused kernel image (initmem) memory: 2184K
[   29.057429] Write protecting the kernel read-only data: 61440k
[   29.081909] Freeing unused kernel image (text/rodata gap) memory: 2032K
[   29.086490] Freeing unused kernel image (rodata/data gap) memory: 460K
[   29.725940] x86/mm: Checked W+X mappings: passed, no W+X pages found.
[   29.729450] Run /init as init process
[   29.730410]   with arguments:
[   29.730921]     /init
[   29.731100]     nokaslr
[   29.731273]   with environment:
[   29.731454]     HOME=/
[   29.731855]     TERM=linux
[   30.288241] busybox (78) used greatest stack depth: 27168 bytes left
[   31.606779] exploit (91) used greatest stack depth: 26720 bytes left
[init-live] ---- end dmesg ----
[init-live] LIVE-VERDICT: no-kasan (restriction held)
[   68.013370] ACPI: PM: Preparing to enter system sleep state S5
[   68.026380] reboot: Power down
