c[?7l[2J[0mSeaBIOS (version 1.15.0-1)


iPXE (https://ipxe.org) 00:03.0 CA00 PCI2.10 PnP PMM+7FF8B340+7FECB340 CA00
Press Ctrl-B to configure iPXE (PCI 00:03.0)...                                                                               


Booting from ROM..c[?7l[2J[    0.000000] Linux version 6.1.72 (chanyoung@baymax) (gcc (Ubuntu 11.4.0-1ubuntu1~22.04.3) 11.4.0, GNU ld (GNU Binutils for Ubuntu) 2.38) #1 SMP PREEMPT_DYNAMIC Tue May 26 21:23:19 KST 2026
[    0.000000] Command line: console=ttyS0 panic=1 nokaslr oops=panic
[    0.000000] BIOS-provided physical RAM map:
[    0.000000] BIOS-e820: [mem 0x0000000000000000-0x000000000009fbff] usable
[    0.000000] BIOS-e820: [mem 0x000000000009fc00-0x000000000009ffff] reserved
[    0.000000] BIOS-e820: [mem 0x00000000000f0000-0x00000000000fffff] reserved
[    0.000000] BIOS-e820: [mem 0x0000000000100000-0x000000007ffdffff] usable
[    0.000000] BIOS-e820: [mem 0x000000007ffe0000-0x000000007fffffff] reserved
[    0.000000] BIOS-e820: [mem 0x00000000fffc0000-0x00000000ffffffff] reserved
[    0.000000] NX (Execute Disable) protection: active
[    0.000000] SMBIOS 2.8 present.
[    0.000000] DMI: QEMU Standard PC (i440FX + PIIX, 1996), BIOS 1.15.0-1 04/01/2014
[    0.000000] tsc: Fast TSC calibration using PIT
[    0.000000] tsc: Detected 2799.966 MHz processor
[    0.041754] last_pfn = 0x7ffe0 max_arch_pfn = 0x400000000
[    0.043474] x86/PAT: Configuration [0-7]: WB  WC  UC- UC  WB  WP  UC- WT  
[    0.065171] found SMP MP-table at [mem 0x000f5ba0-0x000f5baf]
[    0.079614] RAMDISK: [mem 0x7fe80000-0x7ffdffff]
[    0.080615] ACPI: Early table checksum verification disabled
[    0.081397] ACPI: RSDP 0x00000000000F59E0 000014 (v00 BOCHS )
[    0.082280] ACPI: RSDT 0x000000007FFE1960 000034 (v01 BOCHS  BXPC     00000001 BXPC 00000001)
[    0.083850] ACPI: FACP 0x000000007FFE180C 000074 (v01 BOCHS  BXPC     00000001 BXPC 00000001)
[    0.085961] ACPI: DSDT 0x000000007FFE0040 0017CC (v01 BOCHS  BXPC     00000001 BXPC 00000001)
[    0.086413] ACPI: FACS 0x000000007FFE0000 000040
[    0.086682] ACPI: APIC 0x000000007FFE1880 000080 (v01 BOCHS  BXPC     00000001 BXPC 00000001)
[    0.086899] ACPI: HPET 0x000000007FFE1900 000038 (v01 BOCHS  BXPC     00000001 BXPC 00000001)
[    0.087116] ACPI: WAET 0x000000007FFE1938 000028 (v01 BOCHS  BXPC     00000001 BXPC 00000001)
[    0.087436] ACPI: Reserving FACP table memory at [mem 0x7ffe180c-0x7ffe187f]
[    0.087533] ACPI: Reserving DSDT table memory at [mem 0x7ffe0040-0x7ffe180b]
[    0.087604] ACPI: Reserving FACS table memory at [mem 0x7ffe0000-0x7ffe003f]
[    0.087667] ACPI: Reserving APIC table memory at [mem 0x7ffe1880-0x7ffe18ff]
[    0.087725] ACPI: Reserving HPET table memory at [mem 0x7ffe1900-0x7ffe1937]
[    0.087781] ACPI: Reserving WAET table memory at [mem 0x7ffe1938-0x7ffe195f]
[    0.094717] No NUMA configuration found
[    0.094812] Faking a node at [mem 0x0000000000000000-0x000000007ffdffff]
[    0.096469] NODE_DATA(0) allocated [mem 0x7fe7c000-0x7fe7ffff]
[    0.100471] Zone ranges:
[    0.100559]   DMA      [mem 0x0000000000001000-0x0000000000ffffff]
[    0.100807]   DMA32    [mem 0x0000000001000000-0x000000007ffdffff]
[    0.100912]   Normal   empty
[    0.100996] Movable zone start for each node
[    0.101061] Early memory node ranges
[    0.101122]   node   0: [mem 0x0000000000001000-0x000000000009efff]
[    0.101432]   node   0: [mem 0x0000000000100000-0x000000007ffdffff]
[    0.101946] Initmem setup node 0 [mem 0x0000000000001000-0x000000007ffdffff]
[    0.103743] On node 0, zone DMA: 1 pages in unavailable ranges
[    0.105006] On node 0, zone DMA: 97 pages in unavailable ranges
[    0.210467] On node 0, zone DMA32: 32 pages in unavailable ranges
[    0.367688] kasan: KernelAddressSanitizer initialized
[    0.368478] ACPI: PM-Timer IO Port: 0x608
[    0.369819] ACPI: LAPIC_NMI (acpi_id[0xff] dfl dfl lint[0x1])
[    0.371056] IOAPIC[0]: apic_id 0, version 32, address 0xfec00000, GSI 0-23
[    0.371584] ACPI: INT_SRC_OVR (bus 0 bus_irq 0 global_irq 2 dfl dfl)
[    0.372397] ACPI: INT_SRC_OVR (bus 0 bus_irq 5 global_irq 5 high level)
[    0.372511] ACPI: INT_SRC_OVR (bus 0 bus_irq 9 global_irq 9 high level)
[    0.372763] ACPI: INT_SRC_OVR (bus 0 bus_irq 10 global_irq 10 high level)
[    0.372849] ACPI: INT_SRC_OVR (bus 0 bus_irq 11 global_irq 11 high level)
[    0.373473] ACPI: Using ACPI (MADT) for SMP configuration information
[    0.373735] ACPI: HPET id: 0x8086a201 base: 0xfed00000
[    0.374677] smpboot: Allowing 2 CPUs, 0 hotplug CPUs
[    0.376809] PM: hibernation: Registered nosave memory: [mem 0x00000000-0x00000fff]
[    0.376974] PM: hibernation: Registered nosave memory: [mem 0x0009f000-0x0009ffff]
[    0.377071] PM: hibernation: Registered nosave memory: [mem 0x000a0000-0x000effff]
[    0.377132] PM: hibernation: Registered nosave memory: [mem 0x000f0000-0x000fffff]
[    0.377411] [mem 0x80000000-0xfffbffff] available for PCI devices
[    0.377521] Booting paravirtualized kernel on bare hardware
[    0.378181] clocksource: refined-jiffies: mask: 0xffffffff max_cycles: 0xffffffff, max_idle_ns: 1910969940391419 ns
[    0.419343] setup_percpu: NR_CPUS:64 nr_cpumask_bits:2 nr_cpu_ids:2 nr_node_ids:1
[    0.423074] percpu: Embedded 67 pages/cpu s233888 r8192 d32352 u1048576
[    0.431486] Fallback order for Node 0: 0 
[    0.432118] Built 1 zonelists, mobility grouping on.  Total pages: 515808
[    0.432285] Policy zone: DMA32
[    0.432908] Kernel command line: console=ttyS0 panic=1 nokaslr oops=panic
[    0.435978] Unknown kernel command line parameters "nokaslr", will be passed to user space.
[    0.437979] Dentry cache hash table entries: 262144 (order: 9, 2097152 bytes, linear)
[    0.438911] Inode-cache hash table entries: 131072 (order: 8, 1048576 bytes, linear)
[    0.442094] mem auto-init: stack:off, heap alloc:off, heap free:off
[    0.446949] stackdepot hash table entries: 1048576 (order: 11, 8388608 bytes, linear)
[    0.608278] Memory: 1672300K/2096632K available (51214K kernel code, 13406K rwdata, 9560K rodata, 2192K init, 13144K bss, 424076K reserved, 0K cma-reserved)
[    0.608510] **********************************************************
[    0.608559] **   NOTICE NOTICE NOTICE NOTICE NOTICE NOTICE NOTICE   **
[    0.608596] **                                                      **
[    0.608629] ** This system shows unhashed kernel memory addresses   **
[    0.608659] ** via the console, logs, and other interfaces. This    **
[    0.608689] ** might reduce the security of your system.            **
[    0.608717] **                                                      **
[    0.608747] ** If you see this message and you are not debugging    **
[    0.608775] ** the kernel, report this immediately to your system   **
[    0.608803] ** administrator!                                       **
[    0.608830] **                                                      **
[    0.608859] **   NOTICE NOTICE NOTICE NOTICE NOTICE NOTICE NOTICE   **
[    0.608887] **********************************************************
[    0.620137] SLUB: HWalign=64, Order=0-3, MinObjects=0, CPUs=2, Nodes=1
[    0.657103] Dynamic Preempt: voluntary
[    0.667987] Running RCU self tests
[    0.669089] rcu: Preemptible hierarchical RCU implementation.
[    0.669144] rcu: 	RCU event tracing is enabled.
[    0.669196] rcu: 	RCU lockdep checking is enabled.
[    0.669259] rcu: 	RCU restricting CPUs from NR_CPUS=64 to nr_cpu_ids=2.
[    0.669480] 	Trampoline variant of Tasks RCU enabled.
[    0.669681] rcu: RCU calculated value of scheduler-enlistment delay is 100 jiffies.
[    0.669792] rcu: Adjusting geometry for rcu_fanout_leaf=16, nr_cpu_ids=2
[    0.868503] NR_IRQS: 4352, nr_irqs: 440, preallocated irqs: 16
[    0.880007] rcu: srcu_init: Setting srcu_struct sizes based on contention.
[    0.898486] Console: colour VGA+ 80x25
[    0.918474] printk: console [ttyS0] enabled
[    0.918758] Lock dependency validator: Copyright (c) 2006 Red Hat, Inc., Ingo Molnar
[    0.919018] ... MAX_LOCKDEP_SUBCLASSES:  8
[    0.919204] ... MAX_LOCK_DEPTH:          48
[    0.919388] ... MAX_LOCKDEP_KEYS:        8192
[    0.919587] ... CLASSHASH_SIZE:          4096
[    0.919782] ... MAX_LOCKDEP_ENTRIES:     32768
[    0.919986] ... MAX_LOCKDEP_CHAINS:      65536
[    0.920184] ... CHAINHASH_SIZE:          32768
[    0.920431]  memory used by lock dependency info: 6365 kB
[    0.920662]  memory used for stack traces: 4224 kB
[    0.920867]  per task-struct memory footprint: 1920 bytes
[    0.923828] ACPI: Core revision 20220331
[    0.939619] clocksource: hpet: mask: 0xffffffff max_cycles: 0xffffffff, max_idle_ns: 19112604467 ns
[    0.971687] APIC: Switch to symmetric I/O mode setup
[    0.992735] ..TIMER: vector=0x30 apic1=0 pin1=2 apic2=-1 pin2=-1
[    1.000119] tsc: Marking TSC unstable due to TSCs unsynchronized
[    1.001395] Calibrating delay loop (skipped), value calculated using timer frequency.. 5599.93 BogoMIPS (lpj=2799966)
[    1.010214] process: using AMD E400 aware idle routine
[    1.010833] Last level iTLB entries: 4KB 512, 2MB 255, 4MB 127
[    1.011078] Last level dTLB entries: 4KB 512, 2MB 255, 4MB 127, 1GB 0
[    1.012162] Spectre V1 : Mitigation: usercopy/swapgs barriers and __user pointer sanitization
[    1.012775] Spectre V2 : Mitigation: Retpolines
[    1.012985] Spectre V2 : Spectre v2 / SpectreRSB mitigation: Filling RSB on context switch
[    1.013235] Spectre V2 : Spectre v2 / SpectreRSB : Filling RSB on VMEXIT
[    1.019304] x86/fpu: x87 FPU will use FXSAVE
[    1.343881] Freeing SMP alternatives memory: 44K
[    1.345041] pid_max: default: 32768 minimum: 301
[    1.364017] LSM: Security Framework initializing
[    1.368351] SELinux:  Initializing.
[    1.383343] Mount-cache hash table entries: 4096 (order: 3, 32768 bytes, linear)
[    1.383974] Mountpoint-cache hash table entries: 4096 (order: 3, 32768 bytes, linear)
[    1.602674] smpboot: CPU0: AMD QEMU Virtual CPU version 2.5+ (family: 0xf, model: 0x6b, stepping: 0x1)
[    1.626723] cblist_init_generic: Setting adjustable number of callback queues.
[    1.627009] cblist_init_generic: Setting shift to 1 and lim to 1.
[    1.629050] Running RCU-tasks wait API self tests
[    1.751071] Performance Events: PMU not available due to virtualization, using software events only.
[    1.757470] signal: max sigframe size: 1440
[    1.761500] rcu: Hierarchical SRCU implementation.
[    1.761883] rcu: 	Max phase no-delay instances is 400.
[    1.789032] smp: Bringing up secondary CPUs ...
[    1.809723] x86: Booting SMP configuration:
[    1.810548] .... node  #0, CPUs:      #1
[    1.901556] Callback from call_rcu_tasks() invoked.
[    1.925458] smp: Brought up 1 node, 2 CPUs
[    1.925827] smpboot: Max logical packages: 1
[    1.926162] smpboot: Total of 2 processors activated (11196.28 BogoMIPS)
[    1.988302] devtmpfs: initialized
[    2.101104] clocksource: jiffies: mask: 0xffffffff max_cycles: 0xffffffff, max_idle_ns: 1911260446275000 ns
[    2.102840] futex hash table entries: 512 (order: 4, 65536 bytes, linear)
[    2.123974] PM: RTC time: 06:58:31, date: 2026-05-28
[    2.155841] NET: Registered PF_NETLINK/PF_ROUTE protocol family
[    2.189328] audit: initializing netlink subsys (disabled)
[    2.201351] audit: type=2000 audit(1779951511.232:1): state=initialized audit_enabled=0 res=1
[    2.219129] thermal_sys: Registered thermal governor 'step_wise'
[    2.219254] thermal_sys: Registered thermal governor 'user_space'
[    2.221014] cpuidle: using governor menu
[    2.235992] PCI: Using configuration type 1 for base access
[    2.243866] mtrr: your CPUs had inconsistent fixed MTRR settings
[    2.244046] mtrr: your CPUs had inconsistent variable MTRR settings
[    2.244193] mtrr: your CPUs had inconsistent MTRRdefType settings
[    2.244340] mtrr: probably your BIOS does not setup all CPUs.
[    2.244462] mtrr: corrected configuration.
[    2.638725] kprobes: kprobe jump-optimization is enabled. All kprobes are optimized if possible.
[    2.655924] HugeTLB: registered 2.00 MiB page size, pre-allocated 0 pages
[    2.656250] HugeTLB: 28 KiB vmemmap can be freed for a 2.00 MiB page
[    2.684093] ACPI: Added _OSI(Module Device)
[    2.684304] ACPI: Added _OSI(Processor Device)
[    2.684436] ACPI: Added _OSI(3.0 _SCP Extensions)
[    2.684553] ACPI: Added _OSI(Processor Aggregator Device)
[    2.887735] ACPI: 1 ACPI AML tables successfully acquired and loaded
[    2.979916] ACPI: Interpreter enabled
[    2.983533] ACPI: PM: (supports S0 S3 S4 S5)
[    2.983857] ACPI: Using IOAPIC for interrupt routing
[    2.985807] PCI: Using host bridge windows from ACPI; if necessary, use "pci=nocrs" and report a bug
[    2.986058] PCI: Using E820 reservations for host bridge windows
[    2.999508] ACPI: Enabled 2 GPEs in block 00 to 0F
[    3.417321] ACPI: PCI Root Bridge [PCI0] (domain 0000 [bus 00-ff])
[    3.419115] acpi PNP0A03:00: _OSC: OS supports [ASPM ClockPM Segments MSI HPX-Type3]
[    3.419601] acpi PNP0A03:00: _OSC: not requesting OS control; OS requires [ExtendedConfig ASPM ClockPM MSI]
[    3.422976] acpi PNP0A03:00: fail to add MMCONFIG information, can't access extended PCI configuration space under this bridge.
[    3.438697] PCI host bridge to bus 0000:00
[    3.439401] pci_bus 0000:00: root bus resource [io  0x0000-0x0cf7 window]
[    3.439905] pci_bus 0000:00: root bus resource [io  0x0d00-0xffff window]
[    3.440120] pci_bus 0000:00: root bus resource [mem 0x000a0000-0x000bffff window]
[    3.440415] pci_bus 0000:00: root bus resource [mem 0x80000000-0xfebfffff window]
[    3.440759] pci_bus 0000:00: root bus resource [mem 0x100000000-0x17fffffff window]
[    3.441332] pci_bus 0000:00: root bus resource [bus 00-ff]
[    3.445994] pci 0000:00:00.0: [8086:1237] type 00 class 0x060000
[    3.539401] pci 0000:00:01.0: [8086:7000] type 00 class 0x060100
[    3.549861] pci 0000:00:01.1: [8086:7010] type 00 class 0x010180
[    3.552510] pci 0000:00:01.1: reg 0x20: [io  0xc040-0xc04f]
[    3.553717] pci 0000:00:01.1: legacy IDE quirk: reg 0x10: [io  0x01f0-0x01f7]
[    3.553995] pci 0000:00:01.1: legacy IDE quirk: reg 0x14: [io  0x03f6]
[    3.554206] pci 0000:00:01.1: legacy IDE quirk: reg 0x18: [io  0x0170-0x0177]
[    3.554397] pci 0000:00:01.1: legacy IDE quirk: reg 0x1c: [io  0x0376]
[    3.559027] pci 0000:00:01.3: [8086:7113] type 00 class 0x068000
[    3.560401] pci 0000:00:01.3: quirk: [io  0x0600-0x063f] claimed by PIIX4 ACPI
[    3.560758] pci 0000:00:01.3: quirk: [io  0x0700-0x070f] claimed by PIIX4 SMB
[    3.564764] pci 0000:00:02.0: [1234:1111] type 00 class 0x030000
[    3.565599] pci 0000:00:02.0: reg 0x10: [mem 0xfd000000-0xfdffffff pref]
[    3.566674] pci 0000:00:02.0: reg 0x18: [mem 0xfebb0000-0xfebb0fff]
[    3.568674] pci 0000:00:02.0: reg 0x30: [mem 0xfeba0000-0xfebaffff pref]
[    3.570215] pci 0000:00:02.0: Video device with shadowed ROM at [mem 0x000c0000-0x000dffff]
[    3.652903] pci 0000:00:03.0: [8086:100e] type 00 class 0x020000
[    3.653674] pci 0000:00:03.0: reg 0x10: [mem 0xfeb80000-0xfeb9ffff]
[    3.654344] pci 0000:00:03.0: reg 0x14: [io  0xc000-0xc03f]
[    3.657674] pci 0000:00:03.0: reg 0x30: [mem 0xfeb00000-0xfeb7ffff pref]
[    3.793214] ACPI: PCI: Interrupt link LNKA configured for IRQ 10
[    3.805059] ACPI: PCI: Interrupt link LNKB configured for IRQ 10
[    3.816059] ACPI: PCI: Interrupt link LNKC configured for IRQ 11
[    3.827063] ACPI: PCI: Interrupt link LNKD configured for IRQ 11
[    3.831892] ACPI: PCI: Interrupt link LNKS configured for IRQ 9
[    3.854602] iommu: Default domain type: Translated 
[    3.854862] iommu: DMA domain TLB invalidation policy: lazy mode 
[    3.868760] SCSI subsystem initialized
[    3.877582] ACPI: bus type USB registered
[    3.880803] usbcore: registered new interface driver usbfs
[    3.882414] usbcore: registered new interface driver hub
[    3.883587] usbcore: registered new device driver usb
[    3.886563] pps_core: LinuxPPS API ver. 1 registered
[    3.886796] pps_core: Software ver. 5.3.6 - Copyright 2005-2007 Rodolfo Giometti <giometti@linux.it>
[    3.887481] PTP clock support registered
[    3.896384] Advanced Linux Sound Architecture Driver Initialized.
[    3.929050] NetLabel: Initializing
[    3.929268] NetLabel:  domain hash size = 128
[    3.929395] NetLabel:  protocols = UNLABELED CIPSOv4 CALIPSO
[    3.933062] NetLabel:  unlabeled traffic allowed by default
[    3.945144] PCI: Using ACPI for IRQ routing
[    3.950674] pci 0000:00:02.0: vgaarb: setting as boot VGA device
[    3.950674] pci 0000:00:02.0: vgaarb: bridge control possible
[    3.950674] pci 0000:00:02.0: vgaarb: VGA device added: decodes=io+mem,owns=io+mem,locks=none
[    3.950768] vgaarb: loaded
[    3.954930] hpet: 3 channels of 0 reserved for per-cpu timers
[    3.955542] hpet0: at MMIO 0xfed00000, IRQs 2, 8, 0
[    3.956011] hpet0: 3 comparators, 64-bit 100.000000 MHz counter
[    4.009509] clocksource: Switched to clocksource hpet
[    4.042011] VFS: Disk quotas dquot_6.6.0
[    4.042960] VFS: Dquot-cache hash table entries: 512 (order 0, 4096 bytes)
[    4.051731] pnp: PnP ACPI init
[    4.100738] pnp: PnP ACPI: found 6 devices
[    4.345967] clocksource: acpi_pm: mask: 0xffffff max_cycles: 0xffffff, max_idle_ns: 2085701024 ns
[    4.349699] NET: Registered PF_INET protocol family
[    4.355029] IP idents hash table entries: 32768 (order: 6, 262144 bytes, linear)
[    4.398087] tcp_listen_portaddr_hash hash table entries: 1024 (order: 4, 73728 bytes, linear)
[    4.399008] Table-perturb hash table entries: 65536 (order: 6, 262144 bytes, linear)
[    4.399871] TCP established hash table entries: 16384 (order: 5, 131072 bytes, linear)
[    4.408538] TCP bind hash table entries: 16384 (order: 9, 2359296 bytes, linear)
[    4.418594] TCP: Hash tables configured (established 16384 bind 16384)
[    4.422646] UDP hash table entries: 1024 (order: 5, 163840 bytes, linear)
[    4.423877] UDP-Lite hash table entries: 1024 (order: 5, 163840 bytes, linear)
[    4.430073] NET: Registered PF_UNIX/PF_LOCAL protocol family
[    4.443023] RPC: Registered named UNIX socket transport module.
[    4.443547] RPC: Registered udp transport module.
[    4.443697] RPC: Registered tcp transport module.
[    4.443821] RPC: Registered tcp NFSv4.1 backchannel transport module.
[    4.454793] pci_bus 0000:00: resource 4 [io  0x0000-0x0cf7 window]
[    4.455059] pci_bus 0000:00: resource 5 [io  0x0d00-0xffff window]
[    4.455400] pci_bus 0000:00: resource 6 [mem 0x000a0000-0x000bffff window]
[    4.455584] pci_bus 0000:00: resource 7 [mem 0x80000000-0xfebfffff window]
[    4.455751] pci_bus 0000:00: resource 8 [mem 0x100000000-0x17fffffff window]
[    4.459886] pci 0000:00:01.0: PIIX3: Enabling Passive Release
[    4.460479] pci 0000:00:00.0: Limiting direct PCI/PCI transfers
[    4.461084] PCI: CLS 0 bytes, default 64
[    4.485903] Unpacking initramfs...
[    5.099486] Freeing initrd memory: 1408K
[   10.872369] Initialise system trusted keyrings
[   10.885555] workingset: timestamp_bits=56 max_order=19 bucket_order=0
[   11.415603] NFS: Registering the id_resolver key type
[   11.416836] Key type id_resolver registered
[   11.417137] Key type id_legacy registered
[   11.428561] 9p: Installing v9fs 9p2000 file system support
[   11.498177] Key type asymmetric registered
[   11.498738] Asymmetric key parser 'x509' registered
[   11.500612] Block layer SCSI generic (bsg) driver version 0.4 loaded (major 251)
[   11.502889] io scheduler mq-deadline registered
[   11.503166] io scheduler kyber registered
[   11.532343] cryptomgr_test (42) used greatest stack depth: 29840 bytes left
[   11.544354] input: Power Button as /devices/LNXSYSTM:00/LNXPWRBN:00/input/input0
[   11.559004] ACPI: button: Power Button [PWRF]
[   11.589947] Serial: 8250/16550 driver, 4 ports, IRQ sharing enabled
[   11.597753] 00:04: ttyS0 at I/O 0x3f8 (irq = 4, base_baud = 115200) is a 16550A
[   11.674722] Non-volatile memory driver v1.3
[   11.674981] Linux agpgart interface v0.103
[   11.683546] ACPI: bus type drm_connector registered
[   12.046028] loop: module loaded
[   12.142849] scsi host0: ata_piix
[   12.176624] scsi host1: ata_piix
[   12.185616] ata1: PATA max MWDMA2 cmd 0x1f0 ctl 0x3f6 bmdma 0xc040 irq 14
[   12.186123] ata2: PATA max MWDMA2 cmd 0x170 ctl 0x376 bmdma 0xc048 irq 15
[   12.241368] e100: Intel(R) PRO/100 Network Driver
[   12.241633] e100: Copyright(c) 1999-2006 Intel Corporation
[   12.243091] e1000: Intel(R) PRO/1000 Network Driver
[   12.243513] e1000: Copyright (c) 1999-2006 Intel Corporation.
[   12.365022] ata2: found unknown device (class 0)
[   12.384635] ata2.00: ATAPI: QEMU DVD-ROM, 2.5+, max UDMA/100
[   12.437099] scsi 1:0:0:0: CD-ROM            QEMU     QEMU DVD-ROM     2.5+ PQ: 0 ANSI: 5
[   12.525650] sr 1:0:0:0: [sr0] scsi3-mmc drive: 4x/4x cd/rw xa/form2 tray
[   12.527418] cdrom: Uniform CD-ROM driver Revision: 3.20
[   12.612480] sr 1:0:0:0: Attached scsi generic sg0 type 5
[   25.132610] ACPI: \_SB_.LNKC: Enabled at IRQ 11
[   25.469725] e1000 0000:00:03.0 eth0: (PCI:33MHz:32-bit) 52:54:00:12:34:56
[   25.471666] e1000 0000:00:03.0 eth0: Intel(R) PRO/1000 Network Connection
[   25.482831] e1000e: Intel(R) PRO/1000 Network Driver
[   25.483147] e1000e: Copyright(c) 1999 - 2015 Intel Corporation.
[   25.486181] sky2: driver version 1.30
[   25.520636] usbcore: registered new interface driver usblp
[   25.523373] usbcore: registered new interface driver usb-storage
[   25.528946] i8042: PNP: PS/2 Controller [PNP0303:KBD,PNP0f13:MOU] at 0x60,0x64 irq 1,12
[   25.542940] serio: i8042 KBD port at 0x60,0x64 irq 1
[   25.544647] serio: i8042 AUX port at 0x60,0x64 irq 12
[   25.568683] rtc_cmos 00:05: RTC can wake from S4
[   25.578853] input: AT Translated Set 2 keyboard as /devices/platform/i8042/serio0/input/input1
[   25.607610] rtc_cmos 00:05: registered as rtc0
[   25.614117] rtc_cmos 00:05: alarms up to one day, y3k, 242 bytes nvram, hpet irqs
[   25.623010] fail to initialize ptp_kvm
[   25.640947] device-mapper: ioctl: 4.47.0-ioctl (2022-07-28) initialised: dm-devel@redhat.com
[   25.644917] hid: raw HID events driver (C) Jiri Kosina
[   25.674946] usbcore: registered new interface driver usbhid
[   25.675216] usbhid: USB HID core driver
[   25.754403] Initializing XFRM netlink socket
[   25.785766] NET: Registered PF_INET6 protocol family
[   25.861364] Segment Routing with IPv6
[   25.862990] In-situ OAM (IOAM) with IPv6
[   25.873096] sit: IPv6, IPv4 and MPLS over IPv4 tunneling driver
[   25.897739] NET: Registered PF_PACKET protocol family
[   25.905849] 9pnet: Installing 9P2000 support
[   25.908201] Key type dns_resolver registered
[   25.945091] IPI shorthand broadcast: enabled
[   25.963679] registered taskstats version 1
[   25.964086] Loading compiled-in X.509 certificates
[   26.026888] cryptomgr_test (64) used greatest stack depth: 29488 bytes left
[   26.063548] PM:   Magic number: 10:176:975
[   26.064731] input: ImExPS/2 Generic Explorer Mouse as /devices/platform/i8042/serio1/input/input3
[   26.067570] printk: console [netcon0] enabled
[   26.067982] netconsole: network logging started
[   26.097509] cfg80211: Loading compiled-in X.509 certificates for regulatory database
[   26.156421] kworker/u4:1 (74) used greatest stack depth: 28592 bytes left
[   26.206969] cfg80211: Loaded X.509 cert 'sforshee: 00b28ddf47aef9cea7'
[   26.213488] cfg80211: Loaded X.509 cert 'wens: 61c038651aabdcf94bd0ac7ff06c7248db18c600'
[   26.224430] Unstable clock detected, switching default tracing clock to "global"
[   26.224430] If you want to keep using the local clock, then add:
[   26.224430]   "trace_clock=local"
[   26.224430] on the kernel command line
[   26.225768] platform regulatory.0: Direct firmware load for regulatory.db failed with error -2
[   26.231060] cfg80211: failed to load regulatory.db
[   26.236075] ALSA device list:
[   26.236708]   No soundcards found.
[   26.384906] Freeing unused kernel image (initmem) memory: 2192K
[   26.386762] Write protecting the kernel read-only data: 63488k
[   26.408092] Freeing unused kernel image (text/rodata gap) memory: 2032K
[   26.412830] Freeing unused kernel image (rodata/data gap) memory: 680K
[   27.028652] x86/mm: Checked W+X mappings: passed, no W+X pages found.
[   27.031483] Run /init as init process
[   27.493802] busybox (78) used greatest stack depth: 27168 bytes left
[init] linux 6.1.72 up
[init] running /root/exploit (CVE-2024-1086 trigger)
[*] creating user namespace (CLONE_NEWUSER)...
[*] creating network namespace (CLONE_NEWNET)...
[*] setting up UID namespace...
[*] mapping uid 0 to namespace uid 0...
[*] denying namespace rights to set user groups...
[*] mapping gid 0 to namespace gid 0...
uid=0 gid=0
[*] configuring localhost in namespace...
1: lo: <LOOPBACK,UP,LOWER_UP> mtu 65536 qdisc noqueue qlen 1000
    link/loopback 00:00:00:00:00:00 brd 00:00:00:00:00:00
    inet 127.0.0.1/8 scope host lo
       valid_lft forever preferred_lft forever
    inet6 ::1/128 scope host 
       valid_lft forever preferred_lft forever
[*] setting up nftables...
[*] allocating netfilter objects...
[*] sending nftables tables/chains/rules/expr using netlink...
sh: /sbin/nft: not found
[*] cleaning files from possible previous use...
[+] running bypassed privesc
[*] doing first useless allocs to setup caching and stuff...
[*] allocated VMAs for process:
  - pmd_area: 0x40000000
  - pud_area: 0x8000000000
  - memdump area: 0x7fb294f0d000
  - modprobe_path: '/sbin/modprobe' @ 0x7fb294f0c000
[*] sending intermediate buffer packet...
[*] sending IP packet (32796 bytes)...
[+] sendto succeeded
[*] waiting for the calm before the storm...
[*] syncing cpu 1...
[*] sending intermediate buffer packet...
[*] sending IP packet (28 bytes)...
[+] sendto succeeded
[*] sending double free buffer packet...
[*] sending IP packet (32796 bytes)...
[   38.485929] ==================================================================
[   38.486281] BUG: KASAN: use-after-free in ip_rcv+0x6b1/0x730
[   38.486281] Read of size 8 at addr ffff888007da5710 by task exploit/87
[   38.486281] 
[   38.486281] CPU: 0 PID: 87 Comm: exploit Not tainted 6.1.72 #1
[   38.486281] Hardware name: QEMU Standard PC (i440FX + PIIX, 1996), BIOS 1.15.0-1 04/01/2014
[   38.486281] Call Trace:
[   38.486281]  <IRQ>
[   38.486281]  dump_stack_lvl+0x68/0x85
[   38.486281]  print_report+0x172/0x475
[   38.486281]  ? __virt_addr_valid+0x5e/0x2e0
[   38.486281]  ? ip_rcv+0x6b1/0x730
[   38.486281]  kasan_report+0xbb/0x160
[   38.486281]  ? ip_rcv+0x6b1/0x730
[   38.486281]  ip_rcv+0x6b1/0x730
[   38.486281]  ? ip_rcv_finish+0x430/0x430
[   38.486281]  ? ip_list_rcv_finish.constprop.0+0x5d0/0x5d0
[   38.486281]  ? ip_rcv_finish+0x430/0x430
[   38.486281]  __netif_receive_skb_one_core+0x19b/0x1f0
[   38.486281]  ? __netif_receive_skb_list_core+0x960/0x960
[   38.486281]  ? lock_downgrade+0x6d0/0x6d0
[   38.486281]  ? rwlock_bug.part.0+0x90/0x90
[   38.486281]  __netif_receive_skb+0x1f/0x1b0
[   38.486281]  process_backlog+0x120/0x660
[   38.486281]  ? _raw_spin_unlock_irq+0x1f/0x40
[   38.486281]  __napi_poll.constprop.0+0xa6/0x510
[   38.486281]  net_rx_action+0x472/0xb40
[   38.486281]  ? __napi_poll.constprop.0+0x510/0x510
[   38.486281]  ? __do_softirq+0x16d/0x84f
[   38.486281]  __do_softirq+0x1b3/0x84f
[   38.486281]  ? __dev_queue_xmit+0xd7e/0x3350
[   38.486281]  do_softirq+0xb6/0xe0
[   38.486281]  </IRQ>
[   38.486281]  <TASK>
[   38.486281]  ? __dev_queue_xmit+0xd7e/0x3350
[   38.486281]  __local_bh_enable_ip+0xe9/0x110
[   38.486281]  __dev_queue_xmit+0xd93/0x3350
[   38.486281]  ? lockdep_hardirqs_on_prepare+0x400/0x400
[   38.486281]  ? netdev_core_pick_tx+0x2b0/0x2b0
[   38.486281]  ? find_held_lock+0x2c/0x110
[   38.486281]  ? lock_release+0x1dd/0x6d0
[   38.486281]  ? __ip_finish_output.part.0+0x18d/0x300
[   38.486281]  ? lock_downgrade+0x6d0/0x6d0
[   38.486281]  ? lock_release+0x1dd/0x6d0
[   38.486281]  ? lock_downgrade+0x6d0/0x6d0
[   38.486281]  ? ip_finish_output2+0x1a58/0x2130
[   38.486281]  ? ip_finish_output2+0x13f3/0x2130
[   38.486281]  ? ip_finish_output2+0x1a58/0x2130
[   38.486281]  ip_finish_output2+0x13f3/0x2130
[   38.486281]  ? ip_fragment.constprop.0+0x200/0x200
[   38.486281]  ? dst_output+0x400/0x400
[   38.486281]  ? __ip_finish_output.part.0+0x18d/0x300
[   38.486281]  __ip_finish_output.part.0+0x18d/0x300
[   38.486281]  ip_output+0x2b3/0x8a0
[   38.486281]  ? __ip_append_data+0x35e0/0x35e0
[   38.486281]  raw_sendmsg+0x22df/0x29f0
[   38.486281]  ? raw_recvmsg+0x6c0/0x6c0
[   38.486281]  ? lock_release+0x1dd/0x6d0
[   38.486281]  ? find_held_lock+0x2c/0x110
[   38.486281]  ? raw_sendmsg+0x29f0/0x29f0
[   38.486281]  ? _raw_spin_unlock_irqrestore+0x28/0x50
[   38.486281]  ? sock_has_perm+0x1e2/0x280
[   38.486281]  ? selinux_binder_transaction+0x210/0x210
[   38.486281]  ? find_held_lock+0x2c/0x110
[   38.486281]  ? lock_release+0x1dd/0x6d0
[   38.486281]  ? raw_recvmsg+0x6c0/0x6c0
[   38.486281]  ? inet_sendmsg+0x112/0x140
[   38.486281]  inet_sendmsg+0x112/0x140
[   38.486281]  ? inet_splice_eof+0xb0/0xb0
[   38.486281]  __sock_sendmsg+0x125/0x180
[   38.486281]  __sys_sendto+0x206/0x320
[   38.486281]  ? __ia32_sys_getpeername+0xb0/0xb0
[   38.486281]  ? redirected_tty_write+0xad/0xd0
[   38.486281]  ? up_write+0x530/0x530
[   38.486281]  ? __fget_light+0x1f3/0x260
[   38.486281]  ? ksys_write+0x158/0x210
[   38.486281]  ? __ia32_sys_read+0xa0/0xa0
[   38.486281]  __x64_sys_sendto+0xdc/0x1b0
[   38.486281]  ? syscall_enter_from_user_mode+0x1d/0x50
[   38.486281]  do_syscall_64+0x3b/0x90
[   38.486281]  entry_SYSCALL_64_after_hwframe+0x64/0xce
[   38.486281] RIP: 0033:0x454833
[   38.486281] Code: 48 c7 c3 ff ff ff ff 64 89 02 eb bd 66 2e 0f 1f 84 00 00 00 00 00 90 80 3d 51 27 07 00 00 41 89 ca 74 14 b8 2c 00 00 00 0f 05 <48> 3d 00 f0 ff ff 77 75 c3 0f 1f 40 00 55 48 83 ec 30 44 89 4c 24
[   38.486281] RSP: 002b:00007ffe6032d9f8 EFLAGS: 00000202 ORIG_RAX: 000000000000002c
[   38.486281] RAX: ffffffffffffffda RBX: 00007ffe6032dd58 RCX: 0000000000454833
[   38.486281] RDX: 000000000000801c RSI: 00000000004d82e0 RDI: 0000000000000003
[   38.486281] RBP: 00007ffe6032da20 R08: 00007ffe6032da50 R09: 0000000000000010
[   38.486281] R10: 0000000000000000 R11: 0000000000000202 R12: 0000000000000001
[   38.486281] R13: 00007ffe6032dd48 R14: 0000000000000001 R15: 0000000000000001
[   38.486281]  </TASK>
[   38.486281] 
[   38.486281] Allocated by task 87:
[   38.486281]  kasan_save_stack+0x1e/0x40
[   38.486281]  kasan_set_track+0x21/0x30
[   38.486281]  __kasan_slab_alloc+0x58/0x70
[   38.486281]  kmem_cache_alloc_node+0xeb/0x280
[   38.486281]  __alloc_skb+0x234/0x2d0
[   38.486281]  alloc_skb_with_frags+0x87/0x610
[   38.486281]  sock_alloc_send_pskb+0x6e5/0x860
[   38.486281]  raw_sendmsg+0x12be/0x29f0
[   38.486281]  inet_sendmsg+0x112/0x140
[   38.486281]  __sock_sendmsg+0x125/0x180
[   38.486281]  __sys_sendto+0x206/0x320
[   38.486281]  __x64_sys_sendto+0xdc/0x1b0
[   38.486281]  do_syscall_64+0x3b/0x90
[   38.486281]  entry_SYSCALL_64_after_hwframe+0x64/0xce
[   38.486281] 
[   38.486281] Freed by task 87:
[   38.486281]  kasan_save_stack+0x1e/0x40
[   38.486281]  kasan_set_track+0x21/0x30
[   38.486281]  kasan_save_free_info+0x2a/0x50
[   38.486281]  __kasan_slab_free+0x106/0x190
[   38.486281]  kmem_cache_free+0xaf/0x370
[   38.486281]  kfree_skbmem+0xb7/0x160
[   38.486281]  kfree_skb_reason+0x108/0x280
[   38.486281]  nf_hook_slow+0x148/0x1b0
[   38.486281]  ip_rcv+0x1bf/0x730
[   38.486281]  __netif_receive_skb_one_core+0x19b/0x1f0
[   38.486281]  __netif_receive_skb+0x1f/0x1b0
[   38.486281]  process_backlog+0x120/0x660
[   38.486281]  __napi_poll.constprop.0+0xa6/0x510
[   38.486281]  net_rx_action+0x472/0xb40
[   38.486281]  __do_softirq+0x1b3/0x84f
[   38.486281] 
[   38.486281] The buggy address belongs to the object at ffff888007da5700
[   38.486281]  which belongs to the cache skbuff_head_cache of size 240
[   38.486281] The buggy address is located 16 bytes inside of
[   38.486281]  240-byte region [ffff888007da5700, ffff888007da57f0)
[   38.486281] 
[   38.486281] The buggy address belongs to the physical page:
[   38.486281] page:ffffea00001f6900 refcount:1 mapcount:0 mapping:0000000000000000 index:0xffff888007da58c0 pfn:0x7da4
[   38.486281] head:ffffea00001f6900 order:1 compound_mapcount:0 compound_pincount:0
[   38.486281] flags: 0x100000000010200(slab|head|node=0|zone=1)
[   38.486281] raw: 0100000000010200 ffff888007617948 ffff888007617948 ffff888007649cc0
[   38.486281] raw: ffff888007da58c0 000000000012000e 00000001ffffffff 0000000000000000
[   38.486281] page dumped because: kasan: bad access detected
[   38.486281] 
[   38.486281] Memory state around the buggy address:
[   38.486281]  ffff888007da5600: 00 00 00 00 00 00 fc fc fc fc fc fc fc fc fc fc
[   38.486281]  ffff888007da5680: fc fc fc fc fc fc fc fc fc fc fc fc fc fc fc fc
[   38.486281] >ffff888007da5700: fa fb fb fb fb fb fb fb fb fb fb fb fb fb fb fb
[   38.486281]                          ^
[   38.486281]  ffff888007da5780: fb fb fb fb fb fb fb fb fb fb fb fb fb fb fc fc
[   38.486281]  ffff888007da5800: fc fc fc fc fc fc fc fc fc fc fc fc fc fc fc fc
[   38.486281] ==================================================================
[   38.523431] Disabling lock debugging due to kernel taint
[+] sendto succeeded
[*] syncing cpu 0...
[*] sending intermediate buffer packet...
[*] sending IP packet (20 bytes)...
[   39.635587] ------------[ cut here ]------------
[   39.635967] WARNING: CPU: 1 PID: 91 at mm/slab_common.c:923 free_large_kmalloc+0x76/0xb0
[   39.636486] Modules linked in:
[   39.636920] CPU: 1 PID: 91 Comm: exploit Tainted: G    B              6.1.72 #1
[   39.637193] Hardware name: QEMU Standard PC (i440FX + PIIX, 1996), BIOS 1.15.0-1 04/01/2014
[   39.637514] RIP: 0010:free_large_kmalloc+0x76/0xb0
[   39.637795] Code: 4c 89 e2 be 06 00 00 00 48 c1 e8 3a 48 8b 3c c5 e0 d9 b0 85 e8 3b 9d fe ff 44 89 ee 5b 48 89 ef 5d 41 5c 41 5d e9 3a b9 09 00 <0f> 0b 0f b6 1d df c0 4e 04 80 fb 01 0f 87 b6 2f 75 02 83 e3 01 0f
[   39.638145] RSP: 0018:ffff88806cd098d0 EFLAGS: 00000246
[   39.638476] RAX: 0100000000000000 RBX: 0000000000000000 RCX: ffffffff830d8337
[   39.638675] RDX: ffff88807fe7c6e0 RSI: ffff88800db30000 RDI: ffffea000036cc00
[   39.638864] RBP: ffffea000036cc00 R08: 0000000000000000 R09: ffffffff85b0dc17
[   39.639053] R10: fffffbfff0b61b82 R11: 0000000000000001 R12: ffff88800db30000
[   39.639340] R13: ffff88800db3fef0 R14: ffff888007da5700 R15: ffff88800db3fec0
[   39.639600] FS:  0000000000fb8380(0000) GS:ffff88806cd00000(0000) knlGS:0000000000000000
[   39.639857] CS:  0010 DS: 0000 ES: 0000 CR0: 0000000080050033
[   39.640057] CR2: 00000000004a81c0 CR3: 000000000d8a6000 CR4: 00000000000006e0
[   39.640395] Call Trace:
[   39.640687]  <IRQ>
[   39.640826]  ? __warn+0xe2/0x1a0
[   39.641034]  ? free_large_kmalloc+0x76/0xb0
[   39.641348]  ? report_bug+0x238/0x2b0
[   39.641592]  ? handle_bug+0x3c/0x70
[   39.641791]  ? exc_invalid_op+0x14/0x50
[   39.641993]  ? asm_exc_invalid_op+0x16/0x20
[   39.642301]  ? skb_release_data+0x5a7/0x6b0
[   39.642537]  ? free_large_kmalloc+0x76/0xb0
[   39.642774]  skb_release_data+0x562/0x6b0
[   39.642991]  ? inet_frag_rbtree_purge+0xa0/0xe0
[   39.643324]  kfree_skb_reason+0xfb/0x280
[   39.643568]  inet_frag_rbtree_purge+0xa0/0xe0
[   39.643807]  inet_frag_destroy+0xbe/0x160
[   39.644040]  ip_defrag+0x1243/0x22b0
[   39.644375]  ? mark_lock.part.0+0xfa/0x30e0
[   39.644611]  ? ipv4_frags_exit_net+0xb0/0xb0
[   39.644857]  ? lock_chain_count+0x20/0x20
[   39.645094]  ip_local_deliver+0x15b/0x500
[   39.645406]  ? ip_local_deliver_finish+0x490/0x490
[   39.645643]  ? ip_rcv+0x1e7/0x730
[   39.645862]  ? lock_downgrade+0x6d0/0x6d0
[   39.646083]  ? memset+0x20/0x50
[   39.646391]  ? ip_rcv_finish_core.constprop.0+0x578/0x1a10
[   39.646648]  ? ip_local_deliver_finish+0x490/0x490
[   39.646894]  ip_rcv+0x473/0x730
[   39.647112]  ? ip_rcv_finish+0x430/0x430
[   39.647417]  ? timekeeping_advance+0x631/0x950
[   39.647639]  ? ip_list_rcv_finish.constprop.0+0x5d0/0x5d0
[   39.647892]  ? ip_rcv_finish+0x430/0x430
[   39.648133]  __netif_receive_skb_one_core+0x19b/0x1f0
[   39.648468]  ? __netif_receive_skb_list_core+0x960/0x960
[   39.648720]  ? lock_downgrade+0x6d0/0x6d0
[   39.648940]  ? rwlock_bug.part.0+0x90/0x90
[   39.649175]  __netif_receive_skb+0x1f/0x1b0
[   39.649494]  process_backlog+0x120/0x660
[   39.649717]  ? read_hpet+0x13f/0x1f0
[   39.649921]  __napi_poll.constprop.0+0xa6/0x510
[   39.650150]  net_rx_action+0x472/0xb40
[   39.650462]  ? __napi_poll.constprop.0+0x510/0x510
[   39.650689]  ? lapic_next_event+0x52/0x90
[   39.650919]  ? clockevents_program_event+0x50/0x340
[   39.651155]  ? hrtimer_interrupt+0x535/0x6e0
[   39.651462]  __do_softirq+0x1b3/0x84f
[   39.651699]  ? __dev_queue_xmit+0xd7e/0x3350
[   39.651924]  do_softirq+0xb6/0xe0
[   39.652140]  </IRQ>
[   39.652360]  <TASK>
[   39.652499]  ? __dev_queue_xmit+0xd7e/0x3350
[   39.652720]  __local_bh_enable_ip+0xe9/0x110
[*] sending intermediate buffer packet...
[   39.652951]  __dev_queue_xmit+0xd93/0x3350
[   39.653425]  ? selinux_ip_postroute_compat+0x3e0/0x3e0
[   39.653656]  ? selinux_ip_postroute+0x402/0xb10
[*] sending IP packet (32796 bytes)...
[   39.653865]  ? __kasan_slab_alloc+0x2c/0x70
[   39.654321]  ? netdev_core_pick_tx+0x2b0/0x2b0
[   39.654555]  ? __kmalloc_node_track_caller+0xe0/0x160
[   39.654792]  ? memset+0x20/0x50
[   39.654992]  ? lock_acquire+0x417/0x4b0
[   39.655323]  ? lock_release+0x502/0x6d0
[   39.655546]  ? lock_release+0x6d0/0x6d0
[   39.655760]  ? __ip_finish_output.part.0+0x18d/0x300
[   39.655979]  ? lock_downgrade+0x6d0/0x6d0
[+] sendto succeeded[   39.656424]  ? lock_release+0x502/0x6d0

[   39.656650]  ? nf_hook+0x127/0x4d0
[   39.656898]  ? lock_downgrade+0x6d0/0x6d0
[   39.657132]  ? rt_set_nexthop.constprop.0+0x5fb/0x1130
[   39.657454]  ? trace_hardirqs_on+0x2d/0x110
[   39.657696]  ? ip_finish_output2+0x13f3/0x2130
[   39.657900]  ? ip_finish_output2+0x1a58/0x2130
[   39.658100]  ip_finish_output2+0x13f3/0x2130
[   39.658450]  ? ip_fragment.constprop.0+0x200/0x200
[   39.658693]  ? dst_output+0x400/0x400
[   39.658897]  ? __ip_finish_output.part.0+0x18d/0x300
[   39.659117]  __ip_finish_output.part.0+0x18d/0x300
[   39.659428]  ip_output+0x2b3/0x8a0
[   39.659634]  ? __ip_append_data+0x35e0/0x35e0
[   39.659845]  raw_sendmsg+0x22df/0x29f0
[   39.660065]  ? raw_recvmsg+0x6c0/0x6c0
[   39.660352]  ? lock_release+0x502/0x6d0
[   39.660585]  ? lock_acquire+0x417/0x4b0
[   39.660811]  ? raw_sendmsg+0x29f0/0x29f0
[   39.661013]  ? lock_downgrade+0x6d0/0x6d0
[   39.661320]  ? sock_has_perm+0x1e2/0x280
[   39.661541]  ? selinux_binder_transaction+0x210/0x210
[   39.661763]  ? trace_hardirqs_on+0x2d/0x110
[   39.661984]  ? _raw_spin_unlock_irqrestore+0x28/0x50
[   39.662280]  ? lock_release+0x502/0x6d0
[   39.662531]  ? raw_recvmsg+0x6c0/0x6c0
[   39.662739]  ? inet_sendmsg+0x112/0x140
[   39.662962]  inet_sendmsg+0x112/0x140
[   39.663271]  ? inet_splice_eof+0xb0/0xb0
[   39.663504]  __sock_sendmsg+0x125/0x180
[   39.663727]  __sys_sendto+0x206/0x320
[   39.663949]  ? __ia32_sys_getpeername+0xb0/0xb0
[   39.664184]  ? redirected_tty_write+0xad/0xd0
[   39.664555]  ? up_write+0x530/0x530
[   39.664762]  ? __fget_light+0x1f3/0x260
[   39.664967]  ? ksys_write+0x158/0x210
[   39.665172]  ? __ia32_sys_read+0xa0/0xa0
[   39.665491]  __x64_sys_sendto+0xdc/0x1b0
[   39.665723]  ? syscall_enter_from_user_mode+0x1d/0x50
[   39.665950]  do_syscall_64+0x3b/0x90
[   39.666151]  entry_SYSCALL_64_after_hwframe+0x64/0xce
[   39.666468] RIP: 0033:0x454833
[   39.666649] Code: 48 c7 c3 ff ff ff ff 64 89 02 eb bd 66 2e 0f 1f 84 00 00 00 00 00 90 80 3d 51 27 07 00 00 41 89 ca 74 14 b8 2c 00 00 00 0f 05 <48> 3d 00 f0 ff ff 77 75 c3 0f 1f 40 00 55 48 83 ec 30 44 89 4c 24
[   39.666996] RSP: 002b:00007ffe6032d9f8 EFLAGS: 00000202 ORIG_RAX: 000000000000002c
[   39.667358] RAX: ffffffffffffffda RBX: 00007ffe6032dd58 RCX: 0000000000454833
[   39.667569] RDX: 0000000000000014 RSI: 00000000004d82e0 RDI: 0000000000000003
[   39.667769] RBP: 00007ffe6032da20 R08: 00007ffe6032da50 R09: 0000000000000010
[   39.667969] R10: 0000000000000000 R11: 0000000000000202 R12: 0000000000000001
[   39.668163] R13: 00007ffe6032dd48 R14: 0000000000000001 R15: 0000000000000001
[   39.668487]  </TASK>
[   39.668731] irq event stamp: 377
[   39.668920] hardirqs last  enabled at (377): [<ffffffff84000d46>] asm_sysvec_apic_timer_interrupt+0x16/0x20
[   39.669438] hardirqs last disabled at (376): [<ffffffff83ea85eb>] irqentry_enter+0x4b/0x60
[   39.669764] softirqs last  enabled at (268): [<ffffffff81160b09>] __irq_exit_rcu+0xe9/0x130
[   39.670079] softirqs last disabled at (261): [<ffffffff81160b09>] __irq_exit_rcu+0xe9/0x130
[   39.670482] ---[ end trace 0000000000000000 ]---
[   39.670820] object pointer: 0xffff88800db30000
[   39.671238] BUG: unable to handle page fault for address: ffffffff848b4681
[   39.671238] #PF: supervisor write access in kernel mode
[   39.671238] #PF: error_code(0x0003) - permissions violation
[   39.671238] PGD 4e29067 P4D 4e29067 PUD 4e2a063 PMD 80000000048001e1 
[   39.671238] Oops: 0003 [#1] PREEMPT SMP KASAN NOPTI
[   39.671238] CPU: 1 PID: 91 Comm: exploit Tainted: G    B   W          6.1.72 #1
[   39.671238] Hardware name: QEMU Standard PC (i440FX + PIIX, 1996), BIOS 1.15.0-1 04/01/2014
[   39.671238] RIP: 0010:rb_erase+0x745/0x1070
[   39.671238] Code: 03 80 3c 11 00 0f 85 cf 07 00 00 48 89 c1 49 8b 5d 00 48 ba 00 00 00 00 00 fc ff df 48 c1 e9 03 80 3c 11 00 0f 85 d2 07 00 00 <48> 89 18 48 83 e3 fc 74 5d 48 ba 00 00 00 00 00 fc ff df 48 8d 7b
[   39.671238] RSP: 0018:ffff88806cd09938 EFLAGS: 00000246
[   39.671238] RAX: ffffffff848b4681 RBX: ffff888007da24c0 RCX: 1ffffffff09168d0
[   39.671238] RDX: dffffc0000000000 RSI: 0000000000000008 RDI: ffff888007da2340
[   39.671238] RBP: ffff888007da2340 R08: 00000000000001c0 R09: ffff88806cd3d283
[   39.671238] R10: ffffed100d9a7a50 R11: 0000000000000001 R12: 0000000000010100
[   39.671238] R13: ffff888007da2340 R14: 0000000000000000 R15: ffff888007da6418
[   39.671238] FS:  0000000000fb8380(0000) GS:ffff88806cd00000(0000) knlGS:0000000000000000
[   39.671238] CS:  0010 DS: 0000 ES: 0000 CR0: 0000000080050033
[   39.671238] CR2: ffffffff848b4681 CR3: 000000000d8a6000 CR4: 00000000000006e0
[   39.671238] Call Trace:
[   39.671238]  <IRQ>
[   39.671238]  ? __die_body.cold+0x1a/0x1f
[   39.671238]  ? page_fault_oops+0x138/0x530
[   39.671238]  ? dump_pagetable+0x130/0x130
[   39.671238]  ? trim_init_extable+0x280/0x280
[   39.671238]  ? trace_raw_output_x86_exceptions+0x130/0x130
[   39.671238]  ? console_emit_next_record.constprop.0+0x7c0/0x7c0
[   39.671238]  ? search_module_extables+0xd5/0x110
[   39.671238]  ? rb_erase+0x745/0x1070
[   39.671238]  ? fixup_exception+0xf8/0xc00
[   39.671238]  ? kernelmode_fixup_or_oops+0x1cb/0x240
[   39.671238]  ? __bad_area_nosemaphore+0x298/0x310
[   39.671238]  ? free_unref_page+0x2a4/0x380
[   39.671238]  ? spurious_kernel_fault+0x32/0x540
[   39.671238]  ? do_kern_addr_fault+0xc0/0xf0
[   39.671238]  ? exc_page_fault+0x123/0x140
[   39.671238]  ? asm_exc_page_fault+0x22/0x30
[   39.671238]  ? rb_erase+0x745/0x1070
[   39.671238]  ? rb_erase+0xf01/0x1070
[   39.671238]  inet_frag_rbtree_purge+0x51/0xe0
[   39.671238]  inet_frag_destroy+0xbe/0x160
[   39.671238]  ip_defrag+0x1243/0x22b0
[   39.671238]  ? mark_lock.part.0+0xfa/0x30e0
[   39.671238]  ? ipv4_frags_exit_net+0xb0/0xb0
[   39.671238]  ? lock_chain_count+0x20/0x20
[   39.671238]  ip_local_deliver+0x15b/0x500
[   39.671238]  ? ip_local_deliver_finish+0x490/0x490
[   39.671238]  ? ip_rcv+0x1e7/0x730
[   39.671238]  ? lock_downgrade+0x6d0/0x6d0
[   39.671238]  ? memset+0x20/0x50
[   39.671238]  ? ip_rcv_finish_core.constprop.0+0x578/0x1a10
[   39.671238]  ? ip_local_deliver_finish+0x490/0x490
[   39.671238]  ip_rcv+0x473/0x730
[   39.671238]  ? ip_rcv_finish+0x430/0x430
[   39.671238]  ? timekeeping_advance+0x631/0x950
[   39.671238]  ? ip_list_rcv_finish.constprop.0+0x5d0/0x5d0
[   39.671238]  ? ip_rcv_finish+0x430/0x430
[   39.671238]  __netif_receive_skb_one_core+0x19b/0x1f0
[   39.671238]  ? __netif_receive_skb_list_core+0x960/0x960
[   39.671238]  ? lock_downgrade+0x6d0/0x6d0
[   39.671238]  ? rwlock_bug.part.0+0x90/0x90
[   39.671238]  __netif_receive_skb+0x1f/0x1b0
[   39.671238]  process_backlog+0x120/0x660
[   39.671238]  ? read_hpet+0x13f/0x1f0
[   39.671238]  __napi_poll.constprop.0+0xa6/0x510
[   39.671238]  net_rx_action+0x472/0xb40
[   39.671238]  ? __napi_poll.constprop.0+0x510/0x510
[   39.671238]  ? lapic_next_event+0x52/0x90
[   39.671238]  ? clockevents_program_event+0x50/0x340
[   39.671238]  ? hrtimer_interrupt+0x535/0x6e0
[   39.671238]  __do_softirq+0x1b3/0x84f
[   39.671238]  ? __dev_queue_xmit+0xd7e/0x3350
[   39.671238]  do_softirq+0xb6/0xe0
[   39.671238]  </IRQ>
[   39.671238]  <TASK>
[   39.671238]  ? __dev_queue_xmit+0xd7e/0x3350
[   39.671238]  __local_bh_enable_ip+0xe9/0x110
[   39.671238]  __dev_queue_xmit+0xd93/0x3350
[   39.671238]  ? selinux_ip_postroute_compat+0x3e0/0x3e0
[   39.671238]  ? selinux_ip_postroute+0x402/0xb10
[   39.671238]  ? __kasan_slab_alloc+0x2c/0x70
[   39.671238]  ? netdev_core_pick_tx+0x2b0/0x2b0
[   39.671238]  ? __kmalloc_node_track_caller+0xe0/0x160
[   39.671238]  ? memset+0x20/0x50
[   39.671238]  ? lock_acquire+0x417/0x4b0
[   39.671238]  ? lock_release+0x502/0x6d0
[   39.671238]  ? lock_release+0x6d0/0x6d0
[   39.671238]  ? __ip_finish_output.part.0+0x18d/0x300
[   39.671238]  ? lock_downgrade+0x6d0/0x6d0
[   39.671238]  ? lock_release+0x502/0x6d0
[   39.671238]  ? nf_hook+0x127/0x4d0
[   39.671238]  ? lock_downgrade+0x6d0/0x6d0
[   39.671238]  ? rt_set_nexthop.constprop.0+0x5fb/0x1130
[   39.671238]  ? trace_hardirqs_on+0x2d/0x110
[   39.671238]  ? ip_finish_output2+0x13f3/0x2130
[   39.671238]  ? ip_finish_output2+0x1a58/0x2130
[   39.671238]  ip_finish_output2+0x13f3/0x2130
[   39.671238]  ? ip_fragment.constprop.0+0x200/0x200
[   39.671238]  ? dst_output+0x400/0x400
[   39.671238]  ? __ip_finish_output.part.0+0x18d/0x300
[   39.671238]  __ip_finish_output.part.0+0x18d/0x300
[   39.671238]  ip_output+0x2b3/0x8a0
[   39.671238]  ? __ip_append_data+0x35e0/0x35e0
[   39.671238]  raw_sendmsg+0x22df/0x29f0
[   39.671238]  ? raw_recvmsg+0x6c0/0x6c0
[   39.671238]  ? lock_release+0x502/0x6d0
[   39.671238]  ? lock_acquire+0x417/0x4b0
[   39.671238]  ? raw_sendmsg+0x29f0/0x29f0
[   39.671238]  ? lock_downgrade+0x6d0/0x6d0
[   39.671238]  ? sock_has_perm+0x1e2/0x280
[   39.671238]  ? selinux_binder_transaction+0x210/0x210
[   39.671238]  ? trace_hardirqs_on+0x2d/0x110
[   39.671238]  ? _raw_spin_unlock_irqrestore+0x28/0x50
[   39.671238]  ? lock_release+0x502/0x6d0
[   39.671238]  ? raw_recvmsg+0x6c0/0x6c0
[   39.671238]  ? inet_sendmsg+0x112/0x140
[   39.671238]  inet_sendmsg+0x112/0x140
[   39.671238]  ? inet_splice_eof+0xb0/0xb0
[   39.671238]  __sock_sendmsg+0x125/0x180
[   39.671238]  __sys_sendto+0x206/0x320
[   39.671238]  ? __ia32_sys_getpeername+0xb0/0xb0
[   39.671238]  ? redirected_tty_write+0xad/0xd0
[   39.671238]  ? up_write+0x530/0x530
[   39.671238]  ? __fget_light+0x1f3/0x260
[   39.671238]  ? ksys_write+0x158/0x210
[   39.671238]  ? __ia32_sys_read+0xa0/0xa0
[   39.671238]  __x64_sys_sendto+0xdc/0x1b0
[   39.671238]  ? syscall_enter_from_user_mode+0x1d/0x50
[   39.671238]  do_syscall_64+0x3b/0x90
[   39.671238]  entry_SYSCALL_64_after_hwframe+0x64/0xce
[   39.671238] RIP: 0033:0x454833
[   39.671238] Code: 48 c7 c3 ff ff ff ff 64 89 02 eb bd 66 2e 0f 1f 84 00 00 00 00 00 90 80 3d 51 27 07 00 00 41 89 ca 74 14 b8 2c 00 00 00 0f 05 <48> 3d 00 f0 ff ff 77 75 c3 0f 1f 40 00 55 48 83 ec 30 44 89 4c 24
[   39.671238] RSP: 002b:00007ffe6032d9f8 EFLAGS: 00000202 ORIG_RAX: 000000000000002c
[   39.671238] RAX: ffffffffffffffda RBX: 00007ffe6032dd58 RCX: 0000000000454833
[   39.671238] RDX: 0000000000000014 RSI: 00000000004d82e0 RDI: 0000000000000003
[   39.671238] RBP: 00007ffe6032da20 R08: 00007ffe6032da50 R09: 0000000000000010
[   39.671238] R10: 0000000000000000 R11: 0000000000000202 R12: 0000000000000001
[   39.671238] R13: 00007ffe6032dd48 R14: 0000000000000001 R15: 0000000000000001
[   39.671238]  </TASK>
[   39.671238] Modules linked in:
[   39.671238] CR2: ffffffff848b4681
[   39.671238] ---[ end trace 0000000000000000 ]---
[   39.671238] RIP: 0010:rb_erase+0x745/0x1070
[   39.671238] Code: 03 80 3c 11 00 0f 85 cf 07 00 00 48 89 c1 49 8b 5d 00 48 ba 00 00 00 00 00 fc ff df 48 c1 e9 03 80 3c 11 00 0f 85 d2 07 00 00 <48> 89 18 48 83 e3 fc 74 5d 48 ba 00 00 00 00 00 fc ff df 48 8d 7b
[   39.671238] RSP: 0018:ffff88806cd09938 EFLAGS: 00000246
[   39.671238] RAX: ffffffff848b4681 RBX: ffff888007da24c0 RCX: 1ffffffff09168d0
[   39.671238] RDX: dffffc0000000000 RSI: 0000000000000008 RDI: ffff888007da2340
[   39.671238] RBP: ffff888007da2340 R08: 00000000000001c0 R09: ffff88806cd3d283
[   39.671238] R10: ffffed100d9a7a50 R11: 0000000000000001 R12: 0000000000010100
[   39.671238] R13: ffff888007da2340 R14: 0000000000000000 R15: ffff888007da6418
[   39.671238] FS:  0000000000fb8380(0000) GS:ffff88806cd00000(0000) knlGS:0000000000000000
[   39.671238] CS:  0010 DS: 0000 ES: 0000 CR0: 0000000080050033
[   39.671238] CR2: ffffffff848b4681 CR3: 000000000d8a6000 CR4: 00000000000006e0
[   39.671238] Kernel panic - not syncing: Fatal exception in interrupt
[   39.671238] Kernel Offset: disabled
[   39.671238] Rebooting in 1 seconds..
