c[?7l[2J[0mSeaBIOS (version 1.15.0-1)


iPXE (https://ipxe.org) 00:03.0 CA00 PCI2.10 PnP PMM+7FF8B240+7FECB240 CA00
Press Ctrl-B to configure iPXE (PCI 00:03.0)...                                                                               


Booting from ROM...
c[?7l[2J[    0.000000] Linux version 6.1.72 (chanyoung@baymax) (gcc (Ubuntu 11.4.0-1ubuntu1~22.04.3) 11.4.0, GNU ld (GNU Binutils for Ubuntu) 2.38) #1 SMP PREEMPT_DYNAMIC Tue May 26 21:23:19 KST 2026
[    0.000000] Command line: console=ttyS0 panic=1 nokaslr oops=panic
[    0.000000] x86/split lock detection: #DB: warning on user-space bus_locks
[    0.000000] BIOS-provided physical RAM map:
[    0.000000] BIOS-e820: [mem 0x0000000000000000-0x000000000009fbff] usable
[    0.000000] BIOS-e820: [mem 0x000000000009fc00-0x000000000009ffff] reserved
[    0.000000] BIOS-e820: [mem 0x00000000000f0000-0x00000000000fffff] reserved
[    0.000000] BIOS-e820: [mem 0x0000000000100000-0x000000007ffdffff] usable
[    0.000000] BIOS-e820: [mem 0x000000007ffe0000-0x000000007fffffff] reserved
[    0.000000] BIOS-e820: [mem 0x00000000feffc000-0x00000000feffffff] reserved
[    0.000000] BIOS-e820: [mem 0x00000000fffc0000-0x00000000ffffffff] reserved
[    0.000000] NX (Execute Disable) protection: active
[    0.000000] SMBIOS 2.8 present.
[    0.000000] DMI: QEMU Standard PC (i440FX + PIIX, 1996), BIOS 1.15.0-1 04/01/2014
[    0.000000] Hypervisor detected: KVM
[    0.000000] kvm-clock: Using msrs 4b564d01 and 4b564d00
[    0.000004] kvm-clock: using sched offset of 583105424 cycles
[    0.000021] clocksource: kvm-clock: mask: 0xffffffffffffffff max_cycles: 0x1cd42e4dffb, max_idle_ns: 881590591483 ns
[    0.000048] tsc: Detected 2800.000 MHz processor
[    0.005254] last_pfn = 0x7ffe0 max_arch_pfn = 0x10000000000
[    0.005332] x86/PAT: Configuration [0-7]: WB  WC  UC- UC  WB  WP  UC- WT  
[    0.015119] found SMP MP-table at [mem 0x000f5ba0-0x000f5baf]
[    0.015188] Using GB pages for direct mapping
[    0.015802] RAMDISK: [mem 0x7fe80000-0x7ffdffff]
[    0.015828] ACPI: Early table checksum verification disabled
[    0.015866] ACPI: RSDP 0x00000000000F59E0 000014 (v00 BOCHS )
[    0.015890] ACPI: RSDT 0x000000007FFE1960 000034 (v01 BOCHS  BXPC     00000001 BXPC 00000001)
[    0.015924] ACPI: FACP 0x000000007FFE180C 000074 (v01 BOCHS  BXPC     00000001 BXPC 00000001)
[    0.015952] ACPI: DSDT 0x000000007FFE0040 0017CC (v01 BOCHS  BXPC     00000001 BXPC 00000001)
[    0.015968] ACPI: FACS 0x000000007FFE0000 000040
[    0.015980] ACPI: APIC 0x000000007FFE1880 000080 (v01 BOCHS  BXPC     00000001 BXPC 00000001)
[    0.015994] ACPI: HPET 0x000000007FFE1900 000038 (v01 BOCHS  BXPC     00000001 BXPC 00000001)
[    0.016009] ACPI: WAET 0x000000007FFE1938 000028 (v01 BOCHS  BXPC     00000001 BXPC 00000001)
[    0.016022] ACPI: Reserving FACP table memory at [mem 0x7ffe180c-0x7ffe187f]
[    0.016027] ACPI: Reserving DSDT table memory at [mem 0x7ffe0040-0x7ffe180b]
[    0.016032] ACPI: Reserving FACS table memory at [mem 0x7ffe0000-0x7ffe003f]
[    0.016036] ACPI: Reserving APIC table memory at [mem 0x7ffe1880-0x7ffe18ff]
[    0.016041] ACPI: Reserving HPET table memory at [mem 0x7ffe1900-0x7ffe1937]
[    0.016045] ACPI: Reserving WAET table memory at [mem 0x7ffe1938-0x7ffe195f]
[    0.016689] No NUMA configuration found
[    0.016693] Faking a node at [mem 0x0000000000000000-0x000000007ffdffff]
[    0.016704] NODE_DATA(0) allocated [mem 0x7fe7c000-0x7fe7ffff]
[    0.017619] Zone ranges:
[    0.017622]   DMA      [mem 0x0000000000001000-0x0000000000ffffff]
[    0.017629]   DMA32    [mem 0x0000000001000000-0x000000007ffdffff]
[    0.017635]   Normal   empty
[    0.017639] Movable zone start for each node
[    0.017642] Early memory node ranges
[    0.017644]   node   0: [mem 0x0000000000001000-0x000000000009efff]
[    0.017652]   node   0: [mem 0x0000000000100000-0x000000007ffdffff]
[    0.017665] Initmem setup node 0 [mem 0x0000000000001000-0x000000007ffdffff]
[    0.017691] On node 0, zone DMA: 1 pages in unavailable ranges
[    0.017981] On node 0, zone DMA: 97 pages in unavailable ranges
[    0.055210] On node 0, zone DMA32: 32 pages in unavailable ranges
[    0.270650] kasan: KernelAddressSanitizer initialized
[    0.270994] ACPI: PM-Timer IO Port: 0x608
[    0.271025] ACPI: LAPIC_NMI (acpi_id[0xff] dfl dfl lint[0x1])
[    0.271101] IOAPIC[0]: apic_id 0, version 17, address 0xfec00000, GSI 0-23
[    0.271117] ACPI: INT_SRC_OVR (bus 0 bus_irq 0 global_irq 2 dfl dfl)
[    0.271125] ACPI: INT_SRC_OVR (bus 0 bus_irq 5 global_irq 5 high level)
[    0.271131] ACPI: INT_SRC_OVR (bus 0 bus_irq 9 global_irq 9 high level)
[    0.271146] ACPI: INT_SRC_OVR (bus 0 bus_irq 10 global_irq 10 high level)
[    0.271152] ACPI: INT_SRC_OVR (bus 0 bus_irq 11 global_irq 11 high level)
[    0.271178] ACPI: Using ACPI (MADT) for SMP configuration information
[    0.271182] ACPI: HPET id: 0x8086a201 base: 0xfed00000
[    0.271200] TSC deadline timer available
[    0.271209] smpboot: Allowing 2 CPUs, 0 hotplug CPUs
[    0.271265] kvm-guest: KVM setup pv remote TLB flush
[    0.271278] kvm-guest: setup PV sched yield
[    0.271334] PM: hibernation: Registered nosave memory: [mem 0x00000000-0x00000fff]
[    0.271346] PM: hibernation: Registered nosave memory: [mem 0x0009f000-0x0009ffff]
[    0.271350] PM: hibernation: Registered nosave memory: [mem 0x000a0000-0x000effff]
[    0.271357] PM: hibernation: Registered nosave memory: [mem 0x000f0000-0x000fffff]
[    0.271367] [mem 0x80000000-0xfeffbfff] available for PCI devices
[    0.271372] Booting paravirtualized kernel on KVM
[    0.271382] clocksource: refined-jiffies: mask: 0xffffffff max_cycles: 0xffffffff, max_idle_ns: 1910969940391419 ns
[    0.289035] setup_percpu: NR_CPUS:64 nr_cpumask_bits:2 nr_cpu_ids:2 nr_node_ids:1
[    0.290918] percpu: Embedded 67 pages/cpu s233888 r8192 d32352 u1048576
[    0.291144] Fallback order for Node 0: 0 
[    0.291154] Built 1 zonelists, mobility grouping on.  Total pages: 515808
[    0.291159] Policy zone: DMA32
[    0.291165] Kernel command line: console=ttyS0 panic=1 nokaslr oops=panic
[    0.291702] Unknown kernel command line parameters "nokaslr", will be passed to user space.
[    0.291792] random: crng init done
[    0.293486] Dentry cache hash table entries: 262144 (order: 9, 2097152 bytes, linear)
[    0.294340] Inode-cache hash table entries: 131072 (order: 8, 1048576 bytes, linear)
[    0.294463] mem auto-init: stack:off, heap alloc:off, heap free:off
[    0.301134] stackdepot hash table entries: 1048576 (order: 11, 8388608 bytes, linear)
[    0.350040] Memory: 1671332K/2096632K available (51214K kernel code, 13406K rwdata, 9560K rodata, 2192K init, 13144K bss, 425100K reserved, 0K cma-reserved)
[    0.350055] **********************************************************
[    0.350058] **   NOTICE NOTICE NOTICE NOTICE NOTICE NOTICE NOTICE   **
[    0.350060] **                                                      **
[    0.350063] ** This system shows unhashed kernel memory addresses   **
[    0.350065] ** via the console, logs, and other interfaces. This    **
[    0.350068] ** might reduce the security of your system.            **
[    0.350073] **                                                      **
[    0.350075] ** If you see this message and you are not debugging    **
[    0.350077] ** the kernel, report this immediately to your system   **
[    0.350080] ** administrator!                                       **
[    0.350082] **                                                      **
[    0.350084] **   NOTICE NOTICE NOTICE NOTICE NOTICE NOTICE NOTICE   **
[    0.350087] **********************************************************
[    0.350648] SLUB: HWalign=64, Order=0-3, MinObjects=0, CPUs=2, Nodes=1
[    0.354162] Dynamic Preempt: voluntary
[    0.354550] Running RCU self tests
[    0.354583] rcu: Preemptible hierarchical RCU implementation.
[    0.354586] rcu: 	RCU event tracing is enabled.
[    0.354589] rcu: 	RCU lockdep checking is enabled.
[    0.354593] rcu: 	RCU restricting CPUs from NR_CPUS=64 to nr_cpu_ids=2.
[    0.354600] 	Trampoline variant of Tasks RCU enabled.
[    0.354606] rcu: RCU calculated value of scheduler-enlistment delay is 100 jiffies.
[    0.354611] rcu: Adjusting geometry for rcu_fanout_leaf=16, nr_cpu_ids=2
[    0.379713] NR_IRQS: 4352, nr_irqs: 440, preallocated irqs: 16
[    0.380288] rcu: srcu_init: Setting srcu_struct sizes based on contention.
[    0.386231] Console: colour VGA+ 80x25
[    0.481807] printk: console [ttyS0] enabled
[    0.482309] Lock dependency validator: Copyright (c) 2006 Red Hat, Inc., Ingo Molnar
[    0.483152] ... MAX_LOCKDEP_SUBCLASSES:  8
[    0.483598] ... MAX_LOCK_DEPTH:          48
[    0.484054] ... MAX_LOCKDEP_KEYS:        8192
[    0.484539] ... CLASSHASH_SIZE:          4096
[    0.485012] ... MAX_LOCKDEP_ENTRIES:     32768
[    0.485496] ... MAX_LOCKDEP_CHAINS:      65536
[    0.485978] ... CHAINHASH_SIZE:          32768
[    0.486463]  memory used by lock dependency info: 6365 kB
[    0.487048]  memory used for stack traces: 4224 kB
[    0.487570]  per task-struct memory footprint: 1920 bytes
[    0.488780] ACPI: Core revision 20220331
[    0.490203] clocksource: hpet: mask: 0xffffffff max_cycles: 0xffffffff, max_idle_ns: 19112604467 ns
[    0.491793] APIC: Switch to symmetric I/O mode setup
[    0.492348] kvm-guest: setup PV IPIs
[    0.494654] ..TIMER: vector=0x30 apic1=0 pin1=2 apic2=-1 pin2=-1
[    0.495368] clocksource: tsc-early: mask: 0xffffffffffffffff max_cycles: 0x285c40e2248, max_idle_ns: 440795340634 ns
[    0.496771] Calibrating delay loop (skipped) preset value.. 5600.00 BogoMIPS (lpj=2800000)
[    0.497910] x86/cpu: User Mode Instruction Prevention (UMIP) activated
[    0.498880] Last level iTLB entries: 4KB 0, 2MB 0, 4MB 0
[    0.499672] Last level dTLB entries: 4KB 0, 2MB 0, 4MB 0, 1GB 0
[    0.500371] Spectre V1 : Mitigation: usercopy/swapgs barriers and __user pointer sanitization
[    0.500680] Spectre V2 : Mitigation: Enhanced IBRS
[    0.501672] Spectre V2 : Spectre v2 / SpectreRSB mitigation: Filling RSB on context switch
[    0.502672] Spectre V2 : Spectre v2 / PBRSB-eIBRS: Retire a single CALL on VMEXIT
[    0.503682] Spectre V2 : mitigation: Enabling conditional Indirect Branch Prediction Barrier
[    0.504678] Speculative Store Bypass: Mitigation: Speculative Store Bypass disabled via prctl
[    0.505673] TAA: Mitigation: TSX disabled
[    0.506123] MMIO Stale Data: Unknown: No mitigations
[    0.506739] x86/fpu: Supporting XSAVE feature 0x001: 'x87 floating point registers'
[    0.507672] x86/fpu: Supporting XSAVE feature 0x002: 'SSE registers'
[    0.508672] x86/fpu: Supporting XSAVE feature 0x004: 'AVX registers'
[    0.509414] x86/fpu: Supporting XSAVE feature 0x020: 'AVX-512 opmask'
[    0.509672] x86/fpu: Supporting XSAVE feature 0x040: 'AVX-512 Hi256'
[    0.510672] x86/fpu: Supporting XSAVE feature 0x080: 'AVX-512 ZMM_Hi256'
[    0.511672] x86/fpu: Supporting XSAVE feature 0x200: 'Protection Keys User registers'
[    0.512673] x86/fpu: xstate_offset[2]:  576, xstate_sizes[2]:  256
[    0.513672] x86/fpu: xstate_offset[5]:  832, xstate_sizes[5]:   64
[    0.514382] x86/fpu: xstate_offset[6]:  896, xstate_sizes[6]:  512
[    0.514672] x86/fpu: xstate_offset[7]: 1408, xstate_sizes[7]: 1024
[    0.515672] x86/fpu: xstate_offset[9]: 2432, xstate_sizes[9]:    8
[    0.516382] x86/fpu: Enabled xstate features 0x2e7, context size is 2440 bytes, using 'compacted' format.
[    0.590607] Freeing SMP alternatives memory: 44K
[    0.590677] pid_max: default: 32768 minimum: 301
[    0.591973] LSM: Security Framework initializing
[    0.592779] SELinux:  Initializing.
[    0.593801] Mount-cache hash table entries: 4096 (order: 3, 32768 bytes, linear)
[    0.594702] Mountpoint-cache hash table entries: 4096 (order: 3, 32768 bytes, linear)
[    0.600416] smpboot: CPU0: Intel INTEL(R) XEON(R) GOLD 6526Y (family: 0x6, model: 0xcf, stepping: 0x2)
[    0.602186] cblist_init_generic: Setting adjustable number of callback queues.
[    0.602673] cblist_init_generic: Setting shift to 1 and lim to 1.
[    0.603562] Running RCU-tasks wait API self tests
[    0.708984] Performance Events: Sapphire Rapids events, full-width counters, Intel PMU driver.
[    0.709744] ... version:                2
[    0.710683] ... bit width:              48
[    0.711682] ... generic registers:      8
[    0.712692] ... value mask:             0000ffffffffffff
[    0.713681] ... max period:             00007fffffffffff
[    0.714681] ... fixed-purpose events:   3
[    0.715673] ... event mask:             00000007000000ff
[    0.716752] signal: max sigframe size: 3632
[    0.717589] rcu: Hierarchical SRCU implementation.
[    0.717673] rcu: 	Max phase no-delay instances is 400.
[    0.720835] smp: Bringing up secondary CPUs ...
[    0.722646] x86: Booting SMP configuration:
[    0.722675] .... node  #0, CPUs:      #1
[    0.724824] smp: Brought up 1 node, 2 CPUs
[    0.725702] smpboot: Max logical packages: 1
[    0.726205] smpboot: Total of 2 processors activated (11200.00 BogoMIPS)
[    0.729692] devtmpfs: initialized
[    0.744193] clocksource: jiffies: mask: 0xffffffff max_cycles: 0xffffffff, max_idle_ns: 1911260446275000 ns
[    0.744683] futex hash table entries: 512 (order: 4, 65536 bytes, linear)
[    0.746638] PM: RTC time: 12:24:09, date: 2026-05-26
[    0.748428] NET: Registered PF_NETLINK/PF_ROUTE protocol family
[    0.750304] audit: initializing netlink subsys (disabled)
[    0.751005] audit: type=2000 audit(1779798249.694:1): state=initialized audit_enabled=0 res=1
[    0.753741] thermal_sys: Registered thermal governor 'step_wise'
[    0.754142] thermal_sys: Registered thermal governor 'user_space'
[    0.754882] cpuidle: using governor menu
[    0.757112] PCI: Using configuration type 1 for base access
[    0.821061] Callback from call_rcu_tasks() invoked.
[    0.830929] kprobes: kprobe jump-optimization is enabled. All kprobes are optimized if possible.
[    0.836572] HugeTLB: registered 2.00 MiB page size, pre-allocated 0 pages
[    0.838695] HugeTLB: 28 KiB vmemmap can be freed for a 2.00 MiB page
[    0.846599] ACPI: Added _OSI(Module Device)
[    0.847679] ACPI: Added _OSI(Processor Device)
[    0.848209] ACPI: Added _OSI(3.0 _SCP Extensions)
[    0.848674] ACPI: Added _OSI(Processor Aggregator Device)
[    0.876248] ACPI: 1 ACPI AML tables successfully acquired and loaded
[    0.923405] ACPI: Interpreter enabled
[    0.924980] ACPI: PM: (supports S0 S3 S4 S5)
[    0.925640] ACPI: Using IOAPIC for interrupt routing
[    0.926996] PCI: Using host bridge windows from ACPI; if necessary, use "pci=nocrs" and report a bug
[    0.927675] PCI: Using E820 reservations for host bridge windows
[    0.930664] ACPI: Enabled 2 GPEs in block 00 to 0F
[    0.988499] ACPI: PCI Root Bridge [PCI0] (domain 0000 [bus 00-ff])
[    0.989716] acpi PNP0A03:00: _OSC: OS supports [ASPM ClockPM Segments MSI HPX-Type3]
[    0.990586] acpi PNP0A03:00: _OSC: not requesting OS control; OS requires [ExtendedConfig ASPM ClockPM MSI]
[    0.991943] acpi PNP0A03:00: fail to add MMCONFIG information, can't access extended PCI configuration space under this bridge.
[    0.994102] PCI host bridge to bus 0000:00
[    0.994581] pci_bus 0000:00: root bus resource [io  0x0000-0x0cf7 window]
[    0.995686] pci_bus 0000:00: root bus resource [io  0x0d00-0xffff window]
[    0.996453] pci_bus 0000:00: root bus resource [mem 0x000a0000-0x000bffff window]
[    0.996679] pci_bus 0000:00: root bus resource [mem 0x80000000-0xfebfffff window]
[    0.997523] pci_bus 0000:00: root bus resource [mem 0x100000000-0x17fffffff window]
[    0.998682] pci_bus 0000:00: root bus resource [bus 00-ff]
[    0.999657] pci 0000:00:00.0: [8086:1237] type 00 class 0x060000
[    1.013428] pci 0000:00:01.0: [8086:7000] type 00 class 0x060100
[    1.015661] pci 0000:00:01.1: [8086:7010] type 00 class 0x010180
[    1.018050] pci 0000:00:01.1: reg 0x20: [io  0xc040-0xc04f]
[    1.019451] pci 0000:00:01.1: legacy IDE quirk: reg 0x10: [io  0x01f0-0x01f7]
[    1.020675] pci 0000:00:01.1: legacy IDE quirk: reg 0x14: [io  0x03f6]
[    1.021402] pci 0000:00:01.1: legacy IDE quirk: reg 0x18: [io  0x0170-0x0177]
[    1.022674] pci 0000:00:01.1: legacy IDE quirk: reg 0x1c: [io  0x0376]
[    1.024230] pci 0000:00:01.3: [8086:7113] type 00 class 0x068000
[    1.025129] pci 0000:00:01.3: quirk: [io  0x0600-0x063f] claimed by PIIX4 ACPI
[    1.025682] pci 0000:00:01.3: quirk: [io  0x0700-0x070f] claimed by PIIX4 SMB
[    1.027751] pci 0000:00:02.0: [1234:1111] type 00 class 0x030000
[    1.030320] pci 0000:00:02.0: reg 0x10: [mem 0xfd000000-0xfdffffff pref]
[    1.032740] pci 0000:00:02.0: reg 0x18: [mem 0xfebb0000-0xfebb0fff]
[    1.038757] pci 0000:00:02.0: reg 0x30: [mem 0xfeba0000-0xfebaffff pref]
[    1.040370] pci 0000:00:02.0: Video device with shadowed ROM at [mem 0x000c0000-0x000dffff]
[    1.055112] pci 0000:00:03.0: [8086:100e] type 00 class 0x020000
[    1.056337] pci 0000:00:03.0: reg 0x10: [mem 0xfeb80000-0xfeb9ffff]
[    1.058207] pci 0000:00:03.0: reg 0x14: [io  0xc000-0xc03f]
[    1.061435] pci 0000:00:03.0: reg 0x30: [mem 0xfeb00000-0xfeb7ffff pref]
[    1.083903] ACPI: PCI: Interrupt link LNKA configured for IRQ 10
[    1.086331] ACPI: PCI: Interrupt link LNKB configured for IRQ 10
[    1.088287] ACPI: PCI: Interrupt link LNKC configured for IRQ 11
[    1.090258] ACPI: PCI: Interrupt link LNKD configured for IRQ 11
[    1.092339] ACPI: PCI: Interrupt link LNKS configured for IRQ 9
[    1.096974] iommu: Default domain type: Translated 
[    1.097547] iommu: DMA domain TLB invalidation policy: lazy mode 
[    1.101031] SCSI subsystem initialized
[    1.103407] ACPI: bus type USB registered
[    1.104343] usbcore: registered new interface driver usbfs
[    1.104932] usbcore: registered new interface driver hub
[    1.105691] usbcore: registered new device driver usb
[    1.106926] pps_core: LinuxPPS API ver. 1 registered
[    1.107476] pps_core: Software ver. 5.3.6 - Copyright 2005-2007 Rodolfo Giometti <giometti@linux.it>
[    1.108855] PTP clock support registered
[    1.110893] Advanced Linux Sound Architecture Driver Initialized.
[    1.114868] NetLabel: Initializing
[    1.115267] NetLabel:  domain hash size = 128
[    1.115673] NetLabel:  protocols = UNLABELED CIPSOv4 CALIPSO
[    1.116952] NetLabel:  unlabeled traffic allowed by default
[    1.118651] PCI: Using ACPI for IRQ routing
[    1.119321] pci 0000:00:02.0: vgaarb: setting as boot VGA device
[    1.119669] pci 0000:00:02.0: vgaarb: bridge control possible
[    1.119669] pci 0000:00:02.0: vgaarb: VGA device added: decodes=io+mem,owns=io+mem,locks=none
[    1.121676] vgaarb: loaded
[    1.122865] hpet0: at MMIO 0xfed00000, IRQs 2, 8, 0
[    1.123451] hpet0: 3 comparators, 64-bit 100.000000 MHz counter
[    1.135498] clocksource: Switched to clocksource kvm-clock
[    1.139197] VFS: Disk quotas dquot_6.6.0
[    1.139848] VFS: Dquot-cache hash table entries: 512 (order 0, 4096 bytes)
[    1.141826] pnp: PnP ACPI init
[    1.148650] pnp: PnP ACPI: found 6 devices
[    1.181251] clocksource: acpi_pm: mask: 0xffffff max_cycles: 0xffffff, max_idle_ns: 2085701024 ns
[    1.182586] NET: Registered PF_INET protocol family
[    1.183728] IP idents hash table entries: 32768 (order: 6, 262144 bytes, linear)
[    1.187794] tcp_listen_portaddr_hash hash table entries: 1024 (order: 4, 73728 bytes, linear)
[    1.188899] Table-perturb hash table entries: 65536 (order: 6, 262144 bytes, linear)
[    1.189840] TCP established hash table entries: 16384 (order: 5, 131072 bytes, linear)
[    1.191497] TCP bind hash table entries: 16384 (order: 9, 2359296 bytes, linear)
[    1.194871] TCP: Hash tables configured (established 16384 bind 16384)
[    1.196240] UDP hash table entries: 1024 (order: 5, 163840 bytes, linear)
[    1.197264] UDP-Lite hash table entries: 1024 (order: 5, 163840 bytes, linear)
[    1.198966] NET: Registered PF_UNIX/PF_LOCAL protocol family
[    1.201412] RPC: Registered named UNIX socket transport module.
[    1.202134] RPC: Registered udp transport module.
[    1.202698] RPC: Registered tcp transport module.
[    1.203236] RPC: Registered tcp NFSv4.1 backchannel transport module.
[    1.205771] pci_bus 0000:00: resource 4 [io  0x0000-0x0cf7 window]
[    1.206521] pci_bus 0000:00: resource 5 [io  0x0d00-0xffff window]
[    1.207239] pci_bus 0000:00: resource 6 [mem 0x000a0000-0x000bffff window]
[    1.208045] pci_bus 0000:00: resource 7 [mem 0x80000000-0xfebfffff window]
[    1.208847] pci_bus 0000:00: resource 8 [mem 0x100000000-0x17fffffff window]
[    1.210088] pci 0000:00:01.0: PIIX3: Enabling Passive Release
[    1.210792] pci 0000:00:00.0: Limiting direct PCI/PCI transfers
[    1.211619] PCI: CLS 0 bytes, default 64
[    1.213918] Unpacking initramfs...
[    1.233675] RAPL PMU: API unit is 2^-32 Joules, 1 fixed counters, 10737418240 ms ovfl timer
[    1.234671] RAPL PMU: hw unit of domain psys 2^-0 Joules
[    1.235311] clocksource: tsc: mask: 0xffffffffffffffff max_cycles: 0x285c40e2248, max_idle_ns: 440795340634 ns
[    1.283264] Freeing initrd memory: 1408K
[    1.830720] Initialise system trusted keyrings
[    1.833951] workingset: timestamp_bits=56 max_order=19 bucket_order=0
[    1.901169] NFS: Registering the id_resolver key type
[    1.901859] Key type id_resolver registered
[    1.902343] Key type id_legacy registered
[    1.904188] 9p: Installing v9fs 9p2000 file system support
[    1.916556] Key type asymmetric registered
[    1.917069] Asymmetric key parser 'x509' registered
[    1.917961] Block layer SCSI generic (bsg) driver version 0.4 loaded (major 251)
[    1.919063] io scheduler mq-deadline registered
[    1.919597] io scheduler kyber registered
[    1.922303] cryptomgr_test (42) used greatest stack depth: 29840 bytes left
[    1.923714] input: Power Button as /devices/LNXSYSTM:00/LNXPWRBN:00/input/input0
[    1.926974] ACPI: button: Power Button [PWRF]
[    1.931246] Serial: 8250/16550 driver, 4 ports, IRQ sharing enabled
[    1.932519] 00:04: ttyS0 at I/O 0x3f8 (irq = 4, base_baud = 115200) is a 16550A
[    1.942205] Non-volatile memory driver v1.3
[    1.942790] Linux agpgart interface v0.103
[    1.944231] ACPI: bus type drm_connector registered
[    1.986072] loop: module loaded
[    1.997302] scsi host0: ata_piix
[    2.001720] scsi host1: ata_piix
[    2.002907] ata1: PATA max MWDMA2 cmd 0x1f0 ctl 0x3f6 bmdma 0xc040 irq 14
[    2.003677] ata2: PATA max MWDMA2 cmd 0x170 ctl 0x376 bmdma 0xc048 irq 15
[    2.011101] e100: Intel(R) PRO/100 Network Driver
[    2.011747] e100: Copyright(c) 1999-2006 Intel Corporation
[    2.012681] e1000: Intel(R) PRO/1000 Network Driver
[    2.013333] e1000: Copyright (c) 1999-2006 Intel Corporation.
[    2.159669] ata2: found unknown device (class 0)
[    2.163199] ata2.00: ATAPI: QEMU DVD-ROM, 2.5+, max UDMA/100
[    2.168221] scsi 1:0:0:0: CD-ROM            QEMU     QEMU DVD-ROM     2.5+ PQ: 0 ANSI: 5
[    2.216789] sr 1:0:0:0: [sr0] scsi3-mmc drive: 4x/4x cd/rw xa/form2 tray
[    2.218884] cdrom: Uniform CD-ROM driver Revision: 3.20
[    2.247847] sr 1:0:0:0: Attached scsi generic sg0 type 5
[    3.231803] ACPI: \_SB_.LNKC: Enabled at IRQ 11
[    3.555278] e1000 0000:00:03.0 eth0: (PCI:33MHz:32-bit) 52:54:00:12:34:56
[    3.556138] e1000 0000:00:03.0 eth0: Intel(R) PRO/1000 Network Connection
[    3.557439] e1000e: Intel(R) PRO/1000 Network Driver
[    3.558014] e1000e: Copyright(c) 1999 - 2015 Intel Corporation.
[    3.559060] sky2: driver version 1.30
[    3.563991] usbcore: registered new interface driver usblp
[    3.564846] usbcore: registered new interface driver usb-storage
[    3.566223] i8042: PNP: PS/2 Controller [PNP0303:KBD,PNP0f13:MOU] at 0x60,0x64 irq 1,12
[    3.568623] serio: i8042 KBD port at 0x60,0x64 irq 1
[    3.569279] serio: i8042 AUX port at 0x60,0x64 irq 12
[    3.574316] rtc_cmos 00:05: RTC can wake from S4
[    3.575702] input: AT Translated Set 2 keyboard as /devices/platform/i8042/serio0/input/input1
[    3.583773] rtc_cmos 00:05: registered as rtc0
[    3.585441] rtc_cmos 00:05: alarms up to one day, y3k, 242 bytes nvram, hpet irqs
[    3.591691] device-mapper: ioctl: 4.47.0-ioctl (2022-07-28) initialised: dm-devel@redhat.com
[    3.592772] intel_pstate: CPU model not supported
[    3.593719] hid: raw HID events driver (C) Jiri Kosina
[    3.598070] usbcore: registered new interface driver usbhid
[    3.598755] usbhid: USB HID core driver
[    3.607356] Initializing XFRM netlink socket
[    3.611047] NET: Registered PF_INET6 protocol family
[    3.618496] Segment Routing with IPv6
[    3.619176] In-situ OAM (IOAM) with IPv6
[    3.620526] sit: IPv6, IPv4 and MPLS over IPv4 tunneling driver
[    3.626580] NET: Registered PF_PACKET protocol family
[    3.628753] 9pnet: Installing 9P2000 support
[    3.630005] Key type dns_resolver registered
[    3.633795] IPI shorthand broadcast: enabled
[    3.635170] sched_clock: Marking stable (3522289620, 112367841)->(3684274974, -49617513)
[    3.638696] registered taskstats version 1
[    3.639228] Loading compiled-in X.509 certificates
[    3.645557] cryptomgr_test (64) used greatest stack depth: 29488 bytes left
[    3.648057] PM:   Magic number: 10:594:431
[    3.649011] printk: console [netcon0] enabled
[    3.649563] netconsole: network logging started
[    3.651620] cfg80211: Loading compiled-in X.509 certificates for regulatory database
[    3.654800] kworker/u4:0 (73) used greatest stack depth: 28560 bytes left
[    3.657810] cfg80211: Loaded X.509 cert 'sforshee: 00b28ddf47aef9cea7'
[    3.659392] cfg80211: Loaded X.509 cert 'wens: 61c038651aabdcf94bd0ac7ff06c7248db18c600'
[    3.661194] platform regulatory.0: Direct firmware load for regulatory.db failed with error -2
[    3.662459] cfg80211: failed to load regulatory.db
[    3.662546] ALSA device list:
[    3.664385]   No soundcards found.
[    3.669864] Freeing unused kernel image (initmem) memory: 2192K
[    3.673561] Write protecting the kernel read-only data: 63488k
[    3.679331] Freeing unused kernel image (text/rodata gap) memory: 2032K
[    3.681150] Freeing unused kernel image (rodata/data gap) memory: 680K
[    4.210713] input: ImExPS/2 Generic Explorer Mouse as /devices/platform/i8042/serio1/input/input3
[    4.499614] x86/mm: Checked W+X mappings: passed, no W+X pages found.
[    4.500466] Run /init as init process
[    4.540303] busybox (78) used greatest stack depth: 27168 bytes left
[init] linux 6.1.72 up
[init] running /root/exploit (CVE-2024-1086 trigger)
[*] creating user namespace (CLONE_NEWUSER)...
[*] creating network namespace (CLONE_NEWNET)...
[*] setting up UID namespace...
[*] mapping uid 0 to namespace uid 0...
[*] denying namespace rights to set user groups...
[*] mapping gid 0 to namespace gid 0...
uid=0 gid=0
[*] configuring localhost in namespace...
1: lo: <LOOPBACK,UP,LOWER_UP> mtu 65536 qdisc noqueue qlen 1000
    link/loopback 00:00:00:00:00:00 brd 00:00:00:00:00:00
    inet 127.0.0.1/8 scope host lo
       valid_lft forever preferred_lft forever
    inet6 ::1/128 scope host 
       valid_lft forever preferred_lft forever
[*] setting up nftables...
[*] allocating netfilter objects...
[*] sending nftables tables/chains/rules/expr using netlink...
sh: /sbin/nft: not found
[*] cleaning files from possible previous use...
[+] running bypassed privesc
[*] doing first useless allocs to setup caching and stuff...
[*] allocated VMAs for process:
  - pmd_area: 0x40000000
  - pud_area: 0x8000000000
  - memdump area: 0x7fcf43793000
  - modprobe_path: '/sbin/modprobe' @ 0x7fcf43792000
[*] sending intermediate buffer packet...
[*] sending IP packet (32796 bytes)...
[+] sendto succeeded
[*] waiting for the calm before the storm...
[*] sending intermediate buffer packet...
[*] sending IP packet (28 bytes)...
[+] sendto succe[   14.632231] ==================================================================
eded
[*] sendin[   14.634147] BUG: KASAN: use-after-free in ip_rcv+0x6b1/0x730
g double free bu[   14.635246] Read of size 8 at addr ff1100000d5f1390 by task exploit/87
ffer packet...
[   14.636368] 
[*] sending IP p[   14.636932] CPU: 0 PID: 87 Comm: exploit Not tainted 6.1.72 #1
acket (32796 byt[   14.637985] Hardware name: QEMU Standard PC (i440FX + PIIX, 1996), BIOS 1.15.0-1 04/01/2014
es)...
[   14.639308] Call Trace:
[   14.639817]  <IRQ>
[   14.640072]  dump_stack_lvl+0x68/0x85
[   14.640564]  print_report+0x172/0x475
[   14.641018]  ? __virt_addr_valid+0x5e/0x2e0
[   14.641530]  ? ip_rcv+0x6b1/0x730
[   14.641932]  kasan_report+0xbb/0x160
[   14.642390]  ? ip_rcv+0x6b1/0x730
[   14.642801]  ip_rcv+0x6b1/0x730
[   14.643191]  ? ip_rcv_finish+0x430/0x430
[   14.643670]  ? ip_list_rcv_finish.constprop.0+0x5d0/0x5d0
[   14.644314]  ? ip_rcv_finish+0x430/0x430
[   14.644789]  __netif_receive_skb_one_core+0x19b/0x1f0
[   14.645400]  ? __netif_receive_skb_list_core+0x960/0x960
[   14.646030]  ? lock_downgrade+0x6d0/0x6d0
[   14.646534]  ? rwlock_bug.part.0+0x90/0x90
[   14.647005]  __netif_receive_skb+0x1f/0x1b0
[   14.647331]  process_backlog+0x120/0x660
[   14.647641]  __napi_poll.constprop.0+0xa3/0x510
[   14.647994]  net_rx_action+0x472/0xb40
[   14.648291]  ? __napi_poll.constprop.0+0x510/0x510
[   14.648669]  ? __do_softirq+0x16d/0x84f
[   14.648977]  __do_softirq+0x1b0/0x84f
[   14.649270]  ? __dev_queue_xmit+0xd7e/0x3350
[   14.649602]  do_softirq+0xb6/0xe0
[   14.649870]  </IRQ>
[   14.650040]  <TASK>
[   14.650211]  ? __dev_queue_xmit+0xd7e/0x3350
[   14.650550]  __local_bh_enable_ip+0xe9/0x110
[   14.650897]  __dev_queue_xmit+0xd93/0x3350
[   14.651218]  ? lockdep_hardirqs_on_prepare+0x400/0x400
[   14.651619]  ? netdev_core_pick_tx+0x2b0/0x2b0
[   14.651969]  ? find_held_lock+0x2c/0x110
[   14.652276]  ? lock_release+0x1dd/0x6d0
[   14.652581]  ? __ip_finish_output.part.0+0x18d/0x300
[   14.652962]  ? lock_downgrade+0x6d0/0x6d0
[   14.653279]  ? lock_release+0x1dd/0x6d0
[   14.653581]  ? lock_downgrade+0x6d0/0x6d0
[   14.653893]  ? ip_finish_output2+0x1a58/0x2130
[   14.654239]  ? ip_finish_output2+0x13f3/0x2130
[   14.654590]  ? ip_finish_output2+0x1a58/0x2130
[   14.654937]  ip_finish_output2+0x13f3/0x2130
[   14.655270]  ? ip_fragment.constprop.0+0x200/0x200
[   14.655640]  ? dst_output+0x400/0x400
[   14.655925]  ? __ip_finish_output.part.0+0x18d/0x300
[   14.656305]  __ip_finish_output.part.0+0x18d/0x300
[   14.656677]  ip_output+0x2b3/0x8a0
[   14.656947]  ? __ip_append_data+0x35e0/0x35e0
[   14.657285]  raw_sendmsg+0x22df/0x29f0
[   14.657586]  ? raw_recvmsg+0x6c0/0x6c0
[   14.657880]  ? lock_release+0x1dd/0x6d0
[   14.658182]  ? find_held_lock+0x2c/0x110
[   14.658498]  ? raw_sendmsg+0x29f0/0x29f0
[   14.658802]  ? _raw_spin_unlock_irqrestore+0x28/0x50
[   14.659185]  ? sock_has_perm+0x1e2/0x280
[   14.659518]  ? selinux_binder_transaction+0x210/0x210
[   14.659905]  ? find_held_lock+0x2c/0x110
[   14.660212]  ? lock_release+0x1dd/0x6d0
[   14.660514]  ? raw_recvmsg+0x6c0/0x6c0
[   14.660810]  ? inet_sendmsg+0x10f/0x140
[   14.661125]  inet_sendmsg+0x10f/0x140
[   14.661415]  ? inet_splice_eof+0xb0/0xb0
[   14.661725]  __sock_sendmsg+0x125/0x180
[   14.662043]  __sys_sendto+0x206/0x320
[   14.662333]  ? __ia32_sys_getpeername+0xb0/0xb0
[   14.662686]  ? redirected_tty_write+0xad/0xd0
[   14.663050]  ? up_write+0x530/0x530
[   14.663322]  ? __fget_light+0x1f3/0x260
[   14.663639]  ? ksys_write+0x158/0x210
[   14.663931]  ? __ia32_sys_read+0xa0/0xa0
[   14.664236]  __x64_sys_sendto+0xdc/0x1b0
[   14.664544]  ? syscall_enter_from_user_mode+0x1d/0x50
[   14.664936]  do_syscall_64+0x38/0x90
[   14.665220]  entry_SYSCALL_64_after_hwframe+0x64/0xce
[   14.665612] RIP: 0033:0x454833
[   14.665859] Code: 48 c7 c3 ff ff ff ff 64 89 02 eb bd 66 2e 0f 1f 84 00 00 00 00 00 90 80 3d 51 27 07 00 00 41 89 ca 74 14 b8 2c 00 00 00 0f 05 <48> 3d 00 f0 ff ff 77 75 c3 0f 1f 40 00 55 48 83 ec 30 44 89 4c 24
[   14.667257] RSP: 002b:00007ffd6d2739f8 EFLAGS: 00000202 ORIG_RAX: 000000000000002c
[   14.667839] RAX: ffffffffffffffda RBX: 00007ffd6d273d58 RCX: 0000000000454833
[   14.668377] RDX: 000000000000801c RSI: 00000000004d82e0 RDI: 0000000000000003
[   14.668916] RBP: 00007ffd6d273a20 R08: 00007ffd6d273a50 R09: 0000000000000010
[   14.669458] R10: 0000000000000000 R11: 0000000000000202 R12: 0000000000000001
[   14.670000] R13: 00007ffd6d273d48 R14: 0000000000000001 R15: 0000000000000001
[   14.670555]  </TASK>
[   14.670732] 
[   14.670861] Allocated by task 87:
[   14.671129]  kasan_save_stack+0x1e/0x40
[   14.671432]  kasan_set_track+0x21/0x30
[   14.671729]  __kasan_slab_alloc+0x58/0x70
[   14.672039]  kmem_cache_alloc_node+0xeb/0x280
[   14.672386]  __alloc_skb+0x234/0x2d0
[   14.672674]  alloc_skb_with_frags+0x87/0x610
[   14.673004]  sock_alloc_send_pskb+0x6e5/0x860
[   14.673347]  raw_sendmsg+0x12be/0x29f0
[   14.673639]  inet_sendmsg+0x10f/0x140
[   14.673925]  __sock_sendmsg+0x125/0x180
[   14.674228]  __sys_sendto+0x206/0x320
[   14.674519]  __x64_sys_sendto+0xdc/0x1b0
[   14.674827]  do_syscall_64+0x38/0x90
[   14.675108]  entry_SYSCALL_64_after_hwframe+0x64/0xce
[   14.675504] 
[   14.675635] Freed by task 87:
[   14.675873]  kasan_save_stack+0x1e/0x40
[   14.676172]  kasan_set_track+0x21/0x30
[   14.676466]  kasan_save_free_info+0x2a/0x50
[   14.676789]  __kasan_slab_free+0x106/0x190
[   14.677104]  kmem_cache_free+0xaf/0x370
[   14.677406]  kfree_skbmem+0xb7/0x160
[   14.677691]  kfree_skb_reason+0x108/0x280
[   14.678010]  nf_hook_slow+0x148/0x1b0
[   14.678302]  ip_rcv+0x1bf/0x730
[   14.678563]  __netif_receive_skb_one_core+0x19b/0x1f0
[   14.678951]  __netif_receive_skb+0x1f/0x1b0
[   14.679275]  process_backlog+0x120/0x660
[   14.679581]  __napi_poll.constprop.0+0xa3/0x510
[   14.679935]  net_rx_action+0x472/0xb40
[   14.680226]  __do_softirq+0x1b0/0x84f
[   14.680518] 
[   14.680647] The buggy address belongs to the object at ff1100000d5f1380
[   14.680647]  which belongs to the cache skbuff_head_cache of size 240
[   14.681617] The buggy address is located 16 bytes inside of
[   14.681617]  240-byte region [ff1100000d5f1380, ff1100000d5f1470)
[   14.682495] 
[   14.682622] The buggy address belongs to the physical page:
[   14.683051] page:ffd4000000357c00 refcount:1 mapcount:0 mapping:0000000000000000 index:0xff1100000d5f1540 pfn:0xd5f0
[   14.683811] head:ffd4000000357c00 order:1 compound_mapcount:0 compound_pincount:0
[   14.684341] flags: 0x100000000010200(slab|head|node=0|zone=1)
[   14.684755] raw: 0100000000010200 ff1100000760b948 ff1100000760b948 ff1100000763dcc0
[   14.685310] raw: ff1100000d5f1540 000000000012000c 00000001ffffffff 0000000000000000
[   14.685858] page dumped because: kasan: bad access detected
[   14.686254] 
[   14.686377] Memory state around the buggy address:
[   14.686723]  ff1100000d5f1280: 00 00 00 00 00 00 fc fc fc fc fc fc fc fc fc fc
[   14.687237]  ff1100000d5f1300: fc fc fc fc fc fc fc fc fc fc fc fc fc fc fc fc
[   14.687753] >ff1100000d5f1380: fa fb fb fb fb fb fb fb fb fb fb fb fb fb fb fb
[   14.688260]                          ^
[   14.688534]  ff1100000d5f1400: fb fb fb fb fb fb fb fb fb fb fb fb fb fb fc fc
[   14.689059]  ff1100000d5f1480: fc fc fc fc fc fc fc fc fc fc fc fc fc fc fc fc
[   14.689575] ==================================================================
[   14.690114] Disabling lock debugging due to kernel taint
[+] sendto succeeded
[*] syncing cpu 1...
[*] syncing cpu 0...
[*] sending intermediate buffer packet...
[*] sending IP packet (20 bytes)...
[   15.792156] ------------[ cut here ]------------
[   15.792537] WARNING: CPU: 1 PID: 91 at mm/slab_common.c:923 free_large_kmalloc+0x76/0xb0
[   15.793139] Modules linked in:
[   15.793358] CPU: 1 PID: 91 Comm: exploit Tainted: G    B              6.1.72 #1
[   15.793912] Hardware name: QEMU Standard PC (i440FX + PIIX, 1996), BIOS 1.15.0-1 04/01/2014
[   15.794518] RIP: 0010:free_large_kmalloc+0x76/0xb0
[   15.794865] Code: 4c 89 e2 be 06 00 00 00 48 c1 e8 3a 48 8b 3c c5 e0 d9 b0 85 e8 3b 9d fe ff 44 89 ee 5b 48 89 ef 5d 41 5c 41 5d e9 3a b9 09 00 <0f> 0b 0f b6 1d df c0 4e 04 80 fb 01 0f 87 b6 2f 75 02 83 e3 01 0f
[   15.796191] RSP: 0018:ff1100006cd098d0 EFLAGS: 00010246
[   15.796584] RAX: 0100000000000000 RBX: 0000000000000000 RCX: ffffffff830d8337
[   15.797105] RDX: ff1100007fe7c6e0 RSI: ff1100000dbd0000 RDI: ffd400000036f400
[   15.797622] RBP: ffd400000036f400 R08: 0000000000000000 R09: ffffffff85b0dc17
[   15.798152] R10: fffffbfff0b61b82 R11: 0000000000000001 R12: ff1100000dbd0000
[   15.798686] R13: ff1100000dbdfef0 R14: ff1100000d5f1380 R15: ff1100000dbdfec0
[   15.799214] FS:  0000000001136380(0000) GS:ff1100006cd00000(0000) knlGS:0000000000000000
[   15.799810] CS:  0010 DS: 0000 ES: 0000 CR0: 0000000080050033
[   15.800230] CR2: 00000000004a81c0 CR3: 000000000d60e003 CR4: 0000000000771ee0
[   15.800757] DR0: 0000000000000000 DR1: 0000000000000000 DR2: 0000000000000000
[   15.801281] DR3: 0000000000000000 DR6: 00000000fffe07f0 DR7: 0000000000000400
[   15.801807] PKRU: 55555554
[   15.802014] Call Trace:
[   15.802202]  <IRQ>
[   15.802377]  ? __warn+0xe2/0x1a0
[   15.802636]  ? free_large_kmalloc+0x76/0xb0
[   15.802969]  ? report_bug+0x238/0x2b0
[   15.803285]  ? handle_bug+0x3c/0x70
[   15.803578]  ? exc_invalid_op+0x14/0x50
[   15.803885]  ? asm_exc_invalid_op+0x16/0x20
[   15.804223]  ? skb_release_data+0x5a7/0x6b0
[   15.804571]  ? free_large_kmalloc+0x76/0xb0
[   15.804901]  skb_release_data+0x562/0x6b0
[   15.805224]  ? inet_frag_rbtree_purge+0xa0/0xe0
[   15.805599]  kfree_skb_reason+0xfb/0x280
[   15.805919]  inet_frag_rbtree_purge+0xa0/0xe0
[   15.806280]  inet_frag_destroy+0xbe/0x160
[   15.806614]  ip_defrag+0x1243/0x22b0
[   15.806910]  ? blake2s_compress_generic+0x13c8/0x14d0
[   15.807321]  ? ipv4_frags_exit_net+0xb0/0xb0
[   15.807675]  ip_local_deliver+0x15b/0x500
[   15.808010]  ? ip_local_deliver_finish+0x490/0x490
[   15.808402]  ? ip_rcv+0x1e7/0x730
[   15.808672]  ? lock_downgrade+0x6d0/0x6d0
[   15.808997]  ? memset+0x20/0x50
[   15.809255]  ? ip_rcv_finish_core.constprop.0+0x578/0x1a10
[   15.809708]  ? ip_local_deliver_finish+0x490/0x490
[   15.810101]  ip_rcv+0x473/0x730
[   15.810373]  ? ip_rcv_finish+0x430/0x430
[   15.810691]  ? __wake_up_common+0x149/0x650
[   15.811034]  ? ip_list_rcv_finish.constprop.0+0x5d0/0x5d0
[   15.811477]  ? _raw_spin_unlock_irqrestore+0x1e/0x50
[*] sending intermediate buffer packet...
[*] sending IP packet (32796 bytes)...
[+] sendto succeeded
[   15.812563]  ? __wake_up_common_lock+0xe5/0x140
[   15.813111]  ? ip_rcv_finish+0x430/0x430
[   15.813432]  __netif_receive_skb_one_core+0x19b/0x1f0
[   15.813829]  ? __netif_receive_skb_list_core+0x960/0x960
[   15.814240]  ? lock_downgrade+0x6d0/0x6d0
[   15.814575]  ? rwlock_bug.part.0+0x90/0x90
[   15.814901]  __netif_receive_skb+0x1f/0x1b0
[   15.815233]  process_backlog+0x120/0x660
[   15.815553]  ? do_raw_spin_lock+0x129/0x270
[   15.815884]  __napi_poll.constprop.0+0xa3/0x510
[   15.816242]  net_rx_action+0x472/0xb40
[   15.816551]  ? __napi_poll.constprop.0+0x510/0x510
[   15.816928]  ? lock_release+0x460/0x6d0
[   15.817230]  ? lock_downgrade+0x6d0/0x6d0
[   15.817565]  ? handle_irq_event+0x113/0x1d0
[   15.817904]  __do_softirq+0x1b0/0x84f
[   15.818196]  ? __dev_queue_xmit+0xd7e/0x3350
[   15.818548]  do_softirq+0xb6/0xe0
[   15.818808]  </IRQ>
[   15.818980]  <TASK>
[   15.819152]  ? __dev_queue_xmit+0xd7e/0x3350
[   15.819500]  __local_bh_enable_ip+0xe9/0x110
[   15.819836]  __dev_queue_xmit+0xd93/0x3350
[   15.820157]  ? selinux_ip_postroute_compat+0x3e0/0x3e0
[   15.820566]  ? selinux_ip_postroute+0x402/0xb10
[   15.820919]  ? __kasan_slab_alloc+0x2c/0x70
[   15.821248]  ? netdev_core_pick_tx+0x2b0/0x2b0
[   15.821611]  ? __kmalloc_node_track_caller+0xe0/0x160
[   15.822006]  ? memset+0x20/0x50
[   15.822257]  ? lock_acquire+0x417/0x4b0
[   15.822578]  ? lock_release+0x502/0x6d0
[   15.822884]  ? lock_release+0x6d0/0x6d0
[   15.823191]  ? __ip_finish_output.part.0+0x18d/0x300
[   15.823590]  ? lock_downgrade+0x6d0/0x6d0
[   15.823905]  ? lock_release+0x502/0x6d0
[   15.824209]  ? nf_hook+0x127/0x4d0
[   15.824493]  ? lock_downgrade+0x6d0/0x6d0
[   15.824814]  ? rt_set_nexthop.constprop.0+0x5fb/0x1130
[   15.825216]  ? trace_hardirqs_on+0x2d/0x110
[   15.825569]  ? ip_finish_output2+0x13f3/0x2130
[   15.825913]  ? ip_finish_output2+0x1a58/0x2130
[   15.826263]  ip_finish_output2+0x13f3/0x2130
[   15.826625]  ? ip_fragment.constprop.0+0x200/0x200
[   15.827001]  ? dst_output+0x400/0x400
[   15.827291]  ? __ip_finish_output.part.0+0x18d/0x300
[   15.827685]  __ip_finish_output.part.0+0x18d/0x300
[   15.828056]  ip_output+0x2b3/0x8a0
[   15.828327]  ? __ip_append_data+0x35e0/0x35e0
[   15.828680]  raw_sendmsg+0x22df/0x29f0
[   15.828978]  ? raw_recvmsg+0x6c0/0x6c0
[   15.829272]  ? lock_release+0x502/0x6d0
[   15.829588]  ? lock_acquire+0x417/0x4b0
[   15.829892]  ? raw_sendmsg+0x29f0/0x29f0
[   15.830198]  ? lock_downgrade+0x6d0/0x6d0
[   15.830529]  ? sock_has_perm+0x1e2/0x280
[   15.830835]  ? selinux_binder_transaction+0x210/0x210
[   15.831228]  ? trace_hardirqs_on+0x2d/0x110
[   15.831562]  ? _raw_spin_unlock_irqrestore+0x28/0x50
[   15.831949]  ? lock_release+0x502/0x6d0
[   15.832248]  ? raw_recvmsg+0x6c0/0x6c0
[   15.832553]  ? inet_sendmsg+0x10f/0x140
[   15.832862]  inet_sendmsg+0x10f/0x140
[   15.833153]  ? inet_splice_eof+0xb0/0xb0
[   15.833476]  __sock_sendmsg+0x125/0x180
[   15.833787]  __sys_sendto+0x206/0x320
[   15.834076]  ? __ia32_sys_getpeername+0xb0/0xb0
[   15.834441]  ? redirected_tty_write+0xad/0xd0
[   15.834795]  ? up_write+0x530/0x530
[   15.835073]  ? __fget_light+0x1f3/0x260
[   15.835380]  ? ksys_write+0x158/0x210
[   15.835673]  ? __ia32_sys_read+0xa0/0xa0
[   15.835982]  __x64_sys_sendto+0xdc/0x1b0
[   15.836295]  ? syscall_enter_from_user_mode+0x1d/0x50
[   15.836700]  do_syscall_64+0x38/0x90
[   15.836982]  entry_SYSCALL_64_after_hwframe+0x64/0xce
[   15.837382] RIP: 0033:0x454833
[   15.837631] Code: 48 c7 c3 ff ff ff ff 64 89 02 eb bd 66 2e 0f 1f 84 00 00 00 00 00 90 80 3d 51 27 07 00 00 41 89 ca 74 14 b8 2c 00 00 00 0f 05 <48> 3d 00 f0 ff ff 77 75 c3 0f 1f 40 00 55 48 83 ec 30 44 89 4c 24
[   15.839063] RSP: 002b:00007ffd6d2739f8 EFLAGS: 00000202 ORIG_RAX: 000000000000002c
[   15.839656] RAX: ffffffffffffffda RBX: 00007ffd6d273d58 RCX: 0000000000454833
[   15.840198] RDX: 0000000000000014 RSI: 00000000004d82e0 RDI: 0000000000000003
[   15.840755] RBP: 00007ffd6d273a20 R08: 00007ffd6d273a50 R09: 0000000000000010
[   15.841297] R10: 0000000000000000 R11: 0000000000000202 R12: 0000000000000001
[   15.841854] R13: 00007ffd6d273d48 R14: 0000000000000001 R15: 0000000000000001
[   15.842409]  </TASK>
[   15.842592] irq event stamp: 68
[   15.842845] hardirqs last  enabled at (67): [<ffffffff83ec9a78>] _raw_spin_unlock_irqrestore+0x28/0x50
[   15.843561] hardirqs last disabled at (68): [<ffffffff83eaed9b>] __schedule+0x112b/0x2420
[   15.844183] softirqs last  enabled at (0): [<ffffffff81142b62>] copy_process+0x1d62/0x6ab0
[   15.844822] softirqs last disabled at (0): [<0000000000000000>] 0x0
[   15.845304] ---[ end trace 0000000000000000 ]---
[   15.845673] object pointer: 0xff1100000dbd0000
[   15.846055] general protection fault, probably for non-canonical address 0xed6d696d60000000: 0000 [#1] PREEMPT SMP KASAN NOPTI
[   15.846927] KASAN: maybe wild-memory-access in range [0x6b6b6b6b00000000-0x6b6b6b6b00000007]
[   15.847571] CPU: 1 PID: 91 Comm: exploit Tainted: G    B   W          6.1.72 #1
[   15.848130] Hardware name: QEMU Standard PC (i440FX + PIIX, 1996), BIOS 1.15.0-1 04/01/2014
[   15.848769] RIP: 0010:rb_erase+0x73b/0x1070
[   15.849103] Code: 00 fc ff df 4c 89 e9 48 c1 e9 03 80 3c 11 00 0f 85 cf 07 00 00 48 89 c1 49 8b 5d 00 48 ba 00 00 00 00 00 fc ff df 48 c1 e9 03 <80> 3c 11 00 0f 85 d2 07 00 00 48 89 18 48 83 e3 fc 74 5d 48 ba 00
[   15.850506] RSP: 0018:ff1100006cd09938 EFLAGS: 00010206
[   15.850913] RAX: 6b6b6b6b00000000 RBX: ff1100000dba4640 RCX: 0d6d6d6d60000000
[   15.851462] RDX: dffffc0000000000 RSI: 0000000000000008 RDI: ff1100000dba34c0
[   15.852009] RBP: ff1100000dba34c0 R08: 00000000000001c0 R09: ff1100006cd3d283
[   15.852556] R10: ffe21c000d9a7a50 R11: 0000000000000001 R12: 0000000000010100
[   15.853105] R13: ff1100000dba34c0 R14: 0000000000000000 R15: ff1100000d60c418
[   15.853650] FS:  0000000001136380(0000) GS:ff1100006cd00000(0000) knlGS:0000000000000000
[   15.854270] CS:  0010 DS: 0000 ES: 0000 CR0: 0000000080050033
[   15.854719] CR2: 00000000004a81c0 CR3: 000000000d60e003 CR4: 0000000000771ee0
[   15.855265] DR0: 0000000000000000 DR1: 0000000000000000 DR2: 0000000000000000
[   15.855809] DR3: 0000000000000000 DR6: 00000000fffe07f0 DR7: 0000000000000400
[   15.856349] PKRU: 55555554
[   15.856570] Call Trace:
[   15.856771]  <IRQ>
[   15.856938]  ? __die_body.cold+0x1a/0x1f
[   15.857254]  ? die_addr+0x3e/0x70
[   15.857531]  ? exc_general_protection+0x144/0x220
[   15.857900]  ? asm_exc_general_protection+0x22/0x30
[   15.858281]  ? rb_erase+0x73b/0x1070
[   15.858578]  ? rb_erase+0xf01/0x1070
[   15.858862]  inet_frag_rbtree_purge+0x51/0xe0
[   15.859203]  inet_frag_destroy+0xbe/0x160
[   15.859521]  ip_defrag+0x1243/0x22b0
[   15.859815]  ? blake2s_compress_generic+0x13c8/0x14d0
[   15.860211]  ? ipv4_frags_exit_net+0xb0/0xb0
[   15.860556]  ip_local_deliver+0x15b/0x500
[   15.860872]  ? ip_local_deliver_finish+0x490/0x490
[   15.861247]  ? ip_rcv+0x1e7/0x730
[   15.861515]  ? lock_downgrade+0x6d0/0x6d0
[   15.861830]  ? memset+0x20/0x50
[   15.862079]  ? ip_rcv_finish_core.constprop.0+0x578/0x1a10
[   15.862513]  ? ip_local_deliver_finish+0x490/0x490
[   15.862905]  ip_rcv+0x473/0x730
[   15.863163]  ? ip_rcv_finish+0x430/0x430
[   15.863474]  ? __wake_up_common+0x149/0x650
[   15.863803]  ? ip_list_rcv_finish.constprop.0+0x5d0/0x5d0
[   15.864224]  ? _raw_spin_unlock_irqrestore+0x1e/0x50
[   15.864614]  ? __wake_up_common_lock+0xe5/0x140
[   15.864974]  ? ip_rcv_finish+0x430/0x430
[   15.865286]  __netif_receive_skb_one_core+0x19b/0x1f0
[   15.865679]  ? __netif_receive_skb_list_core+0x960/0x960
[   15.866088]  ? lock_downgrade+0x6d0/0x6d0
[   15.866410]  ? rwlock_bug.part.0+0x90/0x90
[   15.866734]  __netif_receive_skb+0x1f/0x1b0
[   15.867062]  process_backlog+0x120/0x660
[   15.867370]  ? do_raw_spin_lock+0x129/0x270
[   15.867705]  __napi_poll.constprop.0+0xa3/0x510
[   15.868059]  net_rx_action+0x472/0xb40
[   15.868356]  ? __napi_poll.constprop.0+0x510/0x510
[   15.868736]  ? lock_release+0x460/0x6d0
[   15.869042]  ? lock_downgrade+0x6d0/0x6d0
[   15.869358]  ? handle_irq_event+0x113/0x1d0
[   15.869691]  __do_softirq+0x1b0/0x84f
[   15.869982]  ? __dev_queue_xmit+0xd7e/0x3350
[   15.870328]  do_softirq+0xb6/0xe0
[   15.870596]  </IRQ>
[   15.870767]  <TASK>
[   15.870940]  ? __dev_queue_xmit+0xd7e/0x3350
[   15.871275]  __local_bh_enable_ip+0xe9/0x110
[   15.871610]  __dev_queue_xmit+0xd93/0x3350
[   15.871928]  ? selinux_ip_postroute_compat+0x3e0/0x3e0
[   15.872328]  ? selinux_ip_postroute+0x402/0xb10
[   15.872687]  ? __kasan_slab_alloc+0x2c/0x70
[   15.873014]  ? netdev_core_pick_tx+0x2b0/0x2b0
[   15.873363]  ? __kmalloc_node_track_caller+0xe0/0x160
[   15.873759]  ? memset+0x20/0x50
[   15.874010]  ? lock_acquire+0x417/0x4b0
[   15.874320]  ? lock_release+0x502/0x6d0
[   15.874629]  ? lock_release+0x6d0/0x6d0
[   15.874940]  ? __ip_finish_output.part.0+0x18d/0x300
[   15.875327]  ? lock_downgrade+0x6d0/0x6d0
[   15.875643]  ? lock_release+0x502/0x6d0
[   15.875950]  ? nf_hook+0x127/0x4d0
[   15.876219]  ? lock_downgrade+0x6d0/0x6d0
[   15.876538]  ? rt_set_nexthop.constprop.0+0x5fb/0x1130
[   15.876937]  ? trace_hardirqs_on+0x2d/0x110
[   15.877267]  ? ip_finish_output2+0x13f3/0x2130
[   15.877614]  ? ip_finish_output2+0x1a58/0x2130
[   15.877960]  ip_finish_output2+0x13f3/0x2130
[   15.878305]  ? ip_fragment.constprop.0+0x200/0x200
[   15.878688]  ? dst_output+0x400/0x400
[   15.878981]  ? __ip_finish_output.part.0+0x18d/0x300
[   15.879363]  __ip_finish_output.part.0+0x18d/0x300
[   15.879742]  ip_output+0x2b3/0x8a0
[   15.880012]  ? __ip_append_data+0x35e0/0x35e0
[   15.880354]  raw_sendmsg+0x22df/0x29f0
[   15.880652]  ? raw_recvmsg+0x6c0/0x6c0
[   15.880946]  ? lock_release+0x502/0x6d0
[   15.881258]  ? lock_acquire+0x417/0x4b0
[   15.881564]  ? raw_sendmsg+0x29f0/0x29f0
[   15.881873]  ? lock_downgrade+0x6d0/0x6d0
[   15.882191]  ? sock_has_perm+0x1e2/0x280
[   15.882505]  ? selinux_binder_transaction+0x210/0x210
[   15.882898]  ? trace_hardirqs_on+0x2d/0x110
[   15.883229]  ? _raw_spin_unlock_irqrestore+0x28/0x50
[   15.883621]  ? lock_release+0x502/0x6d0
[   15.883926]  ? raw_recvmsg+0x6c0/0x6c0
[   15.884229]  ? inet_sendmsg+0x10f/0x140
[   15.884540]  inet_sendmsg+0x10f/0x140
[   15.884831]  ? inet_splice_eof+0xb0/0xb0
[   15.885145]  __sock_sendmsg+0x125/0x180
[   15.885454]  __sys_sendto+0x206/0x320
[   15.885749]  ? __ia32_sys_getpeername+0xb0/0xb0
[   15.886105]  ? redirected_tty_write+0xad/0xd0
[   15.886462]  ? up_write+0x530/0x530
[   15.886741]  ? __fget_light+0x1f3/0x260
[   15.887048]  ? ksys_write+0x158/0x210
[   15.887337]  ? __ia32_sys_read+0xa0/0xa0
[   15.887649]  __x64_sys_sendto+0xdc/0x1b0
[   15.887961]  ? syscall_enter_from_user_mode+0x1d/0x50
[   15.888357]  do_syscall_64+0x38/0x90
[   15.888642]  entry_SYSCALL_64_after_hwframe+0x64/0xce
[   15.889033] RIP: 0033:0x454833
[   15.889274] Code: 48 c7 c3 ff ff ff ff 64 89 02 eb bd 66 2e 0f 1f 84 00 00 00 00 00 90 80 3d 51 27 07 00 00 41 89 ca 74 14 b8 2c 00 00 00 0f 05 <48> 3d 00 f0 ff ff 77 75 c3 0f 1f 40 00 55 48 83 ec 30 44 89 4c 24
[   15.890687] RSP: 002b:00007ffd6d2739f8 EFLAGS: 00000202 ORIG_RAX: 000000000000002c
[   15.891266] RAX: ffffffffffffffda RBX: 00007ffd6d273d58 RCX: 0000000000454833
[   15.891808] RDX: 0000000000000014 RSI: 00000000004d82e0 RDI: 0000000000000003
[   15.892351] RBP: 00007ffd6d273a20 R08: 00007ffd6d273a50 R09: 0000000000000010
[   15.892899] R10: 0000000000000000 R11: 0000000000000202 R12: 0000000000000001
[   15.893450] R13: 00007ffd6d273d48 R14: 0000000000000001 R15: 0000000000000001
[   15.894002]  </TASK>
[   15.894182] Modules linked in:
[   15.894445] ---[ end trace 0000000000000000 ]---
[   15.894807] RIP: 0010:rb_erase+0x73b/0x1070
[   15.895136] Code: 00 fc ff df 4c 89 e9 48 c1 e9 03 80 3c 11 00 0f 85 cf 07 00 00 48 89 c1 49 8b 5d 00 48 ba 00 00 00 00 00 fc ff df 48 c1 e9 03 <80> 3c 11 00 0f 85 d2 07 00 00 48 89 18 48 83 e3 fc 74 5d 48 ba 00
[   15.896543] RSP: 0018:ff1100006cd09938 EFLAGS: 00010206
[   15.896948] RAX: 6b6b6b6b00000000 RBX: ff1100000dba4640 RCX: 0d6d6d6d60000000
[   15.897508] RDX: dffffc0000000000 RSI: 0000000000000008 RDI: ff1100000dba34c0
[   15.898054] RBP: ff1100000dba34c0 R08: 00000000000001c0 R09: ff1100006cd3d283
[   15.898625] R10: ffe21c000d9a7a50 R11: 0000000000000001 R12: 0000000000010100
[   15.899173] R13: ff1100000dba34c0 R14: 0000000000000000 R15: ff1100000d60c418
[   15.899734] FS:  0000000001136380(0000) GS:ff1100006cd00000(0000) knlGS:0000000000000000
[   15.900354] CS:  0010 DS: 0000 ES: 0000 CR0: 0000000080050033
[   15.900805] CR2: 00000000004a81c0 CR3: 000000000d60e003 CR4: 0000000000771ee0
[   15.901355] DR0: 0000000000000000 DR1: 0000000000000000 DR2: 0000000000000000
[   15.901914] DR3: 0000000000000000 DR6: 00000000fffe07f0 DR7: 0000000000000400
[   15.902476] PKRU: 55555554
[   15.902695] Kernel panic - not syncing: Fatal exception in interrupt
[   15.903910] Kernel Offset: disabled
[   15.904168] Rebooting in 1 seconds..
