{"candidate_id": "k1-live-lts-cos-cve-2024-1086-negative", "decision": {"disposition": "inconclusive", "reason": "All dispatched tiers returned inconclusive within budget", "pov_path": null}, "route_trace": {"hypothesis_id": "k1-live-lts-cos-cve-2024-1086-negative", "final_verdict": "inconclusive", "decision_reason": "All dispatched tiers returned inconclusive within budget", "total_cost": 1, "total_wall_ms": 0, "pov_path": null, "attempts": [{"tier": "tier1_fuzz", "engine": "kasan_replay", "role": "primary", "raw_verdict": {"unit": "kernelctf-live-lts-cos:cve-2024-1086-replay", "engine": "kasan_replay", "sanitizer": "KASAN", "verdict": "inconclusive", "wall_ms": 0, "crash_class": null, "location": null, "pov_path": "eval/kernelctf/artifacts/dmesg-live-lts-cos.log", "evidence_excerpt": "\u001bc\u001b[?7l\u001b[2J\u001b[0mSeaBIOS (version 1.15.0-1)\n\n\niPXE (https://ipxe.org) 00:03.0 CA00 PCI2.10 PnP PMM+7FF8B340+7FECB340 CA00\nPress Ctrl-B to configure iPXE (PCI 00:03.0)...\n                                                                               \n\n\nBooting from ROM..\u001bc\u001b[?7l\u001b[2J[    0.000000] Linux version 6.1.72 (chanyoung@baymax) (gcc (Ubuntu 11.4.0-1ubuntu1~22.04.3) 11.4.0, GNU ld (GNU Binutils for Ubuntu) 2.38) #1 SMP PREEMPT_DYNAMIC Wed May 27 06:08:57 KST 2026\n[    0.000000] Command line: console=ttyS0 panic=1 nokaslr oops=panic\n[    0.000000] BIOS-provided physical RAM map:\n[    0.000000] BIOS-e820: [mem 0x0000000000000000-0x000000000009fbff] usable\n[    0.000000] BIOS-e820: [mem 0x000000000009fc00-0x000000000009ffff] reserved\n[    0.000000] BIOS-e820: [mem 0x00000000000f0000-0x00000000000fffff] reserved\n[    0.000000] BIOS-e820: [mem 0x0000000000100000-0x000000007ffdffff] usable\n[    0.000000] BIOS-e820: [mem 0x000000007ffe0000-0x000000007fffffff] reserved\n[    0.000000] BIOS-e820: [mem 0x00000000fffc0000-0x00000000ffffffff] reserved\n[    0.000000] NX (Execute Disable) protection: active\n[    0.000000] SMBIOS 2.8 present.\n[    0.000000] DMI: QEMU Standard PC (i440FX + PIIX, 1996), BIOS 1.15.0-1 04/01/2014\n[    0.000000] tsc: Fast TSC calibration using PIT\n[    0.000000] tsc: Detected 2799.959 MHz processor\n[    0.030584] last_pfn = 0x7ffe0 max_arch_pfn = 0x400000000\n[    0.031857] x86/PAT: Configuration [0-7]: WB  WC  UC- UC  WB  WP  UC- WT  \n[    0.047300] found SMP MP-table at [mem 0x000f5ba0-0x000f5baf]\n[    0.057693] RAMDISK: [mem 0x7fe80000-0x7ffdffff]\n[    0.058402] ACPI: Early table checksum verification disabled\n[    0.058990] ACPI: RSDP 0x00000000000F59E0 000014 (v00 BOCHS )\n[    0.059635] ACPI: RSDT 0x000000007FFE1960 000034 (v01 BOCHS  BXPC     00000001 BXPC 00000001)\n[    0.060793] ACPI: FACP 0x000000007FFE180C 000074 (v01 BOCHS  BXPC     00000001 BXPC 00000001)\n[    0.062335] ACPI: DSDT 0x000000007FFE0040 0017CC (v01 BOCHS  BXPC     00000001 BXPC 00000001)\n[    0.062655] ACPI: FACS 0x000000007FFE0000 000040\n[    0.062849] ACPI: APIC 0x000000007FFE1880 000080 (v01 BOCHS  BXPC     00000001 BXPC 00000001)\n[    0.063007] ACPI: HPET 0x000000007FFE1900 000038 (v01 BOCHS  BXPC     00000001 BXPC 00000001)\n[    0.063161] ACPI: WAET 0x000000007FFE1938 000028 (v01 BOCHS  BXPC     00000001 BXPC 00000001)\n[    0.063393] ACPI: Reserving FACP table memory at [mem 0x7ffe180c-0x7ffe187f]\n[    0.063465] ACPI: Reserving DSDT table memory at [mem 0x7ffe0040-0x7ffe180b]\n[    0.063519] ACPI: Reserving FACS table memory at [mem 0x7ffe0000-0x7ffe003f]\n[    0.063567] ACPI: Reserving APIC table memory at [mem 0x7ffe1880-0x7ffe18ff]\n[    0.063614] ACPI: Reserving HPET table memory at [mem 0x7ffe1900-0x7ffe1937]\n[    0.063661] ACPI: Reserving WAET table memory at [mem 0x7ffe1938-0x7ffe195f]\n[    0.068680] No NUMA configuration found\n[    0.068756] Faking a node at [mem 0x0000000000000000-0x000000007ffdffff]\n[    0.069940] NODE_DATA(0) allocated [mem 0x7fe7c000-0x7fe7ffff]\n[    0.072883] Zone ranges:\n[    0.072950]   DMA      [mem 0x0000000000001000-0x0000000000ffffff]\n[    0.073135]   DMA32    [mem 0x0000000001000000-0x000000007ffdffff]\n[    0.073214]   Normal   empty\n[    0.073278] Movable zone start for each node\n[    0.073331] Early memory node ranges\n[    0.073377]   node   0: [mem 0x0000000000001000-0x000000000009efff]\n[    0.073611]   node   0: [mem 0x0000000000100000-0x000000007ffdffff]\n[    0.073984] Initmem setup node 0 [mem 0x0000000000001000-0x000000007ffdffff]\n[    0.075315] On node 0, zone DMA: 1 pages in unavailable ranges\n[    0.076232] On node 0, zone DMA: 97 pages in unavailable ranges\n[    0.160779] On node 0, zone DMA32: 32 pages in unavailable ranges\n[    0.286071] kasan: KernelAddressSanitizer initialized\n[    0.286723] ACPI: PM-Timer IO Port: 0x608\n[    0.287792] ACPI: LAPIC_NMI (acpi_id[0xff] dfl dfl lint[0x1])\n[    0.288786] IOAPIC[0]: apic_id 0, version 32, address 0xfec00000, GSI 0-23\n[    0.289171] ACPI: INT_SRC_OVR (bus 0 bus_irq 0 global_irq 2 dfl dfl)\n[    0.289756] ACPI: INT_SRC_OVR (bus 0 bus_irq 5 global_irq 5 high level)\n[    0.289838] ACPI: INT_SRC_OVR (bus 0 bus_irq 9 global_irq 9 high level)\n[    0.290033] ACPI: INT_SRC_OVR (bus 0 bus_irq 10 global_irq 10 high level)\n[    0.290097] ACPI: INT_SRC_OVR (bus 0 bus_irq 11 global_irq 11 high level)\n[    0.290591] ACPI: Using ACPI (MADT) for SMP configuration information\n[    0.290788] ACPI: HPET id: 0x8086a201 base: 0xfed00000\n[    0.291486] smpboot: Allowing 2 CPUs, 0 hotplug CPUs\n[    0.293106] PM: hibernation: Registered nosave memory: [mem 0x00000000-0x00000fff]\n[    0.293233] PM: hibernation: Registered nosave memory: [mem 0x0009f000-0x0009ffff]\n[    0.293304] PM: hibernation: Registered nosave memory: [mem 0x000a0000-0x000effff]\n[    0.293348] PM: hibernation: Registered nosave memory: [mem 0x000f0000-0x000fffff]\n[    0.293553] [mem 0x80000000-0xfffbffff] available for PCI devices\n[    0.293638] Booting paravirtualized kernel on bare hardware\n[    0.294169] clocksource: refined-jiffies: mask: 0xffffffff max_cycles: 0xffffffff, max_idle_ns: 1910969940391419 ns\n[    0.323366] setup_percpu: NR_CPUS:64 nr_cpumask_bits:2 nr_cpu_ids:2 nr_node_ids:1\n[    0.326261] percpu: Embedded 67 pages/cpu s233824 r8192 d32416 u1048576\n[    0.332442] Fallback order for Node 0: 0 \n[    0.332922] Built 1 zonelists, mobility grouping on.  Total pages: 515808\n[    0.333044] Policy zone: DMA32\n[    0.333507] Kernel command line: console=ttyS0 panic=1 nokaslr oops=panic\n[    0.335806] Unknown kernel command line parameters \"nokaslr\", will be passed to user space.\n[    0.337388] Dentry cache hash table entries: 262144 (order: 9, 2097152 bytes, linear)\n[    0.338110] Inode-cache hash table entries: 131072 (order: 8, 1048576 bytes, linear)\n[    0.340713] mem auto-init: stack:off, heap alloc:off, heap free:off\n[    0.344494] stackdepot hash table entries: 1048576 (order: 11, 8388608 bytes, linear)\n[    0.495938] Memory: 1674604K/2096632K\n\u2026[truncated 34019 bytes]", "soundness_note": "Replay from captured log. KASAN BUG banner is the verdict \u2014 the wall_ms=0 here is bookkeeping (the boot happened in 0.4).", "assumed": ["log=parsed-only", "no fresh qemu boot"]}, "cost_weight": 1, "wall_ms": 0}]}, "refinement": {"invoked": false, "reason": "", "initial_verdict": "", "final_verdict": "", "accumulated_contracts": [], "iterations": 0, "tokens_used": 0, "history": []}, "total_wall_ms": 2}
{"candidate_id": "k2-historical-cve-2024-1086-positive-control", "decision": {"disposition": "confirmed", "reason": "Tier-1 kasan_replay sanitizer-confirmed crash (use-after-free) at ip_rcv+0x6b1/0x730", "pov_path": "eval/kernelctf/artifacts/dmesg-cve-2024-1086.log"}, "route_trace": {"hypothesis_id": "k2-historical-cve-2024-1086-positive-control", "final_verdict": "confirmed", "decision_reason": "Tier-1 kasan_replay sanitizer-confirmed crash (use-after-free) at ip_rcv+0x6b1/0x730", "total_cost": 1, "total_wall_ms": 0, "pov_path": "eval/kernelctf/artifacts/dmesg-cve-2024-1086.log", "attempts": [{"tier": "tier1_fuzz", "engine": "kasan_replay", "role": "primary", "raw_verdict": {"unit": "kernelctf-historical:cve-2024-1086-replay", "engine": "kasan_replay", "sanitizer": "KASAN", "verdict": "crash", "wall_ms": 0, "crash_class": "use-after-free", "location": "ip_rcv+0x6b1/0x730", "pov_path": "eval/kernelctf/artifacts/dmesg-cve-2024-1086.log", "evidence_excerpt": "\u001bc\u001b[?7l\u001b[2J\u001b[0mSeaBIOS (version 1.15.0-1)\n\n\niPXE (https://ipxe.org) 00:03.0 CA00 PCI2.10 PnP PMM+7FF8B240+7FECB240 CA00\nPress Ctrl-B to configure iPXE (PCI 00:03.0)...\n                                                                               \n\n\nBooting from ROM...\n\u001bc\u001b[?7l\u001b[2J[    0.000000] Linux version 6.1.72 (chanyoung@baymax) (gcc (Ubuntu 11.4.0-1ubuntu1~22.04.3) 11.4.0, GNU ld (GNU Binutils for Ubuntu) 2.38) #1 SMP PREEMPT_DYNAMIC Tue May 26 21:23:19 KST 2026\n[    0.000000] Command line: console=ttyS0 panic=1 nokaslr oops=panic\n[    0.000000] x86/split lock detection: #DB: warning on user-space bus_locks\n[    0.000000] BIOS-provided physical RAM map:\n[    0.000000] BIOS-e820: [mem 0x0000000000000000-0x000000000009fbff] usable\n[    0.000000] BIOS-e820: [mem 0x000000000009fc00-0x000000000009ffff] reserved\n[    0.000000] BIOS-e820: [mem 0x00000000000f0000-0x00000000000fffff] reserved\n[    0.000000] BIOS-e820: [mem 0x0000000000100000-0x000000007ffdffff] usable\n[    0.000000] BIOS-e820: [mem 0x000000007ffe0000-0x000000007fffffff] reserved\n[    0.000000] BIOS-e820: [mem 0x00000000feffc000-0x00000000feffffff] reserved\n[    0.000000] BIOS-e820: [mem 0x00000000fffc0000-0x00000000ffffffff] reserved\n[    0.000000] NX (Execute Disable) protection: active\n[    0.000000] SMBIOS 2.8 present.\n[    0.000000] DMI: QEMU Standard PC (i440FX + PIIX, 1996), BIOS 1.15.0-1 04/01/2014\n[    0.000000] Hypervisor detected: KVM\n[    0.000000] kvm-clock: Using msrs 4b564d01 and 4b564d00\n[    0.000004] kvm-clock: using sched offset of 583105424 cycles\n[    0.000021] clocksource: kvm-clock: mask: 0xffffffffffffffff max_cycles: 0x1cd42e4dffb, max_idle_ns: 881590591483 ns\n[    0.000048] tsc: Detected 2800.000 MHz processor\n[    0.005254] last_pfn = 0x7ffe0 max_arch_pfn = 0x10000000000\n[    0.005332] x86/PAT: Configuration [0-7]: WB  WC  UC- UC  WB  WP  UC- WT  \n[    0.015119] found SMP MP-table at [mem 0x000f5ba0-0x000f5baf]\n[    0.015188] Using GB pages for direct mapping\n[    0.015802] RAMDISK: [mem 0x7fe80000-0x7ffdffff]\n[    0.015828] ACPI: Early table checksum verification disabled\n[    0.015866] ACPI: RSDP 0x00000000000F59E0 000014 (v00 BOCHS )\n[    0.015890] ACPI: RSDT 0x000000007FFE1960 000034 (v01 BOCHS  BXPC     00000001 BXPC 00000001)\n[    0.015924] ACPI: FACP 0x000000007FFE180C 000074 (v01 BOCHS  BXPC     00000001 BXPC 00000001)\n[    0.015952] ACPI: DSDT 0x000000007FFE0040 0017CC (v01 BOCHS  BXPC     00000001 BXPC 00000001)\n[    0.015968] ACPI: FACS 0x000000007FFE0000 000040\n[    0.015980] ACPI: APIC 0x000000007FFE1880 000080 (v01 BOCHS  BXPC     00000001 BXPC 00000001)\n[    0.015994] ACPI: HPET 0x000000007FFE1900 000038 (v01 BOCHS  BXPC     00000001 BXPC 00000001)\n[    0.016009] ACPI: WAET 0x000000007FFE1938 000028 (v01 BOCHS  BXPC     00000001 BXPC 00000001)\n[    0.016022] ACPI: Reserving FACP table memory at [mem 0x7ffe180c-0x7ffe187f]\n[    0.016027] ACPI: Reserving DSDT table memory at [mem 0x7ffe0040-0x7ffe180b]\n[    0.016032] ACPI: Reserving FACS table memory at [mem 0x7ffe0000-0x7ffe003f]\n[    0.016036] ACPI: Reserving APIC table memory at [mem 0x7ffe1880-0x7ffe18ff]\n[    0.016041] ACPI: Reserving HPET table memory at [mem 0x7ffe1900-0x7ffe1937]\n[    0.016045] ACPI: Reserving WAET table memory at [mem 0x7ffe1938-0x7ffe195f]\n[    0.016689] No NUMA configuration found\n[    0.016693] Faking a node at [mem 0x0000000000000000-0x000000007ffdffff]\n[    0.016704] NODE_DATA(0) allocated [mem 0x7fe7c000-0x7fe7ffff]\n[    0.017619] Zone ranges:\n[    0.017622]   DMA      [mem 0x0000000000001000-0x0000000000ffffff]\n[    0.017629]   DMA32    [mem 0x0000000001000000-0x000000007ffdffff]\n[    0.017635]   Normal   empty\n[    0.017639] Movable zone start for each node\n[    0.017642] Early memory node ranges\n[    0.017644]   node   0: [mem 0x0000000000001000-0x000000000009efff]\n[    0.017652]   node   0: [mem 0x0000000000100000-0x000000007ffdffff]\n[    0.017665] Initmem setup node 0 [mem 0x0000000000001000-0x000000007ffdffff]\n[    0.017691] On node 0, zone DMA: 1 pages in unavailable ranges\n[    0.017981] On node 0, zone DMA: 97 pages in unavailable ranges\n[    0.055210] On node 0, zone DMA32: 32 pages in unavailable ranges\n[    0.270650] kasan: KernelAddressSanitizer initialized\n[    0.270994] ACPI: PM-Timer IO Port: 0x608\n[    0.271025] ACPI: LAPIC_NMI (acpi_id[0xff] dfl dfl lint[0x1])\n[    0.271101] IOAPIC[0]: apic_id 0, version 17, address 0xfec00000, GSI 0-23\n[    0.271117] ACPI: INT_SRC_OVR (bus 0 bus_irq 0 global_irq 2 dfl dfl)\n[    0.271125] ACPI: INT_SRC_OVR (bus 0 bus_irq 5 global_irq 5 high level)\n[    0.271131] ACPI: INT_SRC_OVR (bus 0 bus_irq 9 global_irq 9 high level)\n[    0.271146] ACPI: INT_SRC_OVR (bus 0 bus_irq 10 global_irq 10 high level)\n[    0.271152] ACPI: INT_SRC_OVR (bus 0 bus_irq 11 global_irq 11 high level)\n[    0.271178] ACPI: Using ACPI (MADT) for SMP configuration information\n[    0.271182] ACPI: HPET id: 0x8086a201 base: 0xfed00000\n[    0.271200] TSC deadline timer available\n[    0.271209] smpboot: Allowing 2 CPUs, 0 hotplug CPUs\n[    0.271265] kvm-guest: KVM setup pv remote TLB flush\n[    0.271278] kvm-guest: setup PV sched yield\n[    0.271334] PM: hibernation: Registered nosave memory: [mem 0x00000000-0x00000fff]\n[    0.271346] PM: hibernation: Registered nosave memory: [mem 0x0009f000-0x0009ffff]\n[    0.271350] PM: hibernation: Registered nosave memory: [mem 0x000a0000-0x000effff]\n[    0.271357] PM: hibernation: Registered nosave memory: [mem 0x000f0000-0x000fffff]\n[    0.271367] [mem 0x80000000-0xfeffbfff] available for PCI devices\n[    0.271372] Booting paravirtualized kernel on KVM\n[    0.271382] clocksource: refined-jiffies: mask: 0xffffffff max_cycles: 0xffffffff, max_idle_ns: 1910969940391419 ns\n[    0.289035] setup_percpu: NR_CPUS:64 nr_cpumask_bits:2 nr_cpu_ids:2 nr_node_ids:1\n[    0.290918] percpu: Embedded 67 pages/cpu s233888 r8192 d32352 u1048576\n[    0.291144] Fallback order for Node 0: 0 \n[    0.291154] Built 1 zonelists, mobility grouping on.  Total pages: 515808\n[  \n\u2026[truncated 45528 bytes]", "soundness_note": "Replay from captured log. KASAN BUG banner is the verdict \u2014 the wall_ms=0 here is bookkeeping (the boot happened in 0.4).", "assumed": ["log=parsed-only", "no fresh qemu boot"]}, "cost_weight": 1, "wall_ms": 0}]}, "refinement": {"invoked": false, "reason": "", "initial_verdict": "", "final_verdict": "", "accumulated_contracts": [], "iterations": 0, "tokens_used": 0, "history": []}, "total_wall_ms": 2}
