{"hypothesis_id": "t1-synthetic-heap-oob", "final_verdict": "confirmed", "decision_reason": "Tier-1 libfuzzer sanitizer-confirmed crash (heap-buffer-overflow) at /home/chanyoung/veri-agent/oracle/tier1_fuzz/harnesses/synthetic_heap_oob.c:22", "total_cost": 1, "total_wall_ms": 193, "pov_path": "/tmp/tier1-f2q_66uv/crashes/crash-8f663bf1b50eee430baf3f15080f78045da44b3c", "attempts": [{"tier": "tier1_fuzz", "engine": "libfuzzer", "role": "primary", "raw_verdict": {"unit": "synthetic_heap_oob", "engine": "libfuzzer", "sanitizer": "ASan", "verdict": "crash", "wall_ms": 193, "crash_class": "heap-buffer-overflow", "location": "/home/chanyoung/veri-agent/oracle/tier1_fuzz/harnesses/synthetic_heap_oob.c:22", "pov_path": "/tmp/tier1-f2q_66uv/crashes/crash-8f663bf1b50eee430baf3f15080f78045da44b3c", "evidence_excerpt": "\nINFO: Running with entropic power schedule (0xFF, 100).\nINFO: Seed: 889671930\nINFO: Loaded 1 modules   (8 inline 8-bit counters): 8 [0x55e511fcfef0, 0x55e511fcfef8), \nINFO: Loaded 1 PC tables (8 PCs): 8 [0x55e511fcfef8,0x55e511fcff78), \nINFO:        0 files found in /tmp/tier1-f2q_66uv/corpus\nINFO: A corpus is not provided, starting from an empty corpus\n#2\tINITED cov: 2 ft: 2 corp: 1/1b exec/s: 0 rss: 30Mb\n#42\tNEW    cov: 3 ft: 3 corp: 2/5b lim: 4 exec/s: 0 rss: 31Mb L: 4/4 MS: 5 ChangeByte-ShuffleBytes-InsertByte-InsertByte-InsertByte-\n#460\tNEW    cov: 4 ft: 4 corp: 3/13b lim: 8 exec/s: 0 rss: 31Mb L: 8/8 MS: 3 ChangeBit-ChangeByte-InsertRepeatedBytes-\n#1082\tNEW    cov: 5 ft: 5 corp: 4/27b lim: 14 exec/s: 0 rss: 31Mb L: 14/14 MS: 2 CrossOver-InsertRepeatedBytes-\n#1292\tREDUCE cov: 5 ft: 5 corp: 4/25b lim: 14 exec/s: 0 rss: 31Mb L: 12/12 MS: 5 ChangeBinInt-CrossOver-InsertByte-ChangeByte-CopyPart-\n=================================================================\n==272385==ERROR: AddressSanitizer: heap-buffer-overflow on address 0x60200000dfe0 at pc 0x55e511f8e977 bp 0x7ffc2c346af0 sp 0x7ffc2c346ae8\nWRITE of size 1 at 0x60200000dfe0 thread T0\n    #0 0x55e511f8e976 in LLVMFuzzerTestOneInput /home/chanyoung/veri-agent/oracle/tier1_fuzz/harnesses/synthetic_heap_oob.c:22:19\n    #1 0x55e511eb7373 in fuzzer::Fuzzer::ExecuteCallback(unsigned char const*, unsigned long) (/tmp/tier1-f2q_66uv/synthetic_heap_oob.bin+0x3e373) (BuildId: 4bb3c80b5752f73d7e6e6994d92c297694ba23fc)\n    #2 0x55e511eb6ac9 in fuzzer::Fuzzer::RunOne(unsigned char const*, unsigned long, bool, fuzzer::InputInfo*, bool, bool*) (/tmp/tier1-f2q_66uv/synthetic_heap_oob.bin+0x3dac9) (BuildId: 4bb3c80b5752f73d7e6e6994d92c297694ba23fc)\n    #3 0x55e511eb82b9 in fuzzer::Fuzzer::MutateAndTestOne() (/tmp/tier1-f2q_66uv/synthetic_heap_oob.bin+0x3f2b9) (BuildId: 4bb3c80b5752f73d7e6e6994d92c297694ba23fc)\n    #4 0x55e511eb8e35 in fuzzer::Fuzzer::Loop(std::vector<fuzzer::SizedFile, std::allocator<fuzzer::SizedFile> >&) (/tmp/tier1-f2q_66uv/synthetic_heap_oob.bin+0x3fe35) (BuildId: 4bb3c80b5752f73d7e6e6994d92c297694ba23fc)\n    #5 0x55e511ea6f72 in fuzzer::FuzzerDriver(int*, char***, int (*)(unsigned char const*, unsigned long)) (/tmp/tier1-f2q_66uv/synthetic_heap_oob.bin+0x2df72) (BuildId: 4bb3c80b5752f73d7e6e6994d92c297694ba23fc)\n    #6 0x55e511ed0c62 in main (/tmp/tier1-f2q_66uv/synthetic_heap_oob.bin+0x57c62) (BuildId: 4bb3c80b5752f73d7e6e6994d92c297694ba23fc)\n    #7 0x7f51a7762d8f in __libc_start_call_main csu/../sysdeps/nptl/libc_start_call_main.h:58:16\n    #8 0x7f51a7762e3f in __libc_start_main csu/../csu/libc-start.c:392:3\n    #9 0x55e511e9b9b4 in _start (/tmp/tier1-f2q_66uv/synthetic_heap_oob.bin+0x229b4) (BuildId: 4bb3c80b5752f73d7e6e6994d92c297694ba23fc)\n\n0x60200000dfe0 is located 0 bytes to the right of 16-byte region [0x60200000dfd0,0x60200000dfe0)\nallocated by thread T0 here:\n    #0 0x55e511f539ee in malloc (/tmp/tier1-f2q_66uv/synthetic_heap_oob.bin+0xda9ee) (BuildId: 4bb3c80b5752f73d7e6e6994d92c297694ba23fc)\n    #1 0x55e511f8e8a6 in LLVMFuzzerTestOneInput /home/chanyoung/veri-agent/oracle/tier1_fuzz/harnesses/synthetic_heap_oob.c:19:25\n    #2 0x55e511eb7373 in fuzzer::Fuzzer::ExecuteCallback(unsigned char const*, unsigned long) (/tmp/tier1-f2q_66uv/synthetic_heap_oob.bin+0x3e373) (BuildId: 4bb3c80b5752f73d7e6e6994d92c297694ba23fc)\n    #3 0x55e511eb6ac9 in fuzzer::Fuzzer::RunOne(unsigned char const*, unsigned long, bool, fuzzer::InputInfo*, bool, bool*) (/tmp/tier1-f2q_66uv/synthetic_heap_oob.bin+0x3dac9) (BuildId: 4bb3c80b5752f73d7e6e6994d92c297694ba23fc)\n    #4 0x55e511eb82b9 in fuzzer::Fuzzer::MutateAndTestOne() (/tmp/tier1-f2q_66uv/synthetic_heap_oob.bin+0x3f2b9) (BuildId: 4bb3c80b5752f73d7e6e6994d92c297694ba23fc)\n    #5 0x55e511eb8e35 in fuzzer::Fuzzer::Loop(std::vector<fuzzer::SizedFile, std::allocator<fuzzer::SizedFile> >&) (/tmp/tier1-f2q_66uv/synthetic_heap_oob.bin+0x3fe35) (BuildId: 4bb3c80b5752f73d7e6e6994d92c297694ba23fc)\n    #6 0x55e511ea6f72 in fuzzer::Fuz\n\u2026[truncated 2556 bytes]", "soundness_note": "Tier-1 sanitizer hit = high-precision crash. Absence of crash within wall budget is inconclusive, not safe.", "assumed": ["libFuzzer wall_seconds=20", "sanitizer=ASan", "max_len=4096"]}, "cost_weight": 1, "wall_ms": 193}]}
{"hypothesis_id": "t1-kasan-cve-2024-1086", "final_verdict": "confirmed", "decision_reason": "Tier-1 kasan_replay sanitizer-confirmed crash (use-after-free) at ip_rcv+0x6b1/0x730", "total_cost": 1, "total_wall_ms": 0, "pov_path": "eval/kernelctf/artifacts/dmesg-cve-2024-1086.log", "attempts": [{"tier": "tier1_fuzz", "engine": "kasan_replay", "role": "primary", "raw_verdict": {"unit": "cve-2024-1086-kasan-replay", "engine": "kasan_replay", "sanitizer": "KASAN", "verdict": "crash", "wall_ms": 0, "crash_class": "use-after-free", "location": "ip_rcv+0x6b1/0x730", "pov_path": "eval/kernelctf/artifacts/dmesg-cve-2024-1086.log", "evidence_excerpt": "\u001bc\u001b[?7l\u001b[2J\u001b[0mSeaBIOS (version 1.15.0-1)\n\n\niPXE (https://ipxe.org) 00:03.0 CA00 PCI2.10 PnP PMM+7FF8B240+7FECB240 CA00\nPress Ctrl-B to configure iPXE (PCI 00:03.0)...\n                                                                               \n\n\nBooting from ROM...\n\u001bc\u001b[?7l\u001b[2J[    0.000000] Linux version 6.1.72 (chanyoung@baymax) (gcc (Ubuntu 11.4.0-1ubuntu1~22.04.3) 11.4.0, GNU ld (GNU Binutils for Ubuntu) 2.38) #1 SMP PREEMPT_DYNAMIC Tue May 26 21:23:19 KST 2026\n[    0.000000] Command line: console=ttyS0 panic=1 nokaslr oops=panic\n[    0.000000] x86/split lock detection: #DB: warning on user-space bus_locks\n[    0.000000] BIOS-provided physical RAM map:\n[    0.000000] BIOS-e820: [mem 0x0000000000000000-0x000000000009fbff] usable\n[    0.000000] BIOS-e820: [mem 0x000000000009fc00-0x000000000009ffff] reserved\n[    0.000000] BIOS-e820: [mem 0x00000000000f0000-0x00000000000fffff] reserved\n[    0.000000] BIOS-e820: [mem 0x0000000000100000-0x000000007ffdffff] usable\n[    0.000000] BIOS-e820: [mem 0x000000007ffe0000-0x000000007fffffff] reserved\n[    0.000000] BIOS-e820: [mem 0x00000000feffc000-0x00000000feffffff] reserved\n[    0.000000] BIOS-e820: [mem 0x00000000fffc0000-0x00000000ffffffff] reserved\n[    0.000000] NX (Execute Disable) protection: active\n[    0.000000] SMBIOS 2.8 present.\n[    0.000000] DMI: QEMU Standard PC (i440FX + PIIX, 1996), BIOS 1.15.0-1 04/01/2014\n[    0.000000] Hypervisor detected: KVM\n[    0.000000] kvm-clock: Using msrs 4b564d01 and 4b564d00\n[    0.000004] kvm-clock: using sched offset of 583105424 cycles\n[    0.000021] clocksource: kvm-clock: mask: 0xffffffffffffffff max_cycles: 0x1cd42e4dffb, max_idle_ns: 881590591483 ns\n[    0.000048] tsc: Detected 2800.000 MHz processor\n[    0.005254] last_pfn = 0x7ffe0 max_arch_pfn = 0x10000000000\n[    0.005332] x86/PAT: Configuration [0-7]: WB  WC  UC- UC  WB  WP  UC- WT  \n[    0.015119] found SMP MP-table at [mem 0x000f5ba0-0x000f5baf]\n[    0.015188] Using GB pages for direct mapping\n[    0.015802] RAMDISK: [mem 0x7fe80000-0x7ffdffff]\n[    0.015828] ACPI: Early table checksum verification disabled\n[    0.015866] ACPI: RSDP 0x00000000000F59E0 000014 (v00 BOCHS )\n[    0.015890] ACPI: RSDT 0x000000007FFE1960 000034 (v01 BOCHS  BXPC     00000001 BXPC 00000001)\n[    0.015924] ACPI: FACP 0x000000007FFE180C 000074 (v01 BOCHS  BXPC     00000001 BXPC 00000001)\n[    0.015952] ACPI: DSDT 0x000000007FFE0040 0017CC (v01 BOCHS  BXPC     00000001 BXPC 00000001)\n[    0.015968] ACPI: FACS 0x000000007FFE0000 000040\n[    0.015980] ACPI: APIC 0x000000007FFE1880 000080 (v01 BOCHS  BXPC     00000001 BXPC 00000001)\n[    0.015994] ACPI: HPET 0x000000007FFE1900 000038 (v01 BOCHS  BXPC     00000001 BXPC 00000001)\n[    0.016009] ACPI: WAET 0x000000007FFE1938 000028 (v01 BOCHS  BXPC     00000001 BXPC 00000001)\n[    0.016022] ACPI: Reserving FACP table memory at [mem 0x7ffe180c-0x7ffe187f]\n[    0.016027] ACPI: Reserving DSDT table memory at [mem 0x7ffe0040-0x7ffe180b]\n[    0.016032] ACPI: Reserving FACS table memory at [mem 0x7ffe0000-0x7ffe003f]\n[    0.016036] ACPI: Reserving APIC table memory at [mem 0x7ffe1880-0x7ffe18ff]\n[    0.016041] ACPI: Reserving HPET table memory at [mem 0x7ffe1900-0x7ffe1937]\n[    0.016045] ACPI: Reserving WAET table memory at [mem 0x7ffe1938-0x7ffe195f]\n[    0.016689] No NUMA configuration found\n[    0.016693] Faking a node at [mem 0x0000000000000000-0x000000007ffdffff]\n[    0.016704] NODE_DATA(0) allocated [mem 0x7fe7c000-0x7fe7ffff]\n[    0.017619] Zone ranges:\n[    0.017622]   DMA      [mem 0x0000000000001000-0x0000000000ffffff]\n[    0.017629]   DMA32    [mem 0x0000000001000000-0x000000007ffdffff]\n[    0.017635]   Normal   empty\n[    0.017639] Movable zone start for each node\n[    0.017642] Early memory node ranges\n[    0.017644]   node   0: [mem 0x0000000000001000-0x000000000009efff]\n[    0.017652]   node   0: [mem 0x0000000000100000-0x000000007ffdffff]\n[    0.017665] Initmem setup node 0 [mem 0x0000000000001000-0x000000007ffdffff]\n[    0.017691] On node 0, zone DMA: 1 pages in unavailable ranges\n[    0.017981] On node 0, zone DMA: 97 pages in unavailable ranges\n[    0.055210] On node 0, zone DMA32: 32 pages in unavailable ranges\n[    0.270650] kasan: KernelAddressSanitizer initialized\n[    0.270994] ACPI: PM-Timer IO Port: 0x608\n[    0.271025] ACPI: LAPIC_NMI (acpi_id[0xff] dfl dfl lint[0x1])\n[    0.271101] IOAPIC[0]: apic_id 0, version 17, address 0xfec00000, GSI 0-23\n[    0.271117] ACPI: INT_SRC_OVR (bus 0 bus_irq 0 global_irq 2 dfl dfl)\n[    0.271125] ACPI: INT_SRC_OVR (bus 0 bus_irq 5 global_irq 5 high level)\n[    0.271131] ACPI: INT_SRC_OVR (bus 0 bus_irq 9 global_irq 9 high level)\n[    0.271146] ACPI: INT_SRC_OVR (bus 0 bus_irq 10 global_irq 10 high level)\n[    0.271152] ACPI: INT_SRC_OVR (bus 0 bus_irq 11 global_irq 11 high level)\n[    0.271178] ACPI: Using ACPI (MADT) for SMP configuration information\n[    0.271182] ACPI: HPET id: 0x8086a201 base: 0xfed00000\n[    0.271200] TSC deadline timer available\n[    0.271209] smpboot: Allowing 2 CPUs, 0 hotplug CPUs\n[    0.271265] kvm-guest: KVM setup pv remote TLB flush\n[    0.271278] kvm-guest: setup PV sched yield\n[    0.271334] PM: hibernation: Registered nosave memory: [mem 0x00000000-0x00000fff]\n[    0.271346] PM: hibernation: Registered nosave memory: [mem 0x0009f000-0x0009ffff]\n[    0.271350] PM: hibernation: Registered nosave memory: [mem 0x000a0000-0x000effff]\n[    0.271357] PM: hibernation: Registered nosave memory: [mem 0x000f0000-0x000fffff]\n[    0.271367] [mem 0x80000000-0xfeffbfff] available for PCI devices\n[    0.271372] Booting paravirtualized kernel on KVM\n[    0.271382] clocksource: refined-jiffies: mask: 0xffffffff max_cycles: 0xffffffff, max_idle_ns: 1910969940391419 ns\n[    0.289035] setup_percpu: NR_CPUS:64 nr_cpumask_bits:2 nr_cpu_ids:2 nr_node_ids:1\n[    0.290918] percpu: Embedded 67 pages/cpu s233888 r8192 d32352 u1048576\n[    0.291144] Fallback order for Node 0: 0 \n[    0.291154] Built 1 zonelists, mobility grouping on.  Total pages: 515808\n[  \n\u2026[truncated 45528 bytes]", "soundness_note": "Replay from captured log. KASAN BUG banner is the verdict \u2014 the wall_ms=0 here is bookkeeping (the boot happened in 0.4).", "assumed": ["log=parsed-only", "no fresh qemu boot"]}, "cost_weight": 1, "wall_ms": 0}]}
{"hypothesis_id": "t2-klee-sat-div-by-zero", "final_verdict": "candidate", "decision_reason": "Tier-2 klee SAT at oracle/tier2_symbolic/smoke/klee_sat_div_by_zero.c:10 (symbolic candidate, no runtime reconfirm available)", "total_cost": 25, "total_wall_ms": 45, "pov_path": "/tmp/tier2-klee-6db_6nu_/klee-out/test000002.ktest", "attempts": [{"tier": "tier2_symbolic", "engine": "klee", "role": "primary", "raw_verdict": {"unit": "klee_sat_div_by_zero", "engine": "klee", "verdict": "sat", "wall_ms": 45, "property": "klee-encoded-assertions", "paths_explored": 2, "paths_completed": 1, "pov_path": "/tmp/tier2-klee-6db_6nu_/klee-out/test000002.ktest", "target_location": "oracle/tier2_symbolic/smoke/klee_sat_div_by_zero.c:10", "evidence_excerpt": "\nKLEE: output directory is \"/tmp/tier2-klee-6db_6nu_/klee-out\"\nKLEE: Using STP solver backend\nKLEE: SAT solver: MiniSat\nKLEE: Deterministic allocator: Using quarantine queue size 8\nKLEE: Deterministic allocator: globals (start-address=0x7fc600cf7000 size=10 GiB)\nKLEE: Deterministic allocator: constants (start-address=0x7fc380cf7000 size=10 GiB)\nKLEE: Deterministic allocator: heap (start-address=0x7ec380cf7000 size=1024 GiB)\nKLEE: Deterministic allocator: stack (start-address=0x7ea380cf7000 size=128 GiB)\nKLEE: ERROR: oracle/tier2_symbolic/smoke/klee_sat_div_by_zero.c:10: divide by zero\nKLEE: NOTE: now ignoring this error at this location\n\nKLEE: done: total instructions = 33\nKLEE: done: completed paths = 1\nKLEE: done: partially completed paths = 1\nKLEE: done: generated tests = 2\n", "soundness_note": "KLEE produced an error-ktest; candidate PoV. Re-confirm with Tier-1 before declaring an exploit. Symbolic SAT alone is not a final verdict.", "assumed": ["wall_seconds=30", "max_memory_mb=2048", "max_forks=4096", "klee-uclibc + POSIX environment model"]}, "cost_weight": 25, "wall_ms": 45}]}
{"hypothesis_id": "t2-klee-unsat-clamped", "final_verdict": "refuted", "decision_reason": "Tier-2 klee UNSAT under modeled environment (completed=3)", "total_cost": 25, "total_wall_ms": 72, "pov_path": null, "attempts": [{"tier": "tier2_symbolic", "engine": "klee", "role": "primary", "raw_verdict": {"unit": "klee_unsat_clamped", "engine": "klee", "verdict": "unsat", "wall_ms": 72, "property": "klee-encoded-assertions", "paths_explored": 3, "paths_completed": 3, "pov_path": null, "target_location": null, "evidence_excerpt": "\nKLEE: output directory is \"/tmp/tier2-klee-f5c4yd0c/klee-out\"\nKLEE: Using STP solver backend\nKLEE: SAT solver: MiniSat\nKLEE: Deterministic allocator: Using quarantine queue size 8\nKLEE: Deterministic allocator: globals (start-address=0x7fc24f9d0000 size=10 GiB)\nKLEE: Deterministic allocator: constants (start-address=0x7fbfcf9d0000 size=10 GiB)\nKLEE: Deterministic allocator: heap (start-address=0x7ebfcf9d0000 size=1024 GiB)\nKLEE: Deterministic allocator: stack (start-address=0x7e9fcf9d0000 size=128 GiB)\n\nKLEE: done: total instructions = 584\nKLEE: done: completed paths = 3\nKLEE: done: partially completed paths = 0\nKLEE: done: generated tests = 3\n", "soundness_note": "All explored paths completed without hitting the encoded property; unsat is sound only under the klee-uclibc + POSIX environment model.", "assumed": ["wall_seconds=30", "max_memory_mb=2048", "max_forks=4096", "klee-uclibc + POSIX environment model"]}, "cost_weight": 25, "wall_ms": 72}]}
{"hypothesis_id": "t3-cbmc-safe-bounded", "final_verdict": "proved_safe", "decision_reason": "Tier-3 cbmc proved safe up to --unwind=16 (property=memory-safety)", "total_cost": 50, "total_wall_ms": 589, "pov_path": null, "attempts": [{"tier": "tier3_bmc", "engine": "cbmc", "role": "primary", "raw_verdict": {"unit": "cbmc:safe:bounded", "engine": "cbmc", "property": "memory-safety", "verdict": "safe", "unwind": 16, "wall_ms": 589, "pov_path": null, "target_location": null, "evidence_excerpt": "CBMC version 6.4.0 (cbmc-6.4.0) 64-bit x86_64 linux\nType-checking safe_bounded\nGenerating GOTO Program\nAdding CPROVER library (x86_64)\nRemoval of function pointers and virtual functions\nGeneric Property Instrumentation\nStarting Bounded Model Checking\nPassing problem to propositional reduction\nconverting SSA\nRunning propositional reduction\nSAT checker: instance is UNSATISFIABLE\n** Results:\nfunction __CPROVER__start\n[__CPROVER__start.memory-leak.1] dynamically allocated memory never freed in __CPROVER_memory_leak == NULL: SUCCESS\nsafe_bounded.c function clamp_write\n[clamp_write.overflow.1] line 15 arithmetic overflow on signed * in (signed long int)i * (signed long int)4ul: SUCCESS\n[clamp_write.pointer_arithmetic.1] line 15 pointer arithmetic: pointer NULL in a + (signed long int)i: SUCCESS\n[clamp_write.pointer_arithmetic.2] line 15 pointer arithmetic: pointer invalid in a + (signed long int)i: SUCCESS\n[clamp_write.pointer_arithmetic.3] line 15 pointer arithmetic: deallocated dynamic object in a + (signed long int)i: SUCCESS\n[clamp_write.pointer_arithmetic.4] line 15 pointer arithmetic: dead object in a + (signed long int)i: SUCCESS\n[clamp_write.pointer_arithmetic.5] line 15 pointer arithmetic: pointer outside object bounds in a + (signed long int)i: SUCCESS\n[clamp_write.pointer_arithmetic.6] line 15 pointer arithmetic: invalid integer address in a + (signed long int)i: SUCCESS\n[clamp_write.pointer_dereference.1] line 15 dereference failure: pointer NULL in a[(signed long int)i]: SUCCESS\n[clamp_write.pointer_dereference.2] line 15 dereference failure: pointer invalid in a[(signed long int)i]: SUCCESS\n[clamp_write.pointer_dereference.3] line 15 dereference failure: deallocated dynamic object in a[(signed long int)i]: SUCCESS\n[clamp_write.pointer_dereference.4] line 15 dereference failure: dead object in a[(signed long int)i]: SUCCESS\n[clamp_write.pointer_dereference.5] line 15 dereference failure: pointer outside object bounds in a[(signed long int)i]: SUCCESS\n[clamp_write.pointer_dereference.6] line 15 dereference failure: invalid integer address in a[(signed long int)i]: SUCCESS\n** 0 of 14 failed (1 iterations)\nVERIFICATION SUCCESSFUL", "soundness_note": "Bounded-sound up to --unwind=16 with --unwinding-assertions ON. Without a verified loop invariant this is NOT an unbounded-safety claim.", "assumed_contracts": []}, "cost_weight": 50, "wall_ms": 589}]}
{"hypothesis_id": "t3-cbmc-unsafe-off-by-one", "final_verdict": "bmc_unsafe", "decision_reason": "Tier-3 cbmc unsafe at line 26 [main.assertion.1] (bounded-sound witness; runtime PoV needs Tier-1 wrap)", "total_cost": 50, "total_wall_ms": 587, "pov_path": "/tmp/tier3-cbmc-76ln3uqg/unsafe_assert.cbmc-pov.json", "attempts": [{"tier": "tier3_bmc", "engine": "cbmc", "role": "primary", "raw_verdict": {"unit": "cbmc:unsafe:off_by_one", "engine": "cbmc", "property": "assertion", "verdict": "unsafe", "unwind": 16, "wall_ms": 587, "pov_path": "/tmp/tier3-cbmc-76ln3uqg/unsafe_assert.cbmc-pov.json", "target_location": "line 26 [main.assertion.1]", "evidence_excerpt": "  file unsafe_assert.c function write_at line 16 thread 0\n  array 'buf' upper bound in buf[(signed long int)i]\n  !((signed long int)i >= 8l)\nState 29 file unsafe_assert.c function write_at line 16 thread 0\n----------------------------------------------------\n  buf[8l]={ 0, 0, 0, 0, 0, 0, 0, 0 }[8l] (?)\nState 30 file unsafe_assert.c function write_at line 16 thread 0\n----------------------------------------------------\n  buf[0l]=0 (00000000 00000000 00000000 00000000)\nState 31 file unsafe_assert.c function write_at line 16 thread 0\n----------------------------------------------------\n  buf[1l]=0 (00000000 00000000 00000000 00000000)\nState 32 file unsafe_assert.c function write_at line 16 thread 0\n----------------------------------------------------\n  buf[2l]=0 (00000000 00000000 00000000 00000000)\nState 33 file unsafe_assert.c function write_at line 16 thread 0\n----------------------------------------------------\n  buf[3l]=0 (00000000 00000000 00000000 00000000)\nState 34 file unsafe_assert.c function write_at line 16 thread 0\n----------------------------------------------------\n  buf[4l]=0 (00000000 00000000 00000000 00000000)\nState 35 file unsafe_assert.c function write_at line 16 thread 0\n----------------------------------------------------\n  buf[5l]=0 (00000000 00000000 00000000 00000000)\nState 36 file unsafe_assert.c function write_at line 16 thread 0\n----------------------------------------------------\n  buf[6l]=0 (00000000 00000000 00000000 00000000)\nState 37 file unsafe_assert.c function write_at line 16 thread 0\n----------------------------------------------------\n  buf[7l]=0 (00000000 00000000 00000000 00000000)\nViolated property:\n  file unsafe_assert.c function main line 26 thread 0\n  i must be strictly less than N\n  i < (unsigned int)8\nTrace for write_at.array_bounds.1:\nState 9 file unsafe_assert.c function __CPROVER_initialize line 11 thread 0\n----------------------------------------------------\n  buf[0l]=0 (00000000 00000000 00000000 00000000)\nState 10 file unsafe_assert.c function __CPROVER_initialize line 11 thread 0\n----------------------------------------------------\n  buf[1l]=0 (00000000 00000000 00000000 00000000)\nState 11 file unsafe_assert.c function __CPROVER_initialize line 11 thread 0\n----------------------------------------------------\n  buf[2l]=0 (00000000 00000000 00000000 00000000)\nState 12 file unsafe_assert.c function __CPROVER_initialize line 11 thread 0\n----------------------------------------------------\n  buf[3l]=0 (00000000 00000000 00000000 00000000)\nState 13 file unsafe_assert.c function __CPROVER_initialize line 11 thread 0\n----------------------------------------------------\n  buf[4l]=0 (00000000 00000000 00000000 00000000)\nState 14 file unsafe_assert.c function __CPROVER_initialize line 11 thread 0\n----------------------------------------------------\n  buf[5l]=0 (00000000 00000000 00000000 00000000)\nState 15 file unsafe_assert.c function __CPROVER_initialize line 11 thread 0\n----------------------------------------------------\n  buf[6l]=0 (00000000 00000000 00000000 00000000)\nState 16 file unsafe_assert.c function __CPROVER_initialize line 11 thread 0\n----------------------------------------------------\n  buf[7l]=0 (00000000 00000000 00000000 00000000)\nState 20 file unsafe_assert.c function main line 21 thread 0\n----------------------------------------------------\n  i=8u (00000000 00000000 00000000 00001000)\nState 21 file unsafe_assert.c function main line 22 thread 0\n----------------------------------------------------\n  v=0 (00000000 00000000 00000000 00000000)\nAssumption:\n  file unsafe_assert.c line 23 function main\n  i <= (unsigned int)8\nState 25 file unsafe_assert.c function main line 24 thread 0\n----------------------------------------------------\n  i=8u (00000000 00000000 00000000 00001000)\nState 26 file unsafe_assert.c function main line 24 thread 0\n----------------------------------------------------\n  v=0 (00000000 00000000 00000000 00000000)\nViolated property:\n  file unsafe_assert.c function write_at line 16 thread 0\n  array 'buf' upper bound in buf[(signed long int)i]\n  !((signed long int)i >= 8l)\n** 2 of 2 failed (2 iterations)\nVERIFICATION FAILED", "soundness_note": "CBMC produced a counterexample within the unwind bound. The cex assignment is a sound witness *for the harness as specified*; wrap it through the Tier-1 harness/replay path to obtain a runtime PoV.", "assumed_contracts": []}, "cost_weight": 50, "wall_ms": 587}]}
{"hypothesis_id": "noop", "final_verdict": "no_dispatch", "decision_reason": "no specs attached", "total_cost": 0, "total_wall_ms": 0, "pov_path": null, "attempts": []}
