c[?7l[2J[0mSeaBIOS (version 1.16.3-debian-1.16.3-2)


iPXE (https://ipxe.org) 00:03.0 CA00 PCI2.10 PnP PMM+7EFCACB0+7EF0ACB0 CA00
Press Ctrl-B to configure iPXE (PCI 00:03.0)...                                                                               


Booting from ROM...
c[?7l[2J[    0.000000] Linux version 6.12.91 (chanyoung@anna) (gcc (Ubuntu 13.3.0-6ubuntu2~24.04.1) 13.3.0, GNU ld (GNU Binutils for Ubuntu) 2.42) #3 SMP Wed May 27 13:21:07 KST 2026
[    0.000000] Command line: root=/dev/vda rw console=ttyS0 panic=1 nokaslr oops=panic net.ifnames=0
[    0.000000] BIOS-provided physical RAM map:
[    0.000000] BIOS-e820: [mem 0x0000000000000000-0x000000000009fbff] usable
[    0.000000] BIOS-e820: [mem 0x000000000009fc00-0x000000000009ffff] reserved
[    0.000000] BIOS-e820: [mem 0x00000000000f0000-0x00000000000fffff] reserved
[    0.000000] BIOS-e820: [mem 0x0000000000100000-0x000000007ffdcfff] usable
[    0.000000] BIOS-e820: [mem 0x000000007ffdd000-0x000000007fffffff] reserved
[    0.000000] BIOS-e820: [mem 0x00000000feffc000-0x00000000feffffff] reserved
[    0.000000] BIOS-e820: [mem 0x00000000fffc0000-0x00000000ffffffff] reserved
[    0.000000] NX (Execute Disable) protection: active
[    0.000000] APIC: Static calls initialized
[    0.000000] SMBIOS 3.0.0 present.
[    0.000000] DMI: QEMU Ubuntu 24.04 PC v2 (i440FX + PIIX, arch_caps fix, 1996), BIOS 1.16.3-debian-1.16.3-2 04/01/2014
[    0.000000] DMI: Memory slots populated: 1/1
[    0.000000] Hypervisor detected: KVM
[    0.000000] last_pfn = 0x7ffdd max_arch_pfn = 0x400000000
[    0.000000] kvm-clock: Using msrs 4b564d01 and 4b564d00
[    0.000002] kvm-clock: using sched offset of 941487492 cycles
[    0.000008] clocksource: kvm-clock: mask: 0xffffffffffffffff max_cycles: 0x1cd42e4dffb, max_idle_ns: 881590591483 ns
[    0.000023] tsc: Detected 2999.998 MHz processor
[    0.007435] last_pfn = 0x7ffdd max_arch_pfn = 0x400000000
[    0.007478] MTRR map: 4 entries (3 fixed + 1 variable; max 19), built from 8 variable MTRRs
[    0.007488] x86/PAT: Configuration [0-7]: WB  WC  UC- UC  WB  WP  UC- WT  
[    0.017325] found SMP MP-table at [mem 0x000f5470-0x000f547f]
[    0.017355] Using GB pages for direct mapping
[    0.019975] ACPI: Early table checksum verification disabled
[    0.019984] ACPI: RSDP 0x00000000000F5280 000014 (v00 BOCHS )
[    0.020004] ACPI: RSDT 0x000000007FFE1CB3 000034 (v01 BOCHS  BXPC     00000001 BXPC 00000001)
[    0.020027] ACPI: FACP 0x000000007FFE1B5F 000074 (v01 BOCHS  BXPC     00000001 BXPC 00000001)
[    0.020053] ACPI: DSDT 0x000000007FFE0040 001B1F (v01 BOCHS  BXPC     00000001 BXPC 00000001)
[    0.020073] ACPI: FACS 0x000000007FFE0000 000040
[    0.020087] ACPI: APIC 0x000000007FFE1BD3 000080 (v03 BOCHS  BXPC     00000001 BXPC 00000001)
[    0.020106] ACPI: HPET 0x000000007FFE1C53 000038 (v01 BOCHS  BXPC     00000001 BXPC 00000001)
[    0.020125] ACPI: WAET 0x000000007FFE1C8B 000028 (v01 BOCHS  BXPC     00000001 BXPC 00000001)
[    0.020141] ACPI: Reserving FACP table memory at [mem 0x7ffe1b5f-0x7ffe1bd2]
[    0.020148] ACPI: Reserving DSDT table memory at [mem 0x7ffe0040-0x7ffe1b5e]
[    0.020155] ACPI: Reserving FACS table memory at [mem 0x7ffe0000-0x7ffe003f]
[    0.020161] ACPI: Reserving APIC table memory at [mem 0x7ffe1bd3-0x7ffe1c52]
[    0.020167] ACPI: Reserving HPET table memory at [mem 0x7ffe1c53-0x7ffe1c8a]
[    0.020173] ACPI: Reserving WAET table memory at [mem 0x7ffe1c8b-0x7ffe1cb2]
[    0.021050] No NUMA configuration found
[    0.021055] Faking a node at [mem 0x0000000000000000-0x000000007ffdcfff]
[    0.021067] NODE_DATA(0) allocated [mem 0x7ffd8700-0x7ffdcfff]
[    0.021185] Zone ranges:
[    0.021188]   DMA      [mem 0x0000000000001000-0x0000000000ffffff]
[    0.021197]   DMA32    [mem 0x0000000001000000-0x000000007ffdcfff]
[    0.021204]   Normal   empty
[    0.021209] Movable zone start for each node
[    0.021212] Early memory node ranges
[    0.021214]   node   0: [mem 0x0000000000001000-0x000000000009efff]
[    0.021221]   node   0: [mem 0x0000000000100000-0x000000007ffdcfff]
[    0.021228] Initmem setup node 0 [mem 0x0000000000001000-0x000000007ffdcfff]
[    0.021265] On node 0, zone DMA: 1 pages in unavailable ranges
[    0.021703] On node 0, zone DMA: 97 pages in unavailable ranges
[    0.029298] On node 0, zone DMA32: 35 pages in unavailable ranges
[    0.293247] kasan: KernelAddressSanitizer initialized
[    0.294229] ACPI: LAPIC_NMI (acpi_id[0xff] dfl dfl lint[0x1])
[    0.294439] IOAPIC[0]: apic_id 0, version 17, address 0xfec00000, GSI 0-23
[    0.294457] ACPI: INT_SRC_OVR (bus 0 bus_irq 0 global_irq 2 dfl dfl)
[    0.294466] ACPI: INT_SRC_OVR (bus 0 bus_irq 5 global_irq 5 high level)
[    0.294474] ACPI: INT_SRC_OVR (bus 0 bus_irq 9 global_irq 9 high level)
[    0.294486] ACPI: INT_SRC_OVR (bus 0 bus_irq 10 global_irq 10 high level)
[    0.294494] ACPI: INT_SRC_OVR (bus 0 bus_irq 11 global_irq 11 high level)
[    0.294518] ACPI: Using ACPI (MADT) for SMP configuration information
[    0.294523] ACPI: HPET id: 0x8086a201 base: 0xfed00000
[    0.294541] TSC deadline timer available
[    0.294561] CPU topo: Max. logical packages:   1
[    0.294568] CPU topo: Max. logical dies:       1
[    0.294571] CPU topo: Max. dies per package:   1
[    0.294583] CPU topo: Max. threads per core:   1
[    0.294587] CPU topo: Num. cores per package:     2
[    0.294591] CPU topo: Num. threads per package:   2
[    0.294594] CPU topo: Allowing 2 present CPUs plus 0 hotplug CPUs
[    0.294774] kvm-guest: APIC: eoi() replaced with kvm_guest_apic_eoi_write()
[    0.294855] kvm-guest: KVM setup pv remote TLB flush
[    0.294864] kvm-guest: setup PV sched yield
[    0.294925] [mem 0x80000000-0xfeffbfff] available for PCI devices
[    0.294931] Booting paravirtualized kernel on KVM
[    0.294958] clocksource: refined-jiffies: mask: 0xffffffff max_cycles: 0xffffffff, max_idle_ns: 1910969940391419 ns
[    0.325678] setup_percpu: NR_CPUS:512 nr_cpumask_bits:2 nr_cpu_ids:2 nr_node_ids:1
[    0.327669] percpu: Embedded 84 pages/cpu s307200 r8192 d28672 u1048576
[    0.327796] kvm-guest: PV spinlocks enabled
[    0.327804] PV qspinlock hash table entries: 256 (order: 0, 4096 bytes, linear)
[    0.327818] Kernel command line: root=/dev/vda rw console=ttyS0 panic=1 nokaslr oops=panic net.ifnames=0
[    0.328838] Unknown kernel command line parameters "nokaslr", will be passed to user space.
[    0.328908] random: crng init done
[    0.330787] Dentry cache hash table entries: 262144 (order: 9, 2097152 bytes, linear)
[    0.331772] Inode-cache hash table entries: 131072 (order: 8, 1048576 bytes, linear)
[    0.332088] Fallback order for Node 0: 0 
[    0.332103] Built 1 zonelists, mobility grouping on.  Total pages: 524155
[    0.332110] Policy zone: DMA32
[    0.332119] mem auto-init: stack:all(zero), heap alloc:off, heap free:off
[    0.332125] stackdepot: allocating hash table via alloc_large_system_hash
[    0.332136] stackdepot hash table entries: 1048576 (order: 12, 16777216 bytes, linear)
[    0.385109] **********************************************************
[    0.385117] **   NOTICE NOTICE NOTICE NOTICE NOTICE NOTICE NOTICE   **
[    0.385120] **                                                      **
[    0.385123] ** This system shows unhashed kernel memory addresses   **
[    0.385126] ** via the console, logs, and other interfaces. This    **
[    0.385129] ** might reduce the security of your system.            **
[    0.385135] **                                                      **
[    0.385138] ** If you see this message and you are not debugging    **
[    0.385141] ** the kernel, report this immediately to your system   **
[    0.385144] ** administrator!                                       **
[    0.385147] **                                                      **
[    0.385150] **   NOTICE NOTICE NOTICE NOTICE NOTICE NOTICE NOTICE   **
[    0.385153] **********************************************************
[    0.386637] SLUB: HWalign=64, Order=0-3, MinObjects=0, CPUs=2, Nodes=1
[    0.386797] Kernel/User page tables isolation: enabled
[    0.387241] ftrace: allocating 79392 entries in 311 pages
[    0.461748] ftrace: allocated 311 pages with 6 groups
[    0.462891] Running RCU self tests
[    0.462900] Running RCU synchronous self tests
[    0.463007] rcu: Hierarchical RCU implementation.
[    0.463011] rcu: 	RCU lockdep checking is enabled.
[    0.463013] rcu: 	RCU restricting CPUs from NR_CPUS=512 to nr_cpu_ids=2.
[    0.463020] 	Rude variant of Tasks RCU enabled.
[    0.463023] 	Tracing variant of Tasks RCU enabled.
[    0.463026] rcu: RCU calculated value of scheduler-enlistment delay is 100 jiffies.
[    0.463033] rcu: Adjusting geometry for rcu_fanout_leaf=16, nr_cpu_ids=2
[    0.463129] Running RCU synchronous self tests
[    0.463144] RCU Tasks Rude: Setting shift to 1 and lim to 1 rcu_task_cb_adjust=1 rcu_task_cpu_ids=2.
[    0.463159] RCU Tasks Trace: Setting shift to 1 and lim to 1 rcu_task_cb_adjust=1 rcu_task_cpu_ids=2.
[    0.587152] NR_IRQS: 33024, nr_irqs: 440, preallocated irqs: 16
[    0.587976] rcu: srcu_init: Setting srcu_struct sizes based on contention.
[    0.598710] Console: colour VGA+ 80x25
[    0.598920] printk: legacy console [ttyS0] enabled
[    0.791002] Lock dependency validator: Copyright (c) 2006 Red Hat, Inc., Ingo Molnar
[    0.792881] ... MAX_LOCKDEP_SUBCLASSES:  8
[    0.793909] ... MAX_LOCK_DEPTH:          48
[    0.794939] ... MAX_LOCKDEP_KEYS:        8192
[    0.796015] ... CLASSHASH_SIZE:          4096
[    0.797085] ... MAX_LOCKDEP_ENTRIES:     32768
[    0.798176] ... MAX_LOCKDEP_CHAINS:      65536
[    0.799268] ... CHAINHASH_SIZE:          32768
[    0.800356]  memory used by lock dependency info: 6429 kB
[    0.801678]  memory used for stack traces: 4224 kB
[    0.802855]  per task-struct memory footprint: 1920 bytes
[    0.804336] ACPI: Core revision 20240827
[    0.806182] clocksource: hpet: mask: 0xffffffff max_cycles: 0xffffffff, max_idle_ns: 19112604467 ns
[    0.808724] APIC: Switch to symmetric I/O mode setup
[    0.810323] x2apic enabled
[    0.811634] APIC: Switched APIC routing to: physical x2apic
[    0.813057] kvm-guest: APIC: send_IPI_mask() replaced with kvm_send_ipi_mask()
[    0.814850] kvm-guest: APIC: send_IPI_mask_allbutself() replaced with kvm_send_ipi_mask_allbutself()
[    0.817102] kvm-guest: setup PV IPIs
[    0.819913] ..TIMER: vector=0x30 apic1=0 pin1=2 apic2=-1 pin2=-1
[    0.821447] clocksource: tsc-early: mask: 0xffffffffffffffff max_cycles: 0x2b3e43c8763, max_idle_ns: 440795360101 ns
[    0.824119] Calibrating delay loop (skipped) preset value.. 5999.99 BogoMIPS (lpj=2999998)
[    0.825297] x86/cpu: User Mode Instruction Prevention (UMIP) activated
[    0.826301] Last level iTLB entries: 4KB 0, 2MB 0, 4MB 0
[    0.827124] Last level dTLB entries: 4KB 0, 2MB 0, 4MB 0, 1GB 0
[    0.828140] Spectre V1 : Mitigation: usercopy/swapgs barriers and __user pointer sanitization
[    0.829137] Spectre V2 : Spectre BHI mitigation: SW BHB clearing on syscall and VM exit
[    0.830130] Spectre V2 : Mitigation: IBRS
[    0.831129] Spectre V2 : Spectre v2 / SpectreRSB: Filling RSB on context switch and VMEXIT
[    0.832126] RETBleed: Mitigation: IBRS
[    0.833135] Spectre V2 : mitigation: Enabling conditional Indirect Branch Prediction Barrier
[    0.834134] Speculative Store Bypass: Mitigation: Speculative Store Bypass disabled via prctl
[    0.835128] MDS: Mitigation: Clear CPU buffers
[    0.837124] TAA: Mitigation: Clear CPU buffers
[    0.838125] MMIO Stale Data: Mitigation: Clear CPU buffers
[    0.839130] GDS: Unknown: Dependent on hypervisor status
[    0.840125] active return thunk: its_return_thunk
[    0.841125] ITS: Mitigation: Aligned branch/return thunks
[    0.842185] x86/fpu: Supporting XSAVE feature 0x001: 'x87 floating point registers'
[    0.843125] x86/fpu: Supporting XSAVE feature 0x002: 'SSE registers'
[    0.844124] x86/fpu: Supporting XSAVE feature 0x004: 'AVX registers'
[    0.845125] x86/fpu: Supporting XSAVE feature 0x008: 'MPX bounds registers'
[    0.846125] x86/fpu: Supporting XSAVE feature 0x010: 'MPX CSR'
[    0.847125] x86/fpu: Supporting XSAVE feature 0x020: 'AVX-512 opmask'
[    0.848125] x86/fpu: Supporting XSAVE feature 0x040: 'AVX-512 Hi256'
[    0.849125] x86/fpu: Supporting XSAVE feature 0x080: 'AVX-512 ZMM_Hi256'
[    0.850125] x86/fpu: Supporting XSAVE feature 0x200: 'Protection Keys User registers'
[    0.851125] x86/fpu: xstate_offset[2]:  576, xstate_sizes[2]:  256
[    0.852125] x86/fpu: xstate_offset[3]:  832, xstate_sizes[3]:   64
[    0.853125] x86/fpu: xstate_offset[4]:  896, xstate_sizes[4]:   64
[    0.854125] x86/fpu: xstate_offset[5]:  960, xstate_sizes[5]:   64
[    0.855125] x86/fpu: xstate_offset[6]: 1024, xstate_sizes[6]:  512
[    0.856125] x86/fpu: xstate_offset[7]: 1536, xstate_sizes[7]: 1024
[    0.857125] x86/fpu: xstate_offset[9]: 2560, xstate_sizes[9]:    8
[    0.858125] x86/fpu: Enabled xstate features 0x2ff, context size is 2568 bytes, using 'compacted' format.
[    1.331283] Freeing SMP alternatives memory: 72K
[    1.332140] pid_max: default: 32768 minimum: 301
[    1.334566] LSM: initializing lsm=capability,yama,loadpin,safesetid,apparmor,bpf,ima
[    1.335394] Yama: becoming mindful.
[    1.336273] LoadPin: ready to pin (currently not enforcing)
[    1.338413] AppArmor: AppArmor initialized
[    1.340308] LSM support for eBPF active
[    1.341864] Mount-cache hash table entries: 4096 (order: 3, 32768 bytes, linear)
[    1.342160] Mountpoint-cache hash table entries: 4096 (order: 3, 32768 bytes, linear)
[    1.348967] Running RCU synchronous self tests
[    1.349129] Running RCU synchronous self tests
[    1.351306] smpboot: CPU0: Intel(R) Xeon(R) Gold 6136 CPU @ 3.00GHz (family: 0x6, model: 0x55, stepping: 0x4)
[    1.354921] Running RCU Tasks Rude wait API self tests
[    1.355361] Running RCU Tasks Trace wait API self tests
[    1.356236] Performance Events: Skylake events, full-width counters, Intel PMU driver.
[    1.357149] ... version:                2
[    1.358127] ... bit width:              48
[    1.359127] ... generic registers:      4
[    1.360108] ... value mask:             0000ffffffffffff
[    1.361127] ... max period:             00007fffffffffff
[    1.362206] ... fixed-purpose events:   3
[    1.363127] ... event mask:             000000070000000f
[    1.364184] Callback from call_rcu_tasks_trace() invoked.
[    1.365926] signal: max sigframe size: 3632
[    1.366531] rcu: Hierarchical SRCU implementation.
[    1.367128] rcu: 	Max phase no-delay instances is 400.
[    1.368797] Timer migration: 1 hierarchy levels; 8 children per group; 1 crossnode level
[    1.390466] smp: Bringing up secondary CPUs ...
[    1.392981] smpboot: x86: Booting SMP configuration:
[    1.393138] .... node  #0, CPUs:      #1
[    1.395262] smp: Brought up 1 node, 2 CPUs
[    1.397128] smpboot: Total of 2 processors activated (11999.99 BogoMIPS)
[    1.438103] node 0 deferred pages initialised in 39ms
[    1.442190] Memory: 1574672K/2096620K available (90112K kernel code, 18721K rwdata, 22460K rodata, 16224K init, 15600K bss, 513964K reserved, 0K cma-reserved)
[    1.445666] devtmpfs: initialized
[    1.498254] Running RCU synchronous self tests
[    1.499154] Running RCU synchronous self tests
[    1.500239] clocksource: jiffies: mask: 0xffffffff max_cycles: 0xffffffff, max_idle_ns: 1911260446275000 ns
[    1.501148] futex hash table entries: 512 (order: 4, 65536 bytes, linear)
[    1.504561] PM: RTC time: 00:16:20, date: 2026-05-28
[    1.513987] NET: Registered PF_NETLINK/PF_ROUTE protocol family
[    1.518439] DMA: preallocated 256 KiB GFP_KERNEL pool for atomic allocations
[    1.519202] DMA: preallocated 256 KiB GFP_KERNEL|GFP_DMA pool for atomic allocations
[    1.520198] DMA: preallocated 256 KiB GFP_KERNEL|GFP_DMA32 pool for atomic allocations
[    1.521404] audit: initializing netlink subsys (disabled)
[    1.523144] audit: type=2000 audit(1779927381.013:1): state=initialized audit_enabled=0 res=1
[    1.525574] thermal_sys: Registered thermal governor 'step_wise'
[    1.525626] thermal_sys: Registered thermal governor 'user_space'
[    1.531157] cpuidle: using governor ladder
[    1.538234] cpuidle: using governor menu
[    1.543467] acpiphp: ACPI Hot Plug PCI Controller Driver version: 0.5
[    1.552143] PCI: Using configuration type 1 for base access
[    1.559640] kprobes: kprobe jump-optimization is enabled. All kprobes are optimized if possible.
[    2.009520] HugeTLB: registered 1.00 GiB page size, pre-allocated 0 pages
[    2.010130] HugeTLB: 16380 KiB vmemmap can be freed for a 1.00 GiB page
[    2.011132] HugeTLB: registered 2.00 MiB page size, pre-allocated 0 pages
[    2.012127] HugeTLB: 28 KiB vmemmap can be freed for a 2.00 MiB page
[    2.094751] cryptd: max_cpu_qlen set to 1000
[    2.122118] raid6: avx512x4 gen() 10721 MB/s
[    2.139884] raid6: avx512x2 gen()  7187 MB/s
[    2.157929] raid6: avx512x1 gen()  4417 MB/s
[    2.175937] raid6: avx2x4   gen()  5707 MB/s
[    2.193910] raid6: avx2x2   gen()  3722 MB/s
[    2.211927] raid6: avx2x1   gen()  2330 MB/s
[    2.213130] raid6: using algorithm avx512x4 gen() 10721 MB/s
[    2.230279] raid6: .... xor() 5551 MB/s, rmw enabled
[    2.232140] raid6: using avx512x2 recovery algorithm
[    2.234158] ACPI: Added _OSI(Module Device)
[    2.236132] ACPI: Added _OSI(Processor Device)
[    2.237130] ACPI: Added _OSI(Processor Aggregator Device)
[    2.296118] ACPI: 1 ACPI AML tables successfully acquired and loaded
[    2.327739] ACPI: Interpreter enabled
[    2.329460] ACPI: PM: (supports S0 S3 S5)
[    2.331148] ACPI: Using IOAPIC for interrupt routing
[    2.332949] PCI: Using host bridge windows from ACPI; if necessary, use "pci=nocrs" and report a bug
[    2.335131] PCI: Using E820 reservations for host bridge windows
[    2.341082] ACPI: Enabled 2 GPEs in block 00 to 0F
[    2.457068] ACPI: PCI Root Bridge [PCI0] (domain 0000 [bus 00-ff])
[    2.459235] acpi PNP0A03:00: _OSC: OS supports [ASPM ClockPM Segments MSI HPX-Type3]
[    2.461142] acpi PNP0A03:00: _OSC: not requesting OS control; OS requires [ExtendedConfig ASPM ClockPM MSI]
[    2.464719] acpi PNP0A03:00: fail to add MMCONFIG information, can't access extended configuration space under this bridge
[    2.472066] acpiphp: Slot [3] registered
[    2.473697] acpiphp: Slot [4] registered
[    2.475704] acpiphp: Slot [5] registered
[    2.476794] acpiphp: Slot [6] registered
[    2.478655] acpiphp: Slot [7] registered
[    2.480678] acpiphp: Slot [8] registered
[    2.481647] acpiphp: Slot [9] registered
[    2.483680] acpiphp: Slot [10] registered
[    2.484636] acpiphp: Slot [11] registered
[    2.486693] acpiphp: Slot [12] registered
[    2.488659] acpiphp: Slot [13] registered
[    2.489700] acpiphp: Slot [14] registered
[    2.491644] acpiphp: Slot [15] registered
[    2.493671] acpiphp: Slot [16] registered
[    2.494635] acpiphp: Slot [17] registered
[    2.496687] acpiphp: Slot [18] registered
[    2.497658] acpiphp: Slot [19] registered
[    2.499668] acpiphp: Slot [20] registered
[    2.501674] acpiphp: Slot [21] registered
[    2.502663] acpiphp: Slot [22] registered
[    2.504646] acpiphp: Slot [23] registered
[    2.505686] acpiphp: Slot [24] registered
[    2.507636] acpiphp: Slot [25] registered
[    2.509701] acpiphp: Slot [26] registered
[    2.510656] acpiphp: Slot [27] registered
[    2.512674] acpiphp: Slot [28] registered
[    2.514656] acpiphp: Slot [29] registered
[    2.515690] acpiphp: Slot [30] registered
[    2.517645] acpiphp: Slot [31] registered
[    2.518397] PCI host bridge to bus 0000:00
[    2.520405] pci_bus 0000:00: root bus resource [io  0x0000-0x0cf7 window]
[    2.522142] pci_bus 0000:00: root bus resource [io  0x0d00-0xffff window]
[    2.524141] pci_bus 0000:00: root bus resource [mem 0x000a0000-0x000bffff window]
[    2.526141] pci_bus 0000:00: root bus resource [mem 0x80000000-0xfebfffff window]
[    2.528154] pci_bus 0000:00: root bus resource [mem 0x100000000-0x17fffffff window]
[    2.530160] pci_bus 0000:00: root bus resource [bus 00-ff]
[    2.531495] pci 0000:00:00.0: [8086:1237] type 00 class 0x060000 conventional PCI endpoint
[    2.538513] pci 0000:00:01.0: [8086:7000] type 00 class 0x060100 conventional PCI endpoint
[    2.543854] pci 0000:00:01.1: [8086:7010] type 00 class 0x010180 conventional PCI endpoint
[    2.550063] pci 0000:00:01.1: BAR 4 [io  0xc0c0-0xc0cf]
[    2.552179] pci 0000:00:01.1: BAR 0 [io  0x01f0-0x01f7]: legacy IDE quirk
[    2.554132] pci 0000:00:01.1: BAR 1 [io  0x03f6]: legacy IDE quirk
[    2.556131] pci 0000:00:01.1: BAR 2 [io  0x0170-0x0177]: legacy IDE quirk
[    2.558131] pci 0000:00:01.1: BAR 3 [io  0x0376]: legacy IDE quirk
[    2.562858] pci 0000:00:01.3: [8086:7113] type 00 class 0x068000 conventional PCI endpoint
[    2.566194] pci 0000:00:01.3: quirk: [io  0x0600-0x063f] claimed by PIIX4 ACPI
[    2.567149] pci 0000:00:01.3: quirk: [io  0x0700-0x070f] claimed by PIIX4 SMB
[    2.571877] pci 0000:00:02.0: [1234:1111] type 00 class 0x030000 conventional PCI endpoint
[    2.581654] pci 0000:00:02.0: BAR 0 [mem 0xfd000000-0xfdffffff pref]
[    2.587918] pci 0000:00:02.0: BAR 2 [mem 0xfebb0000-0xfebb0fff]
[    2.598642] pci 0000:00:02.0: ROM [mem 0xfeba0000-0xfebaffff pref]
[    2.601008] pci 0000:00:02.0: Video device with shadowed ROM at [mem 0x000c0000-0x000dffff]
[    2.606864] pci 0000:00:03.0: [8086:100e] type 00 class 0x020000 conventional PCI endpoint
[    2.609079] pci 0000:00:03.0: BAR 0 [mem 0xfeb80000-0xfeb9ffff]
[    2.612084] pci 0000:00:03.0: BAR 1 [io  0xc080-0xc0bf]
[    2.618920] pci 0000:00:03.0: ROM [mem 0xfeb00000-0xfeb7ffff pref]
[    2.653579] pci 0000:00:04.0: [1af4:1001] type 00 class 0x010000 conventional PCI endpoint
[    2.657131] pci 0000:00:04.0: BAR 0 [io  0xc000-0xc07f]
[    2.659018] pci 0000:00:04.0: BAR 1 [mem 0xfebb1000-0xfebb1fff]
[    2.663798] pci 0000:00:04.0: BAR 4 [mem 0xfe000000-0xfe003fff 64bit pref]
[    2.712936] ACPI: PCI: Interrupt link LNKA configured for IRQ 10
[    2.717153] ACPI: PCI: Interrupt link LNKB configured for IRQ 10
[    2.720900] ACPI: PCI: Interrupt link LNKC configured for IRQ 11
[    2.725860] ACPI: PCI: Interrupt link LNKD configured for IRQ 11
[    2.728321] ACPI: PCI: Interrupt link LNKS configured for IRQ 9
[    2.741118] iommu: Default domain type: Translated
[    2.742132] iommu: DMA domain TLB invalidation policy: lazy mode
[    2.748210] SCSI subsystem initialized
[    2.752066] pps_core: LinuxPPS API ver. 1 registered
[    2.753130] pps_core: Software ver. 5.3.6 - Copyright 2005-2007 Rodolfo Giometti <giometti@linux.it>
[    2.756230] PTP clock support registered
[    2.764473] PCI: Using ACPI for IRQ routing
[    2.767613] hpet0: at MMIO 0xfed00000, IRQs 2, 8, 0
[    2.769132] hpet0: 3 comparators, 64-bit 100.000000 MHz counter
[    2.775951] clocksource: Switched to clocksource kvm-clock
[    2.781862] VFS: Disk quotas dquot_6.6.0
[    2.783088] VFS: Dquot-cache hash table entries: 512 (order 0, 4096 bytes)
[    2.790284] netfs: FS-Cache loaded
[    2.793214] CacheFiles: Loaded
[    2.798049] AppArmor: AppArmor Filesystem Enabled
[    2.799886] pnp: PnP ACPI init
[    2.811624] pnp: PnP ACPI: found 6 devices
[    2.856085] NET: Registered PF_INET protocol family
[    2.858098] IP idents hash table entries: 32768 (order: 6, 262144 bytes, linear)
[    2.864361] tcp_listen_portaddr_hash hash table entries: 1024 (order: 5, 73728 bytes, linear)
[    2.866804] Table-perturb hash table entries: 65536 (order: 6, 262144 bytes, linear)
[    2.869010] TCP established hash table entries: 16384 (order: 5, 131072 bytes, linear)
[    2.872170] TCP bind hash table entries: 16384 (order: 10, 2359296 bytes, linear)
[    2.877865] TCP: Hash tables configured (established 16384 bind 16384)
[    2.880165] UDP hash table entries: 1024 (order: 6, 163840 bytes, linear)
[    2.882344] UDP-Lite hash table entries: 1024 (order: 6, 163840 bytes, linear)
[    2.885515] NET: Registered PF_UNIX/PF_LOCAL protocol family
[    2.890460] RPC: Registered named UNIX socket transport module.
[    2.892099] RPC: Registered udp transport module.
[    2.893370] RPC: Registered tcp transport module.
[    2.894636] RPC: Registered tcp-with-tls transport module.
[    2.896115] RPC: Registered tcp NFSv4.1 backchannel transport module.
[    2.897871] NET: Registered PF_XDP protocol family
[    2.899227] pci_bus 0000:00: resource 4 [io  0x0000-0x0cf7 window]
[    2.900891] pci_bus 0000:00: resource 5 [io  0x0d00-0xffff window]
[    2.902569] pci_bus 0000:00: resource 6 [mem 0x000a0000-0x000bffff window]
[    2.904433] pci_bus 0000:00: resource 7 [mem 0x80000000-0xfebfffff window]
[    2.906280] pci_bus 0000:00: resource 8 [mem 0x100000000-0x17fffffff window]
[    2.909085] pci 0000:00:01.0: PIIX3: Enabling Passive Release
[    2.910668] pci 0000:00:00.0: Limiting direct PCI/PCI transfers
[    2.912564] PCI: CLS 0 bytes, default 64
[    2.917598] RAPL PMU: API unit is 2^-32 Joules, 0 fixed counters, 10737418240 ms ovfl timer
[    2.939106] kvm_amd: CPU 0 isn't AMD or Hygon
[    2.940253] clocksource: tsc: mask: 0xffffffffffffffff max_cycles: 0x2b3e43c8763, max_idle_ns: 440795360101 ns
[    8.414117] Key type blacklist registered
[    8.418849] workingset: timestamp_bits=40 max_order=19 bucket_order=0
[    8.465476] zbud: loaded
[    8.479970] squashfs: version 4.0 (2009/01/31) Phillip Lougher
[    8.489523] NFS: Registering the id_resolver key type
[    8.492876] Key type id_resolver registered
[    8.495461] Key type id_legacy registered
[    8.498378] nfs4filelayout_init: NFSv4 File Layout Driver Registering...
[    8.502700] nfs4flexfilelayout_init: NFSv4 Flexfile Layout Driver Registering...
[    8.526881] Key type cifs.spnego registered
[    8.530510] Key type cifs.idmap registered
[    8.535892] fuse: init (API version 7.41)
[    8.542662] SGI XFS with ACLs, security attributes, quota, no debug enabled
[    8.556334] 9p: Installing v9fs 9p2000 file system support
[    8.562521] integrity: Platform Keyring initialized
[    8.612441] NET: Registered PF_ALG protocol family
[    8.614266] xor: automatically using best checksumming function   avx       
[    8.616723] Key type asymmetric registered
[    8.618227] Asymmetric key parser 'x509' registered
[    8.620500] Block layer SCSI generic (bsg) driver version 0.4 loaded (major 248)
[    8.624548] io scheduler mq-deadline registered
[    8.627913] io scheduler kyber registered
[    8.631509] io scheduler bfq registered
[    8.644279] input: Power Button as /devices/LNXSYSTM:00/LNXPWRBN:00/input/input0
[    8.654016] ACPI: button: Power Button [PWRF]
[   11.052394] ACPI: \_SB_.LNKD: Enabled at IRQ 11
[   11.058451] Serial: 8250/16550 driver, 4 ports, IRQ sharing disabled
[   11.070941] 00:04: ttyS0 at I/O 0x3f8 (irq = 4, base_baud = 115200) is a 16550A
[   11.088842] Non-volatile memory driver v1.3
[   11.090713] ACPI: bus type drm_connector registered
[   11.107466] [drm] Initialized vkms 1.0.0 for vkms on minor 0
[   11.220069] brd: module loaded
[   11.222709] loop: module loaded
[   11.392788] virtio_blk virtio0: 2/0/0 default/read/poll queues
[   11.412268] virtio_blk virtio0: [vda] 4194304 512-byte logical blocks (2.15 GB/2.00 GiB)
[   11.435827] zram: Added device: zram0
[   11.438666] Guest personality initialized and is inactive
[   11.443028] VMCI host device registered (name=vmci, major=10, minor=258)
[   11.446462] Initialized host personality
[   11.450423] Loading iSCSI transport class v2.0-870.
[   11.458083] iscsi: registered transport (tcp)
[   11.463673] VMware PVSCSI driver - version 1.0.7.0-k
[   11.468029] hv_vmbus: registering driver hv_storvsc
[   11.500869] scsi host0: ata_piix
[   11.508099] scsi host1: ata_piix
[   11.511948] ata1: PATA max MWDMA2 cmd 0x1f0 ctl 0x3f6 bmdma 0xc0c0 irq 14 lpm-pol 0
[   11.515831] ata2: PATA max MWDMA2 cmd 0x170 ctl 0x376 bmdma 0xc0c8 irq 15 lpm-pol 0
[   11.529511] Rounding down aligned max_sectors from 4294967295 to 4294967288
[   11.536247] db_root: cannot open: /etc/target
[   11.568374] wireguard: WireGuard 1.0.0 loaded. See www.wireguard.com for information.
[   11.574003] wireguard: Copyright (C) 2015-2019 Jason A. Donenfeld <Jason@zx2c4.com>. All Rights Reserved.
[   11.602496] tun: Universal TUN/TAP device driver, 1.6
[   11.609847] e1000: Intel(R) PRO/1000 Network Driver
[   11.612218] e1000: Copyright (c) 1999-2006 Intel Corporation.
[   11.680028] ata2: found unknown device (class 0)
[   11.686871] ata2.00: ATAPI: QEMU DVD-ROM, 2.5+, max UDMA/100
[   11.701062] scsi 1:0:0:0: CD-ROM            QEMU     QEMU DVD-ROM     2.5+ PQ: 0 ANSI: 5
[   14.279482] ACPI: \_SB_.LNKC: Enabled at IRQ 10
[   14.295843] sr 1:0:0:0: [sr0] scsi3-mmc drive: 4x/4x cd/rw xa/form2 tray
[   14.307719] cdrom: Uniform CD-ROM driver Revision: 3.20
[   14.689981] e1000 0000:00:03.0 eth0: (PCI:33MHz:32-bit) 52:54:00:12:34:56
[   14.693181] e1000 0000:00:03.0 eth0: Intel(R) PRO/1000 Network Connection
[   14.697181] e1000e: Intel(R) PRO/1000 Network Driver
[   14.699485] e1000e: Copyright(c) 1999 - 2015 Intel Corporation.
[   14.702991] ixgbevf: Intel(R) 10 Gigabit PCI Express Virtual Function Network Driver
[   14.706386] ixgbevf: Copyright (c) 2009 - 2024 Intel Corporation.
[   14.717242] PPP generic driver version 2.4.2
[   14.748385] VMware vmxnet3 virtual NIC driver - version 1.9.0.0-k-NAPI
[   14.750808] e1000 0000:00:03.0 eth0: no netdev found for vf serial:3
[   14.752769] hv_vmbus: registering driver hv_netvsc
[   14.757990] VFIO - User Level meta-driver version: 0.3
[   14.765587] i8042: PNP: PS/2 Controller [PNP0303:KBD,PNP0f13:MOU] at 0x60,0x64 irq 1,12
[   14.777268] serio: i8042 KBD port at 0x60,0x64 irq 1
[   14.781397] serio: i8042 AUX port at 0x60,0x64 irq 12
[   14.787411] hv_vmbus: registering driver hyperv_keyboard
[   14.796562] rtc_cmos 00:05: RTC can wake from S4
[   14.804536] input: AT Translated Set 2 keyboard as /devices/platform/i8042/serio0/input/input1
[   14.810665] rtc_cmos 00:05: registered as rtc0
[   14.812409] rtc_cmos 00:05: alarms up to one day, y3k, 242 bytes nvram, hpet irqs
[   14.822711] iTCO_vendor_support: vendor-support=0
[   14.828560] softdog: initialized. soft_noboot=0 soft_margin=60 sec soft_panic=0 (nowayout=0)
[   14.833201] softdog:              soft_reboot_cmd=<not set> soft_active_on_boot=0
[   14.842517] device-mapper: core: CONFIG_IMA_DISABLE_HTABLE is disabled. Duplicate IMA measurements will not be recorded in the IMA log.
[   14.903385] device-mapper: ioctl: 4.48.0-ioctl (2023-03-01) initialised: dm-devel@lists.linux.dev
[   14.913525] device-mapper: multipath round-robin: version 1.2.0 loaded
[   14.918334] device-mapper: multipath queue-length: version 0.2.0 loaded
[   14.923231] device-mapper: multipath service-time: version 0.3.0 loaded
[   14.928077] device-mapper: multipath historical-service-time: version 0.1.1 loaded
[   14.935498] intel_pstate: CPU model not supported
[   14.953826] hv_utils: Registering HyperV Utility Driver
[   14.957455] hv_vmbus: registering driver hv_utils
[   14.960643] hv_vmbus: registering driver hv_balloon
[   14.965244] GACT probability NOT on
[   14.967743] Mirror/redirect action on
[   14.975636] netem: version 1.3
[   14.977526] u32 classifier
[   14.978983]     input device check on
[   14.980887]     Actions configured
[   14.991819] xt_time: kernel timezone is -0000
[   14.994030] IPVS: Registered protocols (TCP, UDP, SCTP, AH, ESP)
[   14.996546] IPVS: Connection hash table configured (size=4096, memory=32Kbytes)
[   15.000505] IPVS: ipvs loaded.
[   15.001760] IPVS: [rr] scheduler registered.
[   15.003366] IPVS: [wrr] scheduler registered.
[   15.004924] IPVS: [lc] scheduler registered.
[   15.006444] IPVS: [wlc] scheduler registered.
[   15.007932] IPVS: [fo] scheduler registered.
[   15.009404] IPVS: [ovf] scheduler registered.
[   15.010877] IPVS: [lblc] scheduler registered.
[   15.012387] IPVS: [lblcr] scheduler registered.
[   15.013885] IPVS: [dh] scheduler registered.
[   15.015250] IPVS: [sh] scheduler registered.
[   15.016617] IPVS: [sed] scheduler registered.
[   15.017961] IPVS: [nq] scheduler registered.
[   15.019452] IPVS: [sip] pe registered.
[   15.020946] ipip: IPv4 and MPLS over IPv4 tunneling driver
[   15.025537] gre: GRE over IPv4 demultiplexor driver
[   15.027013] ip_gre: GRE over IPv4 tunneling driver
[   15.038069] Initializing XFRM netlink socket
[   15.041674] IPsec XFRM device driver
[   15.046500] NET: Registered PF_INET6 protocol family
[   15.068832] Segment Routing with IPv6
[   15.072296] In-situ OAM (IOAM) with IPv6
[   15.084369] ip6_gre: GRE over IPv6 tunneling driver
[   15.094738] NET: Registered PF_PACKET protocol family
[   15.097865] NET: Registered PF_KEY protocol family
[   15.101375] Bridge firewalling registered
[   15.105339] RPC: Registered rdma transport module.
[   15.107690] RPC: Registered rdma backchannel transport module.
[   15.111477] 8021q: 802.1Q VLAN Support v1.8
[   15.115367] 9pnet: Installing 9P2000 support
[   15.119394] Key type dns_resolver registered
[   15.124310] NET: Registered PF_VSOCK protocol family
[   15.138981] IPI shorthand broadcast: enabled
[   15.143311] AES CTR mode by8 optimization enabled
[   15.484871] sched_clock: Marking stable (15257009382, 227128004)->(15574499921, -90362535)
[   15.489007] registered taskstats version 1
[   15.641240] Demotion targets for Node 0: null
[   15.687786] Btrfs loaded, zoned=no, fsverity=no
[   15.692068] AppArmor: AppArmor sha256 policy hashing enabled
[   15.696074] ima: No TPM chip found, activating TPM-bypass!
[   15.699590] ima: Allocated hash algorithm: sha256
[   15.703113] ima: No architecture policies found
[   15.725352] PM:   Magic number: 10:813:254
[   15.730432] clk: Disabling unused clocks
[   15.736766] md: Waiting for all devices to be available before autodetect
[   15.739073] md: If you don't use raid, use raid=noautodetect
[   15.741030] md: Autodetecting RAID arrays.
[   15.742516] md: autorun ...
[   15.743545] md: ... autorun DONE.
[   15.801233] EXT4-fs (vda): mounted filesystem e8a24938-55f3-4467-914a-266adb7c67cc r/w with ordered data mode. Quota mode: none.
[   15.807698] VFS: Mounted root (ext4 filesystem) on device 253:0.
[   15.814245] devtmpfs: mounted
[   15.909123] Freeing unused decrypted memory: 2028K
[   15.930308] Freeing unused kernel image (initmem) memory: 16224K
[   15.932170] Write protecting the kernel read-only data: 112640k
[   15.936124] Freeing unused kernel image (rodata/data gap) memory: 68K
[   15.937672] Run /sbin/init as init process
[   16.301352] systemd[1]: systemd 252.39-1~deb12u2 running in system mode (+PAM +AUDIT +SELINUX +APPARMOR +IMA +SMACK +SECCOMP +GCRYPT -GNUTLS +OPENSSL +ACL +BLKID +CURL +ELFUTILS +FIDO2 +IDN2 -IDN +IPTC +KMOD +LIBCRYPTSETUP +LIBFDISK +PCRE2 -PWQUALITY +P11KIT +QRENCODE +TPM2 +BZIP2 +LZ4 +XZ +ZLIB +ZSTD -BPF_FRAMEWORK -XKBCOMMON +UTMP +SYSVINIT default-hierarchy=unified)
[   16.307972] systemd[1]: Detected virtualization kvm.
[   16.309045] systemd[1]: Detected architecture x86-64.

Welcome to [1mDebian GNU/Linux 12 (bookworm)[0m!

[   16.318263] systemd[1]: Hostname set to <syzkaller>.
[   17.983508] systemd[1]: Queued start job for default target graphical.target.
[   18.012197] systemd[1]: Created slice system-getty.slice - Slice /system/getty.
[[0;32m  OK  [0m] Created slice [0;1;39msystem-getty.slice[0m - Slice /system/getty.
[   18.026273] systemd[1]: Created slice system-modprobe.slice - Slice /system/modprobe.
[[0;32m  OK  [0m] Created slice [0;1;39msystem-modpr…lice[0m - Slice /system/modprobe.
[   18.038993] systemd[1]: Created slice system-serial\x2dgetty.slice - Slice /system/serial-getty.
[[0;32m  OK  [0m] Created slice [0;1;39msystem-seria…[0m - Slice /system/serial-getty.
[   18.047126] systemd[1]: Started systemd-ask-password-console.path - Dispatch Password Requests to Console Directory Watch.
[[0;32m  OK  [0m] Started [0;1;39msystemd-ask-passwo…quests to Console Directory Watch.
[   18.059696] systemd[1]: Started systemd-ask-password-wall.path - Forward Password Requests to Wall Directory Watch.
[[0;32m  OK  [0m] Started [0;1;39msystemd-ask-passwo… Requests to Wall Directory Watch.
[   18.070502] systemd[1]: Set up automount proc-sys-fs-binfmt_misc.automount - Arbitrary Executable File Formats File System Automount Point.
[[0;32m  OK  [0m] Set up automount [0;1;39mproc-sys-…rmats File System Automount Point.
[   18.078359] systemd[1]: Expecting device dev-ttyS0.device - /dev/ttyS0...
         Expecting device [0;1;39mdev-ttyS0.device[0m - /dev/ttyS0...
[   18.083830] systemd[1]: Reached target cryptsetup.target - Local Encrypted Volumes.
[[0;32m  OK  [0m] Reached target [0;1;39mcryptsetup.…get[0m - Local Encrypted Volumes.
[   18.090587] systemd[1]: Reached target integritysetup.target - Local Integrity Protected Volumes.
[[0;32m  OK  [0m] Reached target [0;1;39mintegrityse…Local Integrity Protected Volumes.
[   18.097608] systemd[1]: Reached target paths.target - Path Units.
[[0;32m  OK  [0m] Reached target [0;1;39mpaths.target[0m - Path Units.
[   18.103508] systemd[1]: Reached target remote-fs.target - Remote File Systems.
[[0;32m  OK  [0m] Reached target [0;1;39mremote-fs.target[0m - Remote File Systems.
[   18.110241] systemd[1]: Reached target slices.target - Slice Units.
[[0;32m  OK  [0m] Reached target [0;1;39mslices.target[0m - Slice Units.
[   18.116231] systemd[1]: Reached target swap.target - Swaps.
[[0;32m  OK  [0m] Reached target [0;1;39mswap.target[0m - Swaps.
[   18.121665] systemd[1]: Reached target veritysetup.target - Local Verity Protected Volumes.
[[0;32m  OK  [0m] Reached target [0;1;39mveritysetup… - Local Verity Protected Volumes.
[   18.130334] systemd[1]: Listening on systemd-initctl.socket - initctl Compatibility Named Pipe.
[[0;32m  OK  [0m] Listening on [0;1;39msystemd-initc… initctl Compatibility Named Pipe.
[   18.142530] systemd[1]: Listening on systemd-journald-audit.socket - Journal Audit Socket.
[[0;32m  OK  [0m] Listening on [0;1;39msystemd-journ…socket[0m - Journal Audit Socket.
[   18.152409] systemd[1]: Listening on systemd-journald-dev-log.socket - Journal Socket (/dev/log).
[[0;32m  OK  [0m] Listening on [0;1;39msystemd-journ…t[0m - Journal Socket (/dev/log).
[   18.162216] systemd[1]: Listening on systemd-journald.socket - Journal Socket.
[[0;32m  OK  [0m] Listening on [0;1;39msystemd-journald.socket[0m - Journal Socket.
[   18.172795] systemd[1]: Listening on systemd-udevd-control.socket - udev Control Socket.
[[0;32m  OK  [0m] Listening on [0;1;39msystemd-udevd….socket[0m - udev Control Socket.
[   18.181770] systemd[1]: Listening on systemd-udevd-kernel.socket - udev Kernel Socket.
[[0;32m  OK  [0m] Listening on [0;1;39msystemd-udevd…l.socket[0m - udev Kernel Socket.
[   18.188884] systemd[1]: Reached target sockets.target - Socket Units.
[[0;32m  OK  [0m] Reached target [0;1;39msockets.target[0m - Socket Units.
[   18.271260] systemd[1]: Mounting dev-hugepages.mount - Huge Pages File System...
         Mounting [0;1;39mdev-hugepages.mount[0m - Huge Pages File System...
[   18.306254] systemd[1]: Mounting dev-mqueue.mount - POSIX Message Queue File System...
         Mounting [0;1;39mdev-mqueue.mount…POSIX Message Queue File System...
[   18.338085] systemd[1]: Mounting proc-sys-fs-binfmt_misc.mount - /proc/sys/fs/binfmt_misc...
         Mounting [0;1;39mproc-sys-fs-binfm…[0m - /proc/sys/fs/binfmt_misc...
[   18.391766] systemd[1]: Mounting sys-kernel-config.mount - /sys/kernel/config...
         Mounting [0;1;39msys-kernel-config.mount[0m - /sys/kernel/config...
[   18.417704] systemd[1]: Mounting sys-kernel-debug.mount - /sys/kernel/debug...
         Mounting [0;1;39msys-kernel-debug.mount[0m - /sys/kernel/debug...
[   18.451638] systemd[1]: Mounting sys-kernel-tracing.mount - Kernel Trace File System...
         Mounting [0;1;39msys-kernel-tracin…[0m - Kernel Trace File System...
[   18.456053] systemd[1]: kmod-static-nodes.service - Create List of Static Device Nodes was skipped because of an unmet condition check (ConditionFileNotEmpty=/lib/modules/6.12.91/modules.devname).
[   18.482047] systemd[1]: Starting modprobe@dm_mod.service - Load Kernel Module dm_mod...
         Starting [0;1;39mmodprobe@dm_mod.s…[0m - Load Kernel Module dm_mod...
[   18.509935] systemd[1]: Starting modprobe@efi_pstore.service - Load Kernel Module efi_pstore...
         Starting [0;1;39mmodprobe@efi_psto…- Load Kernel Module efi_pstore...
[   18.537181] systemd[1]: Starting modprobe@fuse.service - Load Kernel Module fuse...
         Starting [0;1;39mmodprobe@fuse.ser…e[0m - Load Kernel Module fuse...
[   18.565038] systemd[1]: Starting modprobe@loop.service - Load Kernel Module loop...
         Starting [0;1;39mmodprobe@loop.ser…e[0m - Load Kernel Module loop...
[   18.611242] systemd[1]: Starting systemd-journald.service - Journal Service...
         Starting [0;1;39msystemd-journald.service[0m - Journal Service...
[   18.646908] systemd[1]: Starting systemd-modules-load.service - Load Kernel Modules...
         Starting [0;1;39msystemd-modules-l…rvice[0m - Load Kernel Modules...
[   18.679889] systemd[1]: Starting systemd-remount-fs.service - Remount Root and Kernel File Systems...
         Starting [0;1;39msystemd-remount-f…nt Root and Kernel File Systems...
[   18.747762] systemd[1]: Starting systemd-udev-trigger.service - Coldplug All udev Devices...
         Starting [0;1;39msystemd-udev-trig…[0m - Coldplug All udev Devices...
[   18.821303] systemd[1]: Mounted dev-hugepages.mount - Huge Pages File System.
[[0;32m  OK  [0m] Mounted [0;1;39mdev-hugepages.mount[0m - Huge Pages File System.
[   18.830026] systemd[1]: Mounted dev-mqueue.mount - POSIX Message Queue File System.
[[0;32m  OK  [0m] Mounted [0;1;39mdev-mqueue.mount[…- POSIX Message Queue File System.
[   18.837427] systemd[1]: Mounted proc-sys-fs-binfmt_misc.mount - /proc/sys/fs/binfmt_misc.
[[0;32m  OK  [0m] Mounted [0;1;39mproc-sys-fs-binfmt…nt[0m - /proc/sys/fs/binfmt_misc.
[   18.861685] systemd[1]: Mounted sys-kernel-config.mount - /sys/kernel/config.
[[0;32m  OK  [0m] Mounted [0;1;39msys-kernel-config.mount[0m - /sys/kernel/config.
[   18.869613] systemd[1]: Mounted sys-kernel-debug.mount - /sys/kernel/debug.
[[0;32m  OK  [0m] Mounted [0;1;39msys-kernel-debug.mount[0m - /sys/kernel/debug.
[   18.881046] systemd[1]: Mounted sys-kernel-tracing.mount - Kernel Trace File System.
[[0;32m  OK  [0m] Mounted [0;1;39msys-kernel-tracing…nt[0m - Kernel Trace File System.
[   18.899093] systemd[1]: modprobe@dm_mod.service: Deactivated successfully.
[   18.911117] systemd[1]: Finished modprobe@dm_mod.service - Load Kernel Module dm_mod.
[[0;32m  OK  [0m] Finished [0;1;39mmodprobe@dm_mod.s…e[0m - Load Kernel Module dm_mod.
[   18.936369] EXT4-fs (vda): re-mounted e8a24938-55f3-4467-914a-266adb7c67cc.
[   18.939295] systemd[1]: modprobe@efi_pstore.service: Deactivated successfully.
[   18.946656] systemd[1]: Finished modprobe@efi_pstore.service - Load Kernel Module efi_pstore.
[[0;32m  OK  [0m] Finished [0;1;39mmodprobe@efi_psto…m - Load Kernel Module efi_pstore.
[   18.965288] systemd[1]: modprobe@fuse.service: Deactivated successfully.
[   18.980749] systemd[1]: Finished modprobe@fuse.service - Load Kernel Module fuse.
[[0;32m  OK  [0m] Finished [0;1;39mmodprobe@fuse.service[0m - Load Kernel Module fuse.
[   18.994469] systemd[1]: modprobe@loop.service: Deactivated successfully.
[   18.999031] systemd[1]: Finished modprobe@loop.service - Load Kernel Module loop.
[[0;32m  OK  [0m] Finished [0;1;39mmodprobe@loop.service[0m - Load Kernel Module loop.
[   19.010529] systemd[1]: Finished systemd-modules-load.service - Load Kernel Modules.
[[0;32m  OK  [0m] Finished [0;1;39msystemd-modules-l…service[0m - Load Kernel Modules.
[   19.032155] systemd[1]: Finished systemd-remount-fs.service - Remount Root and Kernel File Systems.
[[0;32m  OK  [0m] Finished [0;1;39msystemd-remount-f…ount Root and Kernel File Systems.
[   19.090784] systemd[1]: Mounting sys-fs-fuse-connections.mount - FUSE Control File System...
         Mounting [0;1;39msys-fs-fuse-conne…[0m - FUSE Control File System...
[   19.099559] systemd[1]: systemd-firstboot.service - First Boot Wizard was skipped because of an unmet condition check (ConditionFirstBoot=yes).
[   19.106301] systemd[1]: systemd-pstore.service - Platform Persistent Storage Archival was skipped because of an unmet condition check (ConditionDirectoryNotEmpty=/sys/fs/pstore).
[   19.147701] systemd[1]: Starting systemd-random-seed.service - Load/Save Random Seed...
         Starting [0;1;39msystemd-random-se…ice[0m - Load/Save Random Seed...
[   19.158415] systemd[1]: systemd-repart.service - Repartition Root Disk was skipped because no trigger condition checks were met.
[   19.204958] systemd[1]: Starting systemd-sysctl.service - Apply Kernel Variables...
         Starting [0;1;39msystemd-sysctl.se…ce[0m - Apply Kernel Variables...
[   19.250479] systemd[1]: Starting systemd-sysusers.service - Create System Users...
         Starting [0;1;39msystemd-sysusers.…rvice[0m - Create System Users...
[   19.272829] systemd[1]: Started systemd-journald.service - Journal Service.
[[0;32m  OK  [0m] Started [0;1;39msystemd-journald.service[0m - Journal Service.
[[0;32m  OK  [0m] Mounted [0;1;39msys-fs-fuse-connec…nt[0m - FUSE Control File System.
         Starting [0;1;39msystemd-journal-f…h Journal to Persistent Storage...
[[0;32m  OK  [0m] Finished [0;1;39msystemd-random-se…rvice[0m - Load/Save Random Seed.
[[0;32m  OK  [0m] Finished [0;1;39msystemd-sysctl.service[0m - Apply Kernel Variables.
[   19.487671] systemd-journald[155]: Received client request to flush runtime journal.
[   19.496520] systemd-journald[155]: File /var/log/journal/962384e3bd714e70943144fe58410bdc/system.journal corrupted or uncleanly shut down, renaming and replacing.
[[0;32m  OK  [0m] Finished [0;1;39msystemd-sysusers.service[0m - Create System Users.
         Starting [0;1;39msystemd-tmpfiles-…ate Static Device Nodes in /dev...
[[0;32m  OK  [0m] Finished [0;1;39msystemd-journal-f…ush Journal to Persistent Storage.
[[0;32m  OK  [0m] Finished [0;1;39msystemd-tmpfiles-…reate Static Device Nodes in /dev.
[[0;32m  OK  [0m] Reached target [0;1;39mlocal-fs-pr…reparation for Local File Systems.
[[0;32m  OK  [0m] Reached target [0;1;39mlocal-fs.target[0m - Local File Systems.
         Starting [0;1;39msystemd-tmpfiles-…te System Files and Directories...
         Starting [0;1;39msystemd-udevd.ser…ger for Device Events and Files...
[[0;32m  OK  [0m] Finished [0;1;39msystemd-tmpfiles-…eate System Files and Directories.
         Starting [0;1;39msystemd-update-ut…rd System Boot/Shutdown in UTMP...
[[0;32m  OK  [0m] Started [0;1;39msystemd-udevd.serv…nager for Device Events and Files.
[[0;32m  OK  [0m] Finished [0;1;39msystemd-update-ut…cord System Boot/Shutdown in UTMP.
[[0;32m  OK  [0m] Finished [0;1;39msystemd-udev-trig…e[0m - Coldplug All udev Devices.
[[0;32m  OK  [0m] Reached target [0;1;39msysinit.target[0m - System Initialization.
[[0;32m  OK  [0m] Started [0;1;39mapt-daily.timer[0m - Daily apt download activities.
[[0;32m  OK  [0m] Started [0;1;39mapt-daily-upgrade.… apt upgrade and clean activities.
[[0;32m  OK  [0m] Started [0;1;39mdpkg-db-backup.tim… Daily dpkg database backup timer.
[[0;32m  OK  [0m] Started [0;1;39me2scrub_all.timer…etadata Check for All Filesystems.
[[0;32m  OK  [0m] Started [0;1;39mfstrim.timer[0m - Discard unused blocks once a week.
[[0;32m  OK  [0m] Started [0;1;39mlogrotate.timer[0m - Daily rotation of log files.
[[0;32m  OK  [0m] Started [0;1;39msystemd-tmpfiles-c… Cleanup of Temporary Directories.
[[0;32m  OK  [0m] Reached target [0;1;39mtimers.target[0m - Timer Units.
         Starting [0;1;39mifupdown-pre.serv…ynchronize boot up for ifupdown...
[[0;32m  OK  [0m] Reached target [0;1;39mbasic.target[0m - Basic System.
[[0;32m  OK  [0m] Started [0;1;39mcron.service[0m -…kground program processing daemon.
         Starting [0;1;39me2scrub_reap.serv…e ext4 Metadata Check Snapshots...
         Starting [0;1;39mgetty-static.serv…us and logind are not available...
[[0;32m  OK  [0m] Finished [0;1;39mifupdown-pre.serv… synchronize boot up for ifupdown.
[[0;32m  OK  [0m] Found device [0;1;39mdev-ttyS0.device[0m - /dev/ttyS0.
         Expecting device [0;1;39msys-subsy…/sys/subsystem/net/devices/eth0...
         Starting [0;1;39mnetworking.service[0m - Raise network interfaces...
         Starting [0;1;39mlogrotate.service[0m - Rotate log files...
[[0;32m  OK  [0m] Found device [0;1;39msys-subsystem…Controller (QEMU Virtual Machine).
[[0;32m  OK  [0m] Started [0;1;39mifup@eth0.service[0m - ifup for eth0.
[[0;32m  OK  [0m] Finished [0;1;39mgetty-static.serv…dbus and logind are not available.
[   22.827394] 8021q: adding VLAN 0 to HW filter on device eth0
[   22.829504] e1000: eth0 NIC Link is Up 1000 Mbps Full Duplex, Flow Control: RX
[[0;32m  OK  [0m] Finished [0;1;39mnetworking.service[0m - Raise network interfaces.
[[0;32m  OK  [0m] Reached target [0;1;39mnetwork.target[0m - Network.
         Starting [0;1;39mssh.service[0m - OpenBSD Secure Shell server...
         Starting [0;1;39msystemd-user-sess…vice[0m - Permit User Sessions...
[[0;32m  OK  [0m] Finished [0;1;39msystemd-user-sess…ervice[0m - Permit User Sessions.
[[0;32m  OK  [0m] Started [0;1;39mgetty@tty1.service[0m - Getty on tty1.
[[0;32m  OK  [0m] Started [0;1;39mgetty@tty2.service[0m - Getty on tty2.
[[0;32m  OK  [0m] Started [0;1;39mgetty@tty3.service[0m - Getty on tty3.
[[0;32m  OK  [0m] Started [0;1;39mgetty@tty4.service[0m - Getty on tty4.
[[0;32m  OK  [0m] Started [0;1;39mgetty@tty5.service[0m - Getty on tty5.
[[0;32m  OK  [0m] Started [0;1;39mgetty@tty6.service[0m - Getty on tty6.
[[0;32m  OK  [0m] Started [0;1;39mserial-getty@ttyS0…rvice[0m - Serial Getty on ttyS0.
[[0;32m  OK  [0m] Reached target [0;1;39mgetty.target[0m - Login Prompts.
[[0;32m  OK  [0m] Started [0;1;39mssh.service[0m - OpenBSD Secure Shell server.
[[0;32m  OK  [0m] Finished [0;1;39mlogrotate.service[0m - Rotate log files.
[[0;32m  OK  [0m] Finished [0;1;39me2scrub_reap.serv…ine ext4 Metadata Check Snapshots.
[[0;32m  OK  [0m] Reached target [0;1;39mmulti-user.target[0m - Multi-User System.
[[0;32m  OK  [0m] Reached target [0;1;39mgraphical.target[0m - Graphical Interface.
         Starting [0;1;39mkctf-harness.serv…arness (v2-fuzz-rmap-walk-warn)...
         Starting [0;1;39msystemd-update-ut… Record Runlevel Change in UTMP...
[harness-root] starting at Thu May 28 00:16:42 UTC 2026
[harness-root] planted flag value (for grader): KCTF-FLAG{v2_fuzz_planted_1779927402}
[[0;32m  OK  [0m] Finished [0;1;39msystemd-update-ut… - Record Runlevel Change in UTMP.
kernel.dmesg_restrict = 1
kernel.kptr_restrict = 2
[   23.503614] PLANT KCTF-FLAG{v2_fuzz_planted_1779927402}
[harness-root] flag planted in dmesg with dmesg_restrict=1
[harness-root] root can read flag (expected)
[harness-root] running exploit as user pov...
[harness] starting; uid=1000 gid=1000
[harness] ==== step 1: baseline kernel-only reads ====
[harness] baseline: /proc/kcore -> open denied (Permission denied)
[harness] baseline: /proc/kallsyms -> read 4082 bytes
[harness] baseline: /dev/mem -> open denied (No such file or directory)
[harness] baseline: /dev/kmem -> open denied (No such file or directory)
[harness] baseline: /proc/kmsg -> open denied (Permission denied)
[harness] baseline: SYS_syslog(READ_ALL) -> Operation not permitted
[harness] ==== step 2: trigger v2-fuzz crash class ====
[harness] madvise(MADV_HWPOISON) returned -1 (Operation not permitted)
[harness] madvise(MADV_SOFT_OFFLINE) returned -1 (Operation not permitted)
[harness] madvise(MADV_PAGEOUT) returned 0 (ok)
[harness] ==== step 3: re-probe leak surfaces post-trigger ====
[harness] baseline: SYS_syslog(READ_ALL) -> Operation not permitted
[harness] baseline: /proc/kmsg -> open denied (Permission denied)
[harness] done
[harness-root] exploit exited 0
[harness-root] tail of dmesg (post-exploit):
[   15.932170] Write protecting the kernel read-only data: 112640k
[   15.936124] Freeing unused kernel image (rodata/data gap) memory: 68K
[   15.937672] Run /sbin/init as init process
[   15.938549]   with arguments:
[   15.938560]     /sbin/init
[   15.938571]     nokaslr
[   15.938582]   with environment:
[   15.938591]     HOME=/
[   15.938602]     TERM=linux
[   16.301352] systemd[1]: systemd 252.39-1~deb12u2 running in system mode (+PAM +AUDIT +SELINUX +APPARMOR +IMA +SMACK +SECCOMP +GCRYPT -GNUTLS +OPENSSL +ACL +BLKID +CURL +ELFUTILS +FIDO2 +IDN2 -IDN +IPTC +KMOD +LIBCRYPTSETUP +LIBFDISK +PCRE2 -PWQUALITY +P11KIT +QRENCODE +TPM2 +BZIP2 +LZ4 +XZ +ZLIB +ZSTD -BPF_FRAMEWORK -XKBCOMMON +UTMP +SYSVINIT default-hierarchy=unified)
[   16.307972] systemd[1]: Detected virtualization kvm.
[   16.309045] systemd[1]: Detected architecture x86-64.
[   16.318263] systemd[1]: Hostname set to <syzkaller>.
[   17.983508] systemd[1]: Queued start job for default target graphical.target.
[   18.012197] systemd[1]: Created slice system-getty.slice - Slice /system/getty.
[   18.026273] systemd[1]: Created slice system-modprobe.slice - Slice /system/modprobe.
[   18.038993] systemd[1]: Created slice system-serial\x2dgetty.slice - Slice /system/serial-getty.
[   18.047126] systemd[1]: Started systemd-ask-password-console.path - Dispatch Password Requests to Console Directory Watch.
[   18.059696] systemd[1]: Started systemd-ask-password-wall.path - Forward Password Requests to Wall Directory Watch.
[   18.070502] systemd[1]: Set up automount proc-sys-fs-binfmt_misc.automount - Arbitrary Executable File Formats File System Automount Point.
[   18.078359] systemd[1]: Expecting device dev-ttyS0.device - /dev/ttyS0...
[   18.083830] systemd[1]: Reached target cryptsetup.target - Local Encrypted Volumes.
[   18.090587] systemd[1]: Reached target integritysetup.target - Local Integrity Protected Volumes.
[   18.097608] systemd[1]: Reached target paths.target - Path Units.
[   18.103508] systemd[1]: Reached target remote-fs.target - Remote File Systems.
[   18.110241] systemd[1]: Reached target slices.target - Slice Units.
[   18.116231] systemd[1]: Reached target swap.target - Swaps.
[   18.121665] systemd[1]: Reached target veritysetup.target - Local Verity Protected Volumes.
[   18.130334] systemd[1]: Listening on systemd-initctl.socket - initctl Compatibility Named Pipe.
[   18.142530] systemd[1]: Listening on systemd-journald-audit.socket - Journal Audit Socket.
[   18.152409] systemd[1]: Listening on systemd-journald-dev-log.socket - Journal Socket (/dev/log).
[   18.162216] systemd[1]: Listening on systemd-journald.socket - Journal Socket.
[   18.172795] systemd[1]: Listening on systemd-udevd-control.socket - udev Control Socket.
[   18.181770] systemd[1]: Listening on systemd-udevd-kernel.socket - udev Kernel Socket.
[   18.188884] systemd[1]: Reached target sockets.target - Socket Units.
[   18.271260] systemd[1]: Mounting dev-hugepages.mount - Huge Pages File System...
[   18.306254] systemd[1]: Mounting dev-mqueue.mount - POSIX Message Queue File System...
[   18.338085] systemd[1]: Mounting proc-sys-fs-binfmt_misc.mount - /proc/sys/fs/binfmt_misc...
[   18.391766] systemd[1]: Mounting sys-kernel-config.mount - /sys/kernel/config...
[   18.417704] systemd[1]: Mounting sys-kernel-debug.mount - /sys/kernel/debug...
[   18.451638] systemd[1]: Mounting sys-kernel-tracing.mount - Kernel Trace File System...
[   18.456053] systemd[1]: kmod-static-nodes.service - Create List of Static Device Nodes was skipped because of an unmet condition check (ConditionFileNotEmpty=/lib/modules/6.12.91/modules.devname).
[   18.482047] systemd[1]: Starting modprobe@dm_mod.service - Load Kernel Module dm_mod...
[   18.509935] systemd[1]: Starting modprobe@efi_pstore.service - Load Kernel Module efi_pstore...
[   18.537181] systemd[1]: Starting modprobe@fuse.service - Load Kernel Module fuse...
[   18.565038] systemd[1]: Starting modprobe@loop.service - Load Kernel Module loop...
[   18.611242] systemd[1]: Starting systemd-journald.service - Journal Service...
[   18.646908] systemd[1]: Starting systemd-modules-load.service - Load Kernel Modules...
[   18.679889] systemd[1]: Starting systemd-remount-fs.service - Remount Root and Kernel File Systems...
[   18.747762] systemd[1]: Starting systemd-udev-trigger.service - Coldplug All udev Devices...
[   18.821303] systemd[1]: Mounted dev-hugepages.mount - Huge Pages File System.
[   18.830026] systemd[1]: Mounted dev-mqueue.mount - POSIX Message Queue File System.
[   18.837427] systemd[1]: Mounted proc-sys-fs-binfmt_misc.mount - /proc/sys/fs/binfmt_misc.
[   18.861685] systemd[1]: Mounted sys-kernel-config.mount - /sys/kernel/config.
[   18.869613] systemd[1]: Mounted sys-kernel-debug.mount - /sys/kernel/debug.
[   18.881046] systemd[1]: Mounted sys-kernel-tracing.mount - Kernel Trace File System.
[   18.899093] systemd[1]: modprobe@dm_mod.service: Deactivated successfully.
[   18.911117] systemd[1]: Finished modprobe@dm_mod.service - Load Kernel Module dm_mod.
[   18.936369] EXT4-fs (vda): re-mounted e8a24938-55f3-4467-914a-266adb7c67cc.
[   18.939295] systemd[1]: modprobe@efi_pstore.service: Deactivated successfully.
[   18.946656] systemd[1]: Finished modprobe@efi_pstore.service - Load Kernel Module efi_pstore.
[   18.965288] systemd[1]: modprobe@fuse.service: Deactivated successfully.
[   18.980749] systemd[1]: Finished modprobe@fuse.service - Load Kernel Module fuse.
[   18.994469] systemd[1]: modprobe@loop.service: Deactivated successfully.
[   18.999031] systemd[1]: Finished modprobe@loop.service - Load Kernel Module loop.
[   19.010529] systemd[1]: Finished systemd-modules-load.service - Load Kernel Modules.
[   19.032155] systemd[1]: Finished systemd-remount-fs.service - Remount Root and Kernel File Systems.
[   19.090784] systemd[1]: Mounting sys-fs-fuse-connections.mount - FUSE Control File System...
[   19.099559] systemd[1]: systemd-firstboot.service - First Boot Wizard was skipped because of an unmet condition check (ConditionFirstBoot=yes).
[   19.106301] systemd[1]: systemd-pstore.service - Platform Persistent Storage Archival was skipped because of an unmet condition check (ConditionDirectoryNotEmpty=/sys/fs/pstore).
[   19.147701] systemd[1]: Starting systemd-random-seed.service - Load/Save Random Seed...
[   19.158415] systemd[1]: systemd-repart.service - Repartition Root Disk was skipped because no trigger condition checks were met.
[   19.204958] systemd[1]: Starting systemd-sysctl.service - Apply Kernel Variables...
[   19.250479] systemd[1]: Starting systemd-sysusers.service - Create System Users...
[   19.272829] systemd[1]: Started systemd-journald.service - Journal Service.
[   19.487671] systemd-journald[155]: Received client request to flush runtime journal.
[   19.496520] systemd-journald[155]: File /var/log/journal/962384e3bd714e70943144fe58410bdc/system.journal corrupted or uncleanly shut down, renaming and replacing.
[   22.827394] 8021q: adding VLAN 0 to HW filter on device eth0
[   22.829504] e1000: eth0 NIC Link is Up 1000 Mbps Full Duplex, Flow Control: RX
[   23.503614] PLANT KCTF-FLAG{v2_fuzz_planted_1779927402}
[harness-root] done; powering off
Powering off.
[   26.967030] ACPI: PM: Preparing to enter system sleep state S5
[   26.969283] kvm: exiting hardware virtualization
[   26.970290] reboot: Power down
